<!doctype html public "-//w3c//dtd html 4.0 transitional//en">
<html><head>
<title>Static Call Graph - [.\rvmdk\Experiment.axf]</title></head>
<body><HR>
<H1>Static Call Graph for image .\rvmdk\Experiment.axf</H1><HR>
<BR><P>#&#060CALLGRAPH&#062# ARM Linker, 4.1 [Build 644]: Last Updated: Thu Jun 07 14:05:11 2012
<BR><P>
<H3>Maximum Stack Usage =        240 bytes + Unknown(Functions without stacksize, Cycles, Untraceable Function Pointers)</H3><H3>
Call chain for Maximum Stack Depth:</H3>
main &rArr; LCDSystemCheckInformationDisplay &rArr; GrStringDraw &rArr; GrLineDrawH
<P>
<H3>
Functions with no stack information
</H3><UL>
 <LI><a href="#[14]">Reset_Handler</a>
 <LI><a href="#[1]">NmiSR</a>
 <LI><a href="#[2]">FaultISR</a>
 <LI><a href="#[3]">IntDefaultHandler</a>
</UL>
</UL>
<P>
<H3>
Mutually Recursive functions
</H3> <LI><a href="#[4d]">UARTCharPut</a>&nbsp;&nbsp;&nbsp;&rArr;&nbsp;&nbsp;&nbsp;<a href="#[4d]">UARTCharPut</a><BR>
 <LI><a href="#[49]">UARTConfigSetExpClk</a>&nbsp;&nbsp;&nbsp;&rArr;&nbsp;&nbsp;&nbsp;<a href="#[49]">UARTConfigSetExpClk</a><BR>
 <LI><a href="#[18]">SysCtlDelay</a>&nbsp;&nbsp;&nbsp;&rArr;&nbsp;&nbsp;&nbsp;<a href="#[18]">SysCtlDelay</a><BR>
 <LI><a href="#[1]">NmiSR</a>&nbsp;&nbsp;&nbsp;&rArr;&nbsp;&nbsp;&nbsp;<a href="#[1]">NmiSR</a><BR>
 <LI><a href="#[2]">FaultISR</a>&nbsp;&nbsp;&nbsp;&rArr;&nbsp;&nbsp;&nbsp;<a href="#[2]">FaultISR</a><BR>
 <LI><a href="#[3]">IntDefaultHandler</a>&nbsp;&nbsp;&nbsp;&rArr;&nbsp;&nbsp;&nbsp;<a href="#[3]">IntDefaultHandler</a><BR>
</UL>
<P>
<H3>
Function Pointers
</H3><UL>
 <LI><a href="#[7]">ADC_Sequence_0_ISR</a> from adcisr.o(.text) referenced from startup.o(RESET)
 <LI><a href="#[8]">ADC_Sequence_1_ISR</a> from adcisr.o(.text) referenced from startup.o(RESET)
 <LI><a href="#[2]">FaultISR</a> from startup.o(RESET) referenced from startup.o(RESET)
 <LI><a href="#[6]">I2C0_ISR</a> from i2cisr.o(.text) referenced from startup.o(RESET)
 <LI><a href="#[3]">IntDefaultHandler</a> from startup.o(RESET) referenced 48 times from startup.o(RESET)
 <LI><a href="#[12]">Kitronix320x240x16_SSD2119ColorTranslate</a> from lcdconfigure.o(.text) referenced from lcdconfigure.o(.constdata)
 <LI><a href="#[13]">Kitronix320x240x16_SSD2119Flush</a> from lcdconfigure.o(.text) referenced from lcdconfigure.o(.constdata)
 <LI><a href="#[f]">Kitronix320x240x16_SSD2119LineDrawH</a> from lcdconfigure.o(.text) referenced from lcdconfigure.o(.constdata)
 <LI><a href="#[10]">Kitronix320x240x16_SSD2119LineDrawV</a> from lcdconfigure.o(.text) referenced from lcdconfigure.o(.constdata)
 <LI><a href="#[d]">Kitronix320x240x16_SSD2119PixelDraw</a> from lcdconfigure.o(.text) referenced from lcdconfigure.o(.constdata)
 <LI><a href="#[e]">Kitronix320x240x16_SSD2119PixelDrawMultiple</a> from lcdconfigure.o(.text) referenced from lcdconfigure.o(.constdata)
 <LI><a href="#[11]">Kitronix320x240x16_SSD2119RectFill</a> from lcdconfigure.o(.text) referenced from lcdconfigure.o(.constdata)
 <LI><a href="#[1]">NmiSR</a> from startup.o(RESET) referenced from startup.o(RESET)
 <LI><a href="#[14]">Reset_Handler</a> from startup.o(RESET) referenced from startup.o(RESET)
 <LI><a href="#[4]">SysTick_ISR</a> from systickisr.o(.text) referenced from startup.o(RESET)
 <LI><a href="#[9]">Timer0A_ISR</a> from timerisr.o(.text) referenced from startup.o(RESET)
 <LI><a href="#[a]">Timer1A_ISR</a> from timerisr.o(.text) referenced from startup.o(RESET)
 <LI><a href="#[5]">UART0_ISR</a> from uartisr.o(.text) referenced from startup.o(RESET)
 <LI><a href="#[c]">_sputc</a> from printfa.o(i._sputc) referenced from printfa.o(i.__0sprintf)
 <LI><a href="#[b]">main</a> from main.o(.text) referenced from entry7.o(.ARM.Collect$$$$00000007)
</UL>
<P>
<H3>
Global Symbols
</H3>
<P><STRONG><a name="[14]"></a>Reset_Handler</STRONG> (Thumb, 0 bytes, Stack size unknown bytes, startup.o(RESET))
<BR><BR>[Calls]<UL><LI><a href="#[15]">&gt;&gt;</a>&nbsp;&nbsp;&nbsp;__main
</UL>

<P><STRONG><a name="[15]"></a>__main</STRONG> (Thumb, 0 bytes, Stack size unknown bytes, entry.o(.ARM.Collect$$$$00000000))
<BR><BR>[Called By]<UL><LI><a href="#[14]">&gt;&gt;</a>&nbsp;&nbsp;&nbsp;Reset_Handler
</UL>

<P><STRONG><a name="[95]"></a>_main_stk</STRONG> (Thumb, 0 bytes, Stack size unknown bytes, entry2.o(.ARM.Collect$$$$00000001))

<P><STRONG><a name="[16]"></a>_main_scatterload</STRONG> (Thumb, 0 bytes, Stack size unknown bytes, entry5.o(.ARM.Collect$$$$00000004))
<BR><BR>[Calls]<UL><LI><a href="#[17]">&gt;&gt;</a>&nbsp;&nbsp;&nbsp;__scatterload
</UL>

<P><STRONG><a name="[8a]"></a>__main_after_scatterload</STRONG> (Thumb, 0 bytes, Stack size unknown bytes, entry5.o(.ARM.Collect$$$$00000004))
<BR><BR>[Called By]<UL><LI><a href="#[17]">&gt;&gt;</a>&nbsp;&nbsp;&nbsp;__scatterload
</UL>

<P><STRONG><a name="[96]"></a>_main_init</STRONG> (Thumb, 0 bytes, Stack size unknown bytes, entry7.o(.ARM.Collect$$$$00000007))

<P><STRONG><a name="[18]"></a>SysCtlDelay</STRONG> (Thumb, 6 bytes, Stack size 0 bytes, sysctl.o(.emb_text))
<BR><BR>[Calls]<UL><LI><a href="#[18]">&gt;&gt;</a>&nbsp;&nbsp;&nbsp;SysCtlDelay
</UL>
<BR>[Called By]<UL><LI><a href="#[42]">&gt;&gt;</a>&nbsp;&nbsp;&nbsp;SysCtlClockSet
<LI><a href="#[18]">&gt;&gt;</a>&nbsp;&nbsp;&nbsp;SysCtlDelay
<LI><a href="#[21]">&gt;&gt;</a>&nbsp;&nbsp;&nbsp;PWMInitial
<LI><a href="#[20]">&gt;&gt;</a>&nbsp;&nbsp;&nbsp;LCDInitial
<LI><a href="#[22]">&gt;&gt;</a>&nbsp;&nbsp;&nbsp;I2C0PullUpTest
<LI><a href="#[23]">&gt;&gt;</a>&nbsp;&nbsp;&nbsp;I2C0MasterInitial
<LI><a href="#[1a]">&gt;&gt;</a>&nbsp;&nbsp;&nbsp;GPIOInitial
</UL>

<P><STRONG><a name="[97]"></a>CPUcpsid</STRONG> (Thumb, 8 bytes, Stack size 0 bytes, cpu.o(.emb_text), UNUSED)

<P><STRONG><a name="[98]"></a>CPUprimask</STRONG> (Thumb, 6 bytes, Stack size 0 bytes, cpu.o(.emb_text), UNUSED)

<P><STRONG><a name="[8d]"></a>CPUcpsie</STRONG> (Thumb, 8 bytes, Stack size 0 bytes, cpu.o(.emb_text))
<BR><BR>[Called By]<UL><LI><a href="#[26]">&gt;&gt;</a>&nbsp;&nbsp;&nbsp;IntMasterEnable
</UL>

<P><STRONG><a name="[99]"></a>CPUwfi</STRONG> (Thumb, 4 bytes, Stack size 0 bytes, cpu.o(.emb_text), UNUSED)

<P><STRONG><a name="[b]"></a>main</STRONG> (Thumb, 906 bytes, Stack size 16 bytes, main.o(.text))
<BR><BR>[Stack]<UL><LI>Max Depth = 240<LI>Call Chain = main &rArr; LCDSystemCheckInformationDisplay &rArr; GrStringDraw &rArr; GrLineDrawH
</UL>
<BR>[Calls]<UL><LI><a href="#[31]">&gt;&gt;</a>&nbsp;&nbsp;&nbsp;__aeabi_ui2f
<LI><a href="#[33]">&gt;&gt;</a>&nbsp;&nbsp;&nbsp;__aeabi_f2d
<LI><a href="#[32]">&gt;&gt;</a>&nbsp;&nbsp;&nbsp;__ARM_scalbnf
<LI><a href="#[28]">&gt;&gt;</a>&nbsp;&nbsp;&nbsp;UARTSystemCheckInformationTransmit
<LI><a href="#[2b]">&gt;&gt;</a>&nbsp;&nbsp;&nbsp;UARTStringPut
<LI><a href="#[1d]">&gt;&gt;</a>&nbsp;&nbsp;&nbsp;UART0Initial
<LI><a href="#[1c]">&gt;&gt;</a>&nbsp;&nbsp;&nbsp;TimerInitial
<LI><a href="#[2f]">&gt;&gt;</a>&nbsp;&nbsp;&nbsp;TimerEnable
<LI><a href="#[1b]">&gt;&gt;</a>&nbsp;&nbsp;&nbsp;SysTickInitial
<LI><a href="#[25]">&gt;&gt;</a>&nbsp;&nbsp;&nbsp;SysTickEnable
<LI><a href="#[21]">&gt;&gt;</a>&nbsp;&nbsp;&nbsp;PWMInitial
<LI><a href="#[29]">&gt;&gt;</a>&nbsp;&nbsp;&nbsp;LEDOn
<LI><a href="#[2a]">&gt;&gt;</a>&nbsp;&nbsp;&nbsp;LEDOff
<LI><a href="#[27]">&gt;&gt;</a>&nbsp;&nbsp;&nbsp;LCDSystemCheckInformationDisplay
<LI><a href="#[20]">&gt;&gt;</a>&nbsp;&nbsp;&nbsp;LCDInitial
<LI><a href="#[26]">&gt;&gt;</a>&nbsp;&nbsp;&nbsp;IntMasterEnable
<LI><a href="#[22]">&gt;&gt;</a>&nbsp;&nbsp;&nbsp;I2C0PullUpTest
<LI><a href="#[23]">&gt;&gt;</a>&nbsp;&nbsp;&nbsp;I2C0MasterInitial
<LI><a href="#[2d]">&gt;&gt;</a>&nbsp;&nbsp;&nbsp;GrStringWidthGet
<LI><a href="#[2e]">&gt;&gt;</a>&nbsp;&nbsp;&nbsp;GrStringDraw
<LI><a href="#[2c]">&gt;&gt;</a>&nbsp;&nbsp;&nbsp;GrRectFill
<LI><a href="#[1f]">&gt;&gt;</a>&nbsp;&nbsp;&nbsp;GrContextInit
<LI><a href="#[1a]">&gt;&gt;</a>&nbsp;&nbsp;&nbsp;GPIOInitial
<LI><a href="#[19]">&gt;&gt;</a>&nbsp;&nbsp;&nbsp;ClockInitial
<LI><a href="#[30]">&gt;&gt;</a>&nbsp;&nbsp;&nbsp;BuzzerBeep
<LI><a href="#[1e]">&gt;&gt;</a>&nbsp;&nbsp;&nbsp;ADCInitial
<LI><a href="#[24]">&gt;&gt;</a>&nbsp;&nbsp;&nbsp;__2sprintf
</UL>
<BR>[Address Reference Count : 1]<UL><LI> entry7.o(.ARM.Collect$$$$00000007)
</UL>
<P><STRONG><a name="[2a]"></a>LEDOff</STRONG> (Thumb, 16 bytes, Stack size 0 bytes, gpiodriverconfigure.o(.text))
<BR><BR>[Called By]<UL><LI><a href="#[1a]">&gt;&gt;</a>&nbsp;&nbsp;&nbsp;GPIOInitial
<LI><a href="#[b]">&gt;&gt;</a>&nbsp;&nbsp;&nbsp;main
</UL>

<P><STRONG><a name="[1a]"></a>GPIOInitial</STRONG> (Thumb, 402 bytes, Stack size 16 bytes, gpiodriverconfigure.o(.text))
<BR><BR>[Stack]<UL><LI>Max Depth = 28<LI>Call Chain = GPIOInitial &rArr; GPIOPinTypeUART
</UL>
<BR>[Calls]<UL><LI><a href="#[34]">&gt;&gt;</a>&nbsp;&nbsp;&nbsp;SysCtlPeripheralEnable
<LI><a href="#[18]">&gt;&gt;</a>&nbsp;&nbsp;&nbsp;SysCtlDelay
<LI><a href="#[3e]">&gt;&gt;</a>&nbsp;&nbsp;&nbsp;GPIOPinWrite
<LI><a href="#[38]">&gt;&gt;</a>&nbsp;&nbsp;&nbsp;GPIOPinTypeUART
<LI><a href="#[3a]">&gt;&gt;</a>&nbsp;&nbsp;&nbsp;GPIOPinTypePWM
<LI><a href="#[39]">&gt;&gt;</a>&nbsp;&nbsp;&nbsp;GPIOPinTypeI2C
<LI><a href="#[36]">&gt;&gt;</a>&nbsp;&nbsp;&nbsp;GPIOPinTypeGPIOOutput
<LI><a href="#[37]">&gt;&gt;</a>&nbsp;&nbsp;&nbsp;GPIOPinTypeGPIOInput
<LI><a href="#[3b]">&gt;&gt;</a>&nbsp;&nbsp;&nbsp;GPIOPinTypeADC
<LI><a href="#[35]">&gt;&gt;</a>&nbsp;&nbsp;&nbsp;GPIOPinConfigure
<LI><a href="#[3d]">&gt;&gt;</a>&nbsp;&nbsp;&nbsp;GPIOPadConfigSet
<LI><a href="#[3c]">&gt;&gt;</a>&nbsp;&nbsp;&nbsp;GPIODirModeSet
<LI><a href="#[2a]">&gt;&gt;</a>&nbsp;&nbsp;&nbsp;LEDOff
</UL>
<BR>[Called By]<UL><LI><a href="#[b]">&gt;&gt;</a>&nbsp;&nbsp;&nbsp;main
</UL>

<P><STRONG><a name="[29]"></a>LEDOn</STRONG> (Thumb, 18 bytes, Stack size 0 bytes, gpiodriverconfigure.o(.text))
<BR><BR>[Called By]<UL><LI><a href="#[b]">&gt;&gt;</a>&nbsp;&nbsp;&nbsp;main
</UL>

<P><STRONG><a name="[70]"></a>LEDOverturn</STRONG> (Thumb, 18 bytes, Stack size 0 bytes, gpiodriverconfigure.o(.text))
<BR><BR>[Called By]<UL><LI><a href="#[4]">&gt;&gt;</a>&nbsp;&nbsp;&nbsp;SysTick_ISR
</UL>

<P><STRONG><a name="[6f]"></a>GetKeyNumber</STRONG> (Thumb, 34 bytes, Stack size 0 bytes, gpiodriverconfigure.o(.text))
<BR><BR>[Called By]<UL><LI><a href="#[4]">&gt;&gt;</a>&nbsp;&nbsp;&nbsp;SysTick_ISR
</UL>

<P><STRONG><a name="[22]"></a>I2C0PullUpTest</STRONG> (Thumb, 68 bytes, Stack size 8 bytes, gpiodriverconfigure.o(.text))
<BR><BR>[Stack]<UL><LI>Max Depth = 20<LI>Call Chain = I2C0PullUpTest &rArr; GPIOPinTypeI2C
</UL>
<BR>[Calls]<UL><LI><a href="#[18]">&gt;&gt;</a>&nbsp;&nbsp;&nbsp;SysCtlDelay
<LI><a href="#[3f]">&gt;&gt;</a>&nbsp;&nbsp;&nbsp;SysCtlClockGet
<LI><a href="#[39]">&gt;&gt;</a>&nbsp;&nbsp;&nbsp;GPIOPinTypeI2C
<LI><a href="#[37]">&gt;&gt;</a>&nbsp;&nbsp;&nbsp;GPIOPinTypeGPIOInput
<LI><a href="#[40]">&gt;&gt;</a>&nbsp;&nbsp;&nbsp;GPIOPinRead
<LI><a href="#[3d]">&gt;&gt;</a>&nbsp;&nbsp;&nbsp;GPIOPadConfigSet
</UL>
<BR>[Called By]<UL><LI><a href="#[b]">&gt;&gt;</a>&nbsp;&nbsp;&nbsp;main
</UL>

<P><STRONG><a name="[19]"></a>ClockInitial</STRONG> (Thumb, 24 bytes, Stack size 8 bytes, sysctlconfigure.o(.text))
<BR><BR>[Stack]<UL><LI>Max Depth = 32<LI>Call Chain = ClockInitial &rArr; SysCtlClockSet
</UL>
<BR>[Calls]<UL><LI><a href="#[41]">&gt;&gt;</a>&nbsp;&nbsp;&nbsp;SysCtlLDOSet
<LI><a href="#[42]">&gt;&gt;</a>&nbsp;&nbsp;&nbsp;SysCtlClockSet
<LI><a href="#[3f]">&gt;&gt;</a>&nbsp;&nbsp;&nbsp;SysCtlClockGet
</UL>
<BR>[Called By]<UL><LI><a href="#[b]">&gt;&gt;</a>&nbsp;&nbsp;&nbsp;main
</UL>

<P><STRONG><a name="[1b]"></a>SysTickInitial</STRONG> (Thumb, 24 bytes, Stack size 8 bytes, systickconfigure.o(.text))
<BR><BR>[Stack]<UL><LI>Max Depth = 8<LI>Call Chain = SysTickInitial
</UL>
<BR>[Calls]<UL><LI><a href="#[43]">&gt;&gt;</a>&nbsp;&nbsp;&nbsp;SysTickPeriodSet
<LI><a href="#[44]">&gt;&gt;</a>&nbsp;&nbsp;&nbsp;SysTickIntEnable
</UL>
<BR>[Called By]<UL><LI><a href="#[b]">&gt;&gt;</a>&nbsp;&nbsp;&nbsp;main
</UL>

<P><STRONG><a name="[1c]"></a>TimerInitial</STRONG> (Thumb, 96 bytes, Stack size 16 bytes, timerconfigure.o(.text))
<BR><BR>[Stack]<UL><LI>Max Depth = 16<LI>Call Chain = TimerInitial
</UL>
<BR>[Calls]<UL><LI><a href="#[46]">&gt;&gt;</a>&nbsp;&nbsp;&nbsp;TimerLoadSet
<LI><a href="#[47]">&gt;&gt;</a>&nbsp;&nbsp;&nbsp;TimerIntEnable
<LI><a href="#[45]">&gt;&gt;</a>&nbsp;&nbsp;&nbsp;TimerConfigure
<LI><a href="#[48]">&gt;&gt;</a>&nbsp;&nbsp;&nbsp;IntEnable
<LI><a href="#[34]">&gt;&gt;</a>&nbsp;&nbsp;&nbsp;SysCtlPeripheralEnable
</UL>
<BR>[Called By]<UL><LI><a href="#[b]">&gt;&gt;</a>&nbsp;&nbsp;&nbsp;main
</UL>

<P><STRONG><a name="[1d]"></a>UART0Initial</STRONG> (Thumb, 62 bytes, Stack size 8 bytes, uartconfigure.o(.text))
<BR><BR>[Stack]<UL><LI>Max Depth = 16<LI>Call Chain = UART0Initial &rArr; SysCtlClockGet
</UL>
<BR>[Calls]<UL><LI><a href="#[4b]">&gt;&gt;</a>&nbsp;&nbsp;&nbsp;UARTIntEnable
<LI><a href="#[4a]">&gt;&gt;</a>&nbsp;&nbsp;&nbsp;UARTFIFOLevelSet
<LI><a href="#[4c]">&gt;&gt;</a>&nbsp;&nbsp;&nbsp;UARTEnable
<LI><a href="#[49]">&gt;&gt;</a>&nbsp;&nbsp;&nbsp;UARTConfigSetExpClk
<LI><a href="#[48]">&gt;&gt;</a>&nbsp;&nbsp;&nbsp;IntEnable
<LI><a href="#[34]">&gt;&gt;</a>&nbsp;&nbsp;&nbsp;SysCtlPeripheralEnable
<LI><a href="#[3f]">&gt;&gt;</a>&nbsp;&nbsp;&nbsp;SysCtlClockGet
</UL>
<BR>[Called By]<UL><LI><a href="#[b]">&gt;&gt;</a>&nbsp;&nbsp;&nbsp;main
</UL>

<P><STRONG><a name="[2b]"></a>UARTStringPut</STRONG> (Thumb, 24 bytes, Stack size 16 bytes, uartconfigure.o(.text))
<BR><BR>[Stack]<UL><LI>Max Depth = 16<LI>Call Chain = UARTStringPut
</UL>
<BR>[Calls]<UL><LI><a href="#[4d]">&gt;&gt;</a>&nbsp;&nbsp;&nbsp;UARTCharPut
</UL>
<BR>[Called By]<UL><LI><a href="#[53]">&gt;&gt;</a>&nbsp;&nbsp;&nbsp;I2CMasterTransmit_Burst_2Bytes
<LI><a href="#[28]">&gt;&gt;</a>&nbsp;&nbsp;&nbsp;UARTSystemCheckInformationTransmit
<LI><a href="#[b]">&gt;&gt;</a>&nbsp;&nbsp;&nbsp;main
</UL>

<P><STRONG><a name="[4e]"></a>UART1Initial</STRONG> (Thumb, 40 bytes, Stack size 8 bytes, uartconfigure.o(.text), UNUSED)
<BR><BR>[Calls]<UL><LI><a href="#[4c]">&gt;&gt;</a>&nbsp;&nbsp;&nbsp;UARTEnable
<LI><a href="#[49]">&gt;&gt;</a>&nbsp;&nbsp;&nbsp;UARTConfigSetExpClk
<LI><a href="#[34]">&gt;&gt;</a>&nbsp;&nbsp;&nbsp;SysCtlPeripheralEnable
<LI><a href="#[3f]">&gt;&gt;</a>&nbsp;&nbsp;&nbsp;SysCtlClockGet
</UL>

<P><STRONG><a name="[28]"></a>UARTSystemCheckInformationTransmit</STRONG> (Thumb, 318 bytes, Stack size 56 bytes, uartconfigure.o(.text))
<BR><BR>[Stack]<UL><LI>Max Depth = 80<LI>Call Chain = UARTSystemCheckInformationTransmit &rArr; __2sprintf
</UL>
<BR>[Calls]<UL><LI><a href="#[52]">&gt;&gt;</a>&nbsp;&nbsp;&nbsp;SysCtlSRAMSizeGet
<LI><a href="#[50]">&gt;&gt;</a>&nbsp;&nbsp;&nbsp;SysCtlResetCauseGet
<LI><a href="#[4f]">&gt;&gt;</a>&nbsp;&nbsp;&nbsp;SysCtlLDOGet
<LI><a href="#[51]">&gt;&gt;</a>&nbsp;&nbsp;&nbsp;SysCtlFlashSizeGet
<LI><a href="#[3f]">&gt;&gt;</a>&nbsp;&nbsp;&nbsp;SysCtlClockGet
<LI><a href="#[2b]">&gt;&gt;</a>&nbsp;&nbsp;&nbsp;UARTStringPut
<LI><a href="#[24]">&gt;&gt;</a>&nbsp;&nbsp;&nbsp;__2sprintf
</UL>
<BR>[Called By]<UL><LI><a href="#[b]">&gt;&gt;</a>&nbsp;&nbsp;&nbsp;main
</UL>

<P><STRONG><a name="[53]"></a>I2CMasterTransmit_Burst_2Bytes</STRONG> (Thumb, 100 bytes, Stack size 16 bytes, i2cconfigure.o(.text))
<BR><BR>[Stack]<UL><LI>Max Depth = 32<LI>Call Chain = I2CMasterTransmit_Burst_2Bytes &rArr; UARTStringPut
</UL>
<BR>[Calls]<UL><LI><a href="#[54]">&gt;&gt;</a>&nbsp;&nbsp;&nbsp;I2CMasterSlaveAddrSet
<LI><a href="#[58]">&gt;&gt;</a>&nbsp;&nbsp;&nbsp;I2CMasterErr
<LI><a href="#[55]">&gt;&gt;</a>&nbsp;&nbsp;&nbsp;I2CMasterDataPut
<LI><a href="#[56]">&gt;&gt;</a>&nbsp;&nbsp;&nbsp;I2CMasterControl
<LI><a href="#[57]">&gt;&gt;</a>&nbsp;&nbsp;&nbsp;I2CMasterBusy
<LI><a href="#[2b]">&gt;&gt;</a>&nbsp;&nbsp;&nbsp;UARTStringPut
</UL>
<BR>[Called By]<UL><LI><a href="#[23]">&gt;&gt;</a>&nbsp;&nbsp;&nbsp;I2C0MasterInitial
</UL>

<P><STRONG><a name="[23]"></a>I2C0MasterInitial</STRONG> (Thumb, 190 bytes, Stack size 24 bytes, i2cconfigure.o(.text))
<BR><BR>[Stack]<UL><LI>Max Depth = 56<LI>Call Chain = I2C0MasterInitial &rArr; I2CMasterTransmit_Burst_2Bytes &rArr; UARTStringPut
</UL>
<BR>[Calls]<UL><LI><a href="#[5b]">&gt;&gt;</a>&nbsp;&nbsp;&nbsp;I2CMasterIntEnable
<LI><a href="#[59]">&gt;&gt;</a>&nbsp;&nbsp;&nbsp;I2CMasterInitExpClk
<LI><a href="#[5a]">&gt;&gt;</a>&nbsp;&nbsp;&nbsp;I2CMasterEnable
<LI><a href="#[53]">&gt;&gt;</a>&nbsp;&nbsp;&nbsp;I2CMasterTransmit_Burst_2Bytes
<LI><a href="#[48]">&gt;&gt;</a>&nbsp;&nbsp;&nbsp;IntEnable
<LI><a href="#[34]">&gt;&gt;</a>&nbsp;&nbsp;&nbsp;SysCtlPeripheralEnable
<LI><a href="#[18]">&gt;&gt;</a>&nbsp;&nbsp;&nbsp;SysCtlDelay
<LI><a href="#[3f]">&gt;&gt;</a>&nbsp;&nbsp;&nbsp;SysCtlClockGet
</UL>
<BR>[Called By]<UL><LI><a href="#[b]">&gt;&gt;</a>&nbsp;&nbsp;&nbsp;main
</UL>

<P><STRONG><a name="[5c]"></a>I2CMasterSpeedSet</STRONG> (Thumb, 44 bytes, Stack size 16 bytes, i2cconfigure.o(.text), UNUSED)
<BR><BR>[Calls]<UL><LI><a href="#[3f]">&gt;&gt;</a>&nbsp;&nbsp;&nbsp;SysCtlClockGet
</UL>

<P><STRONG><a name="[5d]"></a>I2C0DeviceRefresh</STRONG> (Thumb, 38 bytes, Stack size 8 bytes, i2cconfigure.o(.text))
<BR><BR>[Stack]<UL><LI>Max Depth = 20<LI>Call Chain = I2C0DeviceRefresh &rArr; NixieTubeCoding
</UL>
<BR>[Calls]<UL><LI><a href="#[5e]">&gt;&gt;</a>&nbsp;&nbsp;&nbsp;NixieTubeCoding
<LI><a href="#[54]">&gt;&gt;</a>&nbsp;&nbsp;&nbsp;I2CMasterSlaveAddrSet
<LI><a href="#[55]">&gt;&gt;</a>&nbsp;&nbsp;&nbsp;I2CMasterDataPut
<LI><a href="#[56]">&gt;&gt;</a>&nbsp;&nbsp;&nbsp;I2CMasterControl
</UL>
<BR>[Called By]<UL><LI><a href="#[4]">&gt;&gt;</a>&nbsp;&nbsp;&nbsp;SysTick_ISR
</UL>

<P><STRONG><a name="[5e]"></a>NixieTubeCoding</STRONG> (Thumb, 306 bytes, Stack size 12 bytes, nixietubeconfigure.o(.text))
<BR><BR>[Stack]<UL><LI>Max Depth = 12<LI>Call Chain = NixieTubeCoding
</UL>
<BR>[Called By]<UL><LI><a href="#[5d]">&gt;&gt;</a>&nbsp;&nbsp;&nbsp;I2C0DeviceRefresh
</UL>

<P><STRONG><a name="[21]"></a>PWMInitial</STRONG> (Thumb, 108 bytes, Stack size 16 bytes, pwmconfigure.o(.text))
<BR><BR>[Stack]<UL><LI>Max Depth = 16<LI>Call Chain = PWMInitial
</UL>
<BR>[Calls]<UL><LI><a href="#[5f]">&gt;&gt;</a>&nbsp;&nbsp;&nbsp;SysCtlPWMClockSet
<LI><a href="#[62]">&gt;&gt;</a>&nbsp;&nbsp;&nbsp;PWMPulseWidthSet
<LI><a href="#[63]">&gt;&gt;</a>&nbsp;&nbsp;&nbsp;PWMOutputState
<LI><a href="#[61]">&gt;&gt;</a>&nbsp;&nbsp;&nbsp;PWMGenPeriodSet
<LI><a href="#[64]">&gt;&gt;</a>&nbsp;&nbsp;&nbsp;PWMGenEnable
<LI><a href="#[65]">&gt;&gt;</a>&nbsp;&nbsp;&nbsp;PWMGenDisable
<LI><a href="#[60]">&gt;&gt;</a>&nbsp;&nbsp;&nbsp;PWMGenConfigure
<LI><a href="#[34]">&gt;&gt;</a>&nbsp;&nbsp;&nbsp;SysCtlPeripheralEnable
<LI><a href="#[18]">&gt;&gt;</a>&nbsp;&nbsp;&nbsp;SysCtlDelay
</UL>
<BR>[Called By]<UL><LI><a href="#[b]">&gt;&gt;</a>&nbsp;&nbsp;&nbsp;main
</UL>

<P><STRONG><a name="[30]"></a>BuzzerBeep</STRONG> (Thumb, 60 bytes, Stack size 16 bytes, pwmconfigure.o(.text))
<BR><BR>[Stack]<UL><LI>Max Depth = 16<LI>Call Chain = BuzzerBeep
</UL>
<BR>[Calls]<UL><LI><a href="#[62]">&gt;&gt;</a>&nbsp;&nbsp;&nbsp;PWMPulseWidthSet
<LI><a href="#[61]">&gt;&gt;</a>&nbsp;&nbsp;&nbsp;PWMGenPeriodSet
<LI><a href="#[64]">&gt;&gt;</a>&nbsp;&nbsp;&nbsp;PWMGenEnable
<LI><a href="#[46]">&gt;&gt;</a>&nbsp;&nbsp;&nbsp;TimerLoadSet
<LI><a href="#[2f]">&gt;&gt;</a>&nbsp;&nbsp;&nbsp;TimerEnable
</UL>
<BR>[Called By]<UL><LI><a href="#[b]">&gt;&gt;</a>&nbsp;&nbsp;&nbsp;main
<LI><a href="#[9]">&gt;&gt;</a>&nbsp;&nbsp;&nbsp;Timer0A_ISR
<LI><a href="#[4]">&gt;&gt;</a>&nbsp;&nbsp;&nbsp;SysTick_ISR
</UL>

<P><STRONG><a name="[20]"></a>LCDInitial</STRONG> (Thumb, 424 bytes, Stack size 16 bytes, lcdconfigure.o(.text))
<BR><BR>[Stack]<UL><LI>Max Depth = 24<LI>Call Chain = LCDInitial &rArr; LCDWriteCommand
</UL>
<BR>[Calls]<UL><LI><a href="#[66]">&gt;&gt;</a>&nbsp;&nbsp;&nbsp;LCDWriteCommand
<LI><a href="#[67]">&gt;&gt;</a>&nbsp;&nbsp;&nbsp;LCDWriteData
<LI><a href="#[18]">&gt;&gt;</a>&nbsp;&nbsp;&nbsp;SysCtlDelay
</UL>
<BR>[Called By]<UL><LI><a href="#[b]">&gt;&gt;</a>&nbsp;&nbsp;&nbsp;main
</UL>

<P><STRONG><a name="[27]"></a>LCDSystemCheckInformationDisplay</STRONG> (Thumb, 762 bytes, Stack size 120 bytes, lcddisplay.o(.text))
<BR><BR>[Stack]<UL><LI>Max Depth = 224<LI>Call Chain = LCDSystemCheckInformationDisplay &rArr; GrStringDraw &rArr; GrLineDrawH
</UL>
<BR>[Calls]<UL><LI><a href="#[68]">&gt;&gt;</a>&nbsp;&nbsp;&nbsp;GrRectDraw
<LI><a href="#[52]">&gt;&gt;</a>&nbsp;&nbsp;&nbsp;SysCtlSRAMSizeGet
<LI><a href="#[4f]">&gt;&gt;</a>&nbsp;&nbsp;&nbsp;SysCtlLDOGet
<LI><a href="#[51]">&gt;&gt;</a>&nbsp;&nbsp;&nbsp;SysCtlFlashSizeGet
<LI><a href="#[2d]">&gt;&gt;</a>&nbsp;&nbsp;&nbsp;GrStringWidthGet
<LI><a href="#[2e]">&gt;&gt;</a>&nbsp;&nbsp;&nbsp;GrStringDraw
<LI><a href="#[2c]">&gt;&gt;</a>&nbsp;&nbsp;&nbsp;GrRectFill
<LI><a href="#[1f]">&gt;&gt;</a>&nbsp;&nbsp;&nbsp;GrContextInit
<LI><a href="#[24]">&gt;&gt;</a>&nbsp;&nbsp;&nbsp;__2sprintf
</UL>
<BR>[Called By]<UL><LI><a href="#[b]">&gt;&gt;</a>&nbsp;&nbsp;&nbsp;main
</UL>

<P><STRONG><a name="[1e]"></a>ADCInitial</STRONG> (Thumb, 126 bytes, Stack size 8 bytes, adcconfigure.o(.text))
<BR><BR>[Stack]<UL><LI>Max Depth = 12<LI>Call Chain = ADCInitial &rArr; ADCSequenceStepConfigure
</UL>
<BR>[Calls]<UL><LI><a href="#[69]">&gt;&gt;</a>&nbsp;&nbsp;&nbsp;SysCtlADCSpeedSet
<LI><a href="#[6d]">&gt;&gt;</a>&nbsp;&nbsp;&nbsp;ADCSequenceStepConfigure
<LI><a href="#[6b]">&gt;&gt;</a>&nbsp;&nbsp;&nbsp;ADCSequenceEnable
<LI><a href="#[6c]">&gt;&gt;</a>&nbsp;&nbsp;&nbsp;ADCSequenceConfigure
<LI><a href="#[6e]">&gt;&gt;</a>&nbsp;&nbsp;&nbsp;ADCIntEnable
<LI><a href="#[6a]">&gt;&gt;</a>&nbsp;&nbsp;&nbsp;ADCHardwareOversampleConfigure
<LI><a href="#[48]">&gt;&gt;</a>&nbsp;&nbsp;&nbsp;IntEnable
<LI><a href="#[34]">&gt;&gt;</a>&nbsp;&nbsp;&nbsp;SysCtlPeripheralEnable
</UL>
<BR>[Called By]<UL><LI><a href="#[b]">&gt;&gt;</a>&nbsp;&nbsp;&nbsp;main
</UL>

<P><STRONG><a name="[4]"></a>SysTick_ISR</STRONG> (Thumb, 524 bytes, Stack size 40 bytes, systickisr.o(.text))
<BR><BR>[Stack]<UL><LI>Max Depth = 64<LI>Call Chain = SysTick_ISR &rArr; __2sprintf
</UL>
<BR>[Calls]<UL><LI><a href="#[71]">&gt;&gt;</a>&nbsp;&nbsp;&nbsp;TimerDisable
<LI><a href="#[72]">&gt;&gt;</a>&nbsp;&nbsp;&nbsp;ADCProcessorTrigger
<LI><a href="#[5d]">&gt;&gt;</a>&nbsp;&nbsp;&nbsp;I2C0DeviceRefresh
<LI><a href="#[6f]">&gt;&gt;</a>&nbsp;&nbsp;&nbsp;GetKeyNumber
<LI><a href="#[70]">&gt;&gt;</a>&nbsp;&nbsp;&nbsp;LEDOverturn
<LI><a href="#[2f]">&gt;&gt;</a>&nbsp;&nbsp;&nbsp;TimerEnable
<LI><a href="#[30]">&gt;&gt;</a>&nbsp;&nbsp;&nbsp;BuzzerBeep
<LI><a href="#[24]">&gt;&gt;</a>&nbsp;&nbsp;&nbsp;__2sprintf
</UL>
<BR>[Address Reference Count : 1]<UL><LI> startup.o(RESET)
</UL>
<P><STRONG><a name="[9]"></a>Timer0A_ISR</STRONG> (Thumb, 158 bytes, Stack size 16 bytes, timerisr.o(.text))
<BR><BR>[Stack]<UL><LI>Max Depth = 40<LI>Call Chain = Timer0A_ISR &rArr; __2sprintf
</UL>
<BR>[Calls]<UL><LI><a href="#[73]">&gt;&gt;</a>&nbsp;&nbsp;&nbsp;TimerIntStatus
<LI><a href="#[74]">&gt;&gt;</a>&nbsp;&nbsp;&nbsp;TimerIntClear
<LI><a href="#[30]">&gt;&gt;</a>&nbsp;&nbsp;&nbsp;BuzzerBeep
<LI><a href="#[24]">&gt;&gt;</a>&nbsp;&nbsp;&nbsp;__2sprintf
</UL>
<BR>[Address Reference Count : 1]<UL><LI> startup.o(RESET)
</UL>
<P><STRONG><a name="[a]"></a>Timer1A_ISR</STRONG> (Thumb, 40 bytes, Stack size 16 bytes, timerisr.o(.text))
<BR><BR>[Stack]<UL><LI>Max Depth = 16<LI>Call Chain = Timer1A_ISR
</UL>
<BR>[Calls]<UL><LI><a href="#[73]">&gt;&gt;</a>&nbsp;&nbsp;&nbsp;TimerIntStatus
<LI><a href="#[74]">&gt;&gt;</a>&nbsp;&nbsp;&nbsp;TimerIntClear
<LI><a href="#[65]">&gt;&gt;</a>&nbsp;&nbsp;&nbsp;PWMGenDisable
</UL>
<BR>[Address Reference Count : 1]<UL><LI> startup.o(RESET)
</UL>
<P><STRONG><a name="[5]"></a>UART0_ISR</STRONG> (Thumb, 90 bytes, Stack size 16 bytes, uartisr.o(.text))
<BR><BR>[Stack]<UL><LI>Max Depth = 16<LI>Call Chain = UART0_ISR
</UL>
<BR>[Calls]<UL><LI><a href="#[75]">&gt;&gt;</a>&nbsp;&nbsp;&nbsp;UARTIntStatus
<LI><a href="#[76]">&gt;&gt;</a>&nbsp;&nbsp;&nbsp;UARTIntClear
<LI><a href="#[77]">&gt;&gt;</a>&nbsp;&nbsp;&nbsp;UARTCharGetNonBlocking
<LI><a href="#[71]">&gt;&gt;</a>&nbsp;&nbsp;&nbsp;TimerDisable
<LI><a href="#[2f]">&gt;&gt;</a>&nbsp;&nbsp;&nbsp;TimerEnable
</UL>
<BR>[Address Reference Count : 1]<UL><LI> startup.o(RESET)
</UL>
<P><STRONG><a name="[6]"></a>I2C0_ISR</STRONG> (Thumb, 152 bytes, Stack size 24 bytes, i2cisr.o(.text))
<BR><BR>[Stack]<UL><LI>Max Depth = 24<LI>Call Chain = I2C0_ISR
</UL>
<BR>[Calls]<UL><LI><a href="#[78]">&gt;&gt;</a>&nbsp;&nbsp;&nbsp;I2CMasterIntStatus
<LI><a href="#[79]">&gt;&gt;</a>&nbsp;&nbsp;&nbsp;I2CMasterIntClear
<LI><a href="#[54]">&gt;&gt;</a>&nbsp;&nbsp;&nbsp;I2CMasterSlaveAddrSet
<LI><a href="#[58]">&gt;&gt;</a>&nbsp;&nbsp;&nbsp;I2CMasterErr
<LI><a href="#[55]">&gt;&gt;</a>&nbsp;&nbsp;&nbsp;I2CMasterDataPut
<LI><a href="#[56]">&gt;&gt;</a>&nbsp;&nbsp;&nbsp;I2CMasterControl
</UL>
<BR>[Address Reference Count : 1]<UL><LI> startup.o(RESET)
</UL>
<P><STRONG><a name="[7]"></a>ADC_Sequence_0_ISR</STRONG> (Thumb, 46 bytes, Stack size 16 bytes, adcisr.o(.text))
<BR><BR>[Stack]<UL><LI>Max Depth = 16<LI>Call Chain = ADC_Sequence_0_ISR
</UL>
<BR>[Calls]<UL><LI><a href="#[7c]">&gt;&gt;</a>&nbsp;&nbsp;&nbsp;ADCSequenceDataGet
<LI><a href="#[7a]">&gt;&gt;</a>&nbsp;&nbsp;&nbsp;ADCIntStatus
<LI><a href="#[7b]">&gt;&gt;</a>&nbsp;&nbsp;&nbsp;ADCIntClear
</UL>
<BR>[Address Reference Count : 1]<UL><LI> startup.o(RESET)
</UL>
<P><STRONG><a name="[8]"></a>ADC_Sequence_1_ISR</STRONG> (Thumb, 46 bytes, Stack size 16 bytes, adcisr.o(.text))
<BR><BR>[Stack]<UL><LI>Max Depth = 16<LI>Call Chain = ADC_Sequence_1_ISR
</UL>
<BR>[Calls]<UL><LI><a href="#[7c]">&gt;&gt;</a>&nbsp;&nbsp;&nbsp;ADCSequenceDataGet
<LI><a href="#[7a]">&gt;&gt;</a>&nbsp;&nbsp;&nbsp;ADCIntStatus
<LI><a href="#[7b]">&gt;&gt;</a>&nbsp;&nbsp;&nbsp;ADCIntClear
</UL>
<BR>[Address Reference Count : 1]<UL><LI> startup.o(RESET)
</UL>
<P><STRONG><a name="[32]"></a>__ARM_scalbnf</STRONG> (Thumb, 24 bytes, Stack size 0 bytes, fscalb.o(.text))
<BR><BR>[Called By]<UL><LI><a href="#[b]">&gt;&gt;</a>&nbsp;&nbsp;&nbsp;main
</UL>

<P><STRONG><a name="[9a]"></a>scalbnf</STRONG> (Thumb, 0 bytes, Stack size 0 bytes, fscalb.o(.text), UNUSED)

<P><STRONG><a name="[31]"></a>__aeabi_ui2f</STRONG> (Thumb, 10 bytes, Stack size 0 bytes, ffltui.o(.text))
<BR><BR>[Stack]<UL><LI>Max Depth = 4<LI>Call Chain = __aeabi_ui2f &rArr; _float_epilogue
</UL>
<BR>[Calls]<UL><LI><a href="#[7d]">&gt;&gt;</a>&nbsp;&nbsp;&nbsp;_float_epilogue
</UL>
<BR>[Called By]<UL><LI><a href="#[b]">&gt;&gt;</a>&nbsp;&nbsp;&nbsp;main
</UL>

<P><STRONG><a name="[33]"></a>__aeabi_f2d</STRONG> (Thumb, 44 bytes, Stack size 0 bytes, f2d.o(.text))
<BR><BR>[Called By]<UL><LI><a href="#[b]">&gt;&gt;</a>&nbsp;&nbsp;&nbsp;main
</UL>

<P><STRONG><a name="[9b]"></a>__aeabi_uidiv</STRONG> (Thumb, 0 bytes, Stack size 12 bytes, uidiv.o(.text), UNUSED)

<P><STRONG><a name="[94]"></a>__aeabi_uidivmod</STRONG> (Thumb, 44 bytes, Stack size 12 bytes, uidiv.o(.text), UNUSED)
<BR><BR>[Called By]<UL><LI><a href="#[8f]">&gt;&gt;</a>&nbsp;&nbsp;&nbsp;_printf_core
</UL>

<P><STRONG><a name="[7e]"></a>__aeabi_uldivmod</STRONG> (Thumb, 100 bytes, Stack size 40 bytes, uldiv.o(.text), UNUSED)
<BR><BR>[Calls]<UL><LI><a href="#[7f]">&gt;&gt;</a>&nbsp;&nbsp;&nbsp;__aeabi_llsr
<LI><a href="#[80]">&gt;&gt;</a>&nbsp;&nbsp;&nbsp;__aeabi_llsl
</UL>
<BR>[Called By]<UL><LI><a href="#[8f]">&gt;&gt;</a>&nbsp;&nbsp;&nbsp;_printf_core
<LI><a href="#[90]">&gt;&gt;</a>&nbsp;&nbsp;&nbsp;_fp_digits
</UL>

<P><STRONG><a name="[9c]"></a>__I$use$fp</STRONG> (Thumb, 0 bytes, Stack size 0 bytes, iusefp.o(.text), UNUSED)

<P><STRONG><a name="[9d]"></a>_float_round</STRONG> (Thumb, 18 bytes, Stack size 0 bytes, fepilogue.o(.text), UNUSED)

<P><STRONG><a name="[7d]"></a>_float_epilogue</STRONG> (Thumb, 90 bytes, Stack size 4 bytes, fepilogue.o(.text))
<BR><BR>[Stack]<UL><LI>Max Depth = 4<LI>Call Chain = _float_epilogue
</UL>
<BR>[Called By]<UL><LI><a href="#[31]">&gt;&gt;</a>&nbsp;&nbsp;&nbsp;__aeabi_ui2f
</UL>

<P><STRONG><a name="[81]"></a>__aeabi_dadd</STRONG> (Thumb, 324 bytes, Stack size 48 bytes, dadd.o(.text), UNUSED)
<BR><BR>[Calls]<UL><LI><a href="#[82]">&gt;&gt;</a>&nbsp;&nbsp;&nbsp;__aeabi_lasr
<LI><a href="#[80]">&gt;&gt;</a>&nbsp;&nbsp;&nbsp;__aeabi_llsl
<LI><a href="#[84]">&gt;&gt;</a>&nbsp;&nbsp;&nbsp;_double_round
<LI><a href="#[83]">&gt;&gt;</a>&nbsp;&nbsp;&nbsp;_double_epilogue
</UL>
<BR>[Called By]<UL><LI><a href="#[86]">&gt;&gt;</a>&nbsp;&nbsp;&nbsp;__aeabi_drsub
<LI><a href="#[85]">&gt;&gt;</a>&nbsp;&nbsp;&nbsp;__aeabi_dsub
<LI><a href="#[90]">&gt;&gt;</a>&nbsp;&nbsp;&nbsp;_fp_digits
</UL>

<P><STRONG><a name="[85]"></a>__aeabi_dsub</STRONG> (Thumb, 6 bytes, Stack size 0 bytes, dadd.o(.text), UNUSED)
<BR><BR>[Calls]<UL><LI><a href="#[81]">&gt;&gt;</a>&nbsp;&nbsp;&nbsp;__aeabi_dadd
</UL>

<P><STRONG><a name="[86]"></a>__aeabi_drsub</STRONG> (Thumb, 6 bytes, Stack size 0 bytes, dadd.o(.text), UNUSED)
<BR><BR>[Calls]<UL><LI><a href="#[81]">&gt;&gt;</a>&nbsp;&nbsp;&nbsp;__aeabi_dadd
</UL>

<P><STRONG><a name="[87]"></a>__aeabi_dmul</STRONG> (Thumb, 226 bytes, Stack size 48 bytes, dmul.o(.text), UNUSED)
<BR><BR>[Calls]<UL><LI><a href="#[83]">&gt;&gt;</a>&nbsp;&nbsp;&nbsp;_double_epilogue
</UL>
<BR>[Called By]<UL><LI><a href="#[90]">&gt;&gt;</a>&nbsp;&nbsp;&nbsp;_fp_digits
</UL>

<P><STRONG><a name="[88]"></a>__aeabi_ddiv</STRONG> (Thumb, 226 bytes, Stack size 32 bytes, ddiv.o(.text), UNUSED)
<BR><BR>[Calls]<UL><LI><a href="#[84]">&gt;&gt;</a>&nbsp;&nbsp;&nbsp;_double_round
</UL>
<BR>[Called By]<UL><LI><a href="#[90]">&gt;&gt;</a>&nbsp;&nbsp;&nbsp;_fp_digits
</UL>

<P><STRONG><a name="[89]"></a>__aeabi_d2ulz</STRONG> (Thumb, 48 bytes, Stack size 0 bytes, dfixul.o(.text), UNUSED)
<BR><BR>[Calls]<UL><LI><a href="#[7f]">&gt;&gt;</a>&nbsp;&nbsp;&nbsp;__aeabi_llsr
<LI><a href="#[80]">&gt;&gt;</a>&nbsp;&nbsp;&nbsp;__aeabi_llsl
</UL>
<BR>[Called By]<UL><LI><a href="#[90]">&gt;&gt;</a>&nbsp;&nbsp;&nbsp;_fp_digits
</UL>

<P><STRONG><a name="[91]"></a>__aeabi_cdrcmple</STRONG> (Thumb, 40 bytes, Stack size 0 bytes, cdrcmple.o(.text), UNUSED)
<BR><BR>[Called By]<UL><LI><a href="#[90]">&gt;&gt;</a>&nbsp;&nbsp;&nbsp;_fp_digits
</UL>

<P><STRONG><a name="[17]"></a>__scatterload</STRONG> (Thumb, 28 bytes, Stack size 0 bytes, init.o(.text))
<BR><BR>[Calls]<UL><LI><a href="#[8a]">&gt;&gt;</a>&nbsp;&nbsp;&nbsp;__main_after_scatterload
</UL>
<BR>[Called By]<UL><LI><a href="#[16]">&gt;&gt;</a>&nbsp;&nbsp;&nbsp;_main_scatterload
</UL>

<P><STRONG><a name="[9e]"></a>__scatterload_rt2</STRONG> (Thumb, 0 bytes, Stack size 0 bytes, init.o(.text), UNUSED)

<P><STRONG><a name="[80]"></a>__aeabi_llsl</STRONG> (Thumb, 30 bytes, Stack size 0 bytes, llshl.o(.text), UNUSED)
<BR><BR>[Called By]<UL><LI><a href="#[83]">&gt;&gt;</a>&nbsp;&nbsp;&nbsp;_double_epilogue
<LI><a href="#[7e]">&gt;&gt;</a>&nbsp;&nbsp;&nbsp;__aeabi_uldivmod
<LI><a href="#[81]">&gt;&gt;</a>&nbsp;&nbsp;&nbsp;__aeabi_dadd
<LI><a href="#[89]">&gt;&gt;</a>&nbsp;&nbsp;&nbsp;__aeabi_d2ulz
</UL>

<P><STRONG><a name="[9f]"></a>_ll_shift_l</STRONG> (Thumb, 0 bytes, Stack size 0 bytes, llshl.o(.text), UNUSED)

<P><STRONG><a name="[7f]"></a>__aeabi_llsr</STRONG> (Thumb, 32 bytes, Stack size 0 bytes, llushr.o(.text), UNUSED)
<BR><BR>[Called By]<UL><LI><a href="#[83]">&gt;&gt;</a>&nbsp;&nbsp;&nbsp;_double_epilogue
<LI><a href="#[7e]">&gt;&gt;</a>&nbsp;&nbsp;&nbsp;__aeabi_uldivmod
<LI><a href="#[89]">&gt;&gt;</a>&nbsp;&nbsp;&nbsp;__aeabi_d2ulz
</UL>

<P><STRONG><a name="[a0]"></a>_ll_ushift_r</STRONG> (Thumb, 0 bytes, Stack size 0 bytes, llushr.o(.text), UNUSED)

<P><STRONG><a name="[82]"></a>__aeabi_lasr</STRONG> (Thumb, 36 bytes, Stack size 0 bytes, llsshr.o(.text), UNUSED)
<BR><BR>[Called By]<UL><LI><a href="#[81]">&gt;&gt;</a>&nbsp;&nbsp;&nbsp;__aeabi_dadd
</UL>

<P><STRONG><a name="[a1]"></a>_ll_sshift_r</STRONG> (Thumb, 0 bytes, Stack size 0 bytes, llsshr.o(.text), UNUSED)

<P><STRONG><a name="[84]"></a>_double_round</STRONG> (Thumb, 26 bytes, Stack size 8 bytes, depilogue.o(.text), UNUSED)
<BR><BR>[Called By]<UL><LI><a href="#[83]">&gt;&gt;</a>&nbsp;&nbsp;&nbsp;_double_epilogue
<LI><a href="#[88]">&gt;&gt;</a>&nbsp;&nbsp;&nbsp;__aeabi_ddiv
<LI><a href="#[81]">&gt;&gt;</a>&nbsp;&nbsp;&nbsp;__aeabi_dadd
</UL>

<P><STRONG><a name="[83]"></a>_double_epilogue</STRONG> (Thumb, 172 bytes, Stack size 48 bytes, depilogue.o(.text), UNUSED)
<BR><BR>[Calls]<UL><LI><a href="#[7f]">&gt;&gt;</a>&nbsp;&nbsp;&nbsp;__aeabi_llsr
<LI><a href="#[80]">&gt;&gt;</a>&nbsp;&nbsp;&nbsp;__aeabi_llsl
<LI><a href="#[84]">&gt;&gt;</a>&nbsp;&nbsp;&nbsp;_double_round
</UL>
<BR>[Called By]<UL><LI><a href="#[87]">&gt;&gt;</a>&nbsp;&nbsp;&nbsp;__aeabi_dmul
<LI><a href="#[81]">&gt;&gt;</a>&nbsp;&nbsp;&nbsp;__aeabi_dadd
</UL>

<P><STRONG><a name="[6a]"></a>ADCHardwareOversampleConfigure</STRONG> (Thumb, 14 bytes, Stack size 0 bytes, adc.o(i.ADCHardwareOversampleConfigure))
<BR><BR>[Called By]<UL><LI><a href="#[1e]">&gt;&gt;</a>&nbsp;&nbsp;&nbsp;ADCInitial
</UL>

<P><STRONG><a name="[7b]"></a>ADCIntClear</STRONG> (Thumb, 10 bytes, Stack size 0 bytes, adc.o(i.ADCIntClear))
<BR><BR>[Called By]<UL><LI><a href="#[8]">&gt;&gt;</a>&nbsp;&nbsp;&nbsp;ADC_Sequence_1_ISR
<LI><a href="#[7]">&gt;&gt;</a>&nbsp;&nbsp;&nbsp;ADC_Sequence_0_ISR
</UL>

<P><STRONG><a name="[6e]"></a>ADCIntEnable</STRONG> (Thumb, 16 bytes, Stack size 0 bytes, adc.o(i.ADCIntEnable))
<BR><BR>[Called By]<UL><LI><a href="#[1e]">&gt;&gt;</a>&nbsp;&nbsp;&nbsp;ADCInitial
</UL>

<P><STRONG><a name="[7a]"></a>ADCIntStatus</STRONG> (Thumb, 52 bytes, Stack size 0 bytes, adc.o(i.ADCIntStatus))
<BR><BR>[Called By]<UL><LI><a href="#[8]">&gt;&gt;</a>&nbsp;&nbsp;&nbsp;ADC_Sequence_1_ISR
<LI><a href="#[7]">&gt;&gt;</a>&nbsp;&nbsp;&nbsp;ADC_Sequence_0_ISR
</UL>

<P><STRONG><a name="[72]"></a>ADCProcessorTrigger</STRONG> (Thumb, 26 bytes, Stack size 0 bytes, adc.o(i.ADCProcessorTrigger))
<BR><BR>[Called By]<UL><LI><a href="#[4]">&gt;&gt;</a>&nbsp;&nbsp;&nbsp;SysTick_ISR
</UL>

<P><STRONG><a name="[6c]"></a>ADCSequenceConfigure</STRONG> (Thumb, 50 bytes, Stack size 4 bytes, adc.o(i.ADCSequenceConfigure))
<BR><BR>[Stack]<UL><LI>Max Depth = 4<LI>Call Chain = ADCSequenceConfigure
</UL>
<BR>[Called By]<UL><LI><a href="#[1e]">&gt;&gt;</a>&nbsp;&nbsp;&nbsp;ADCInitial
</UL>

<P><STRONG><a name="[7c]"></a>ADCSequenceDataGet</STRONG> (Thumb, 36 bytes, Stack size 0 bytes, adc.o(i.ADCSequenceDataGet))
<BR><BR>[Called By]<UL><LI><a href="#[8]">&gt;&gt;</a>&nbsp;&nbsp;&nbsp;ADC_Sequence_1_ISR
<LI><a href="#[7]">&gt;&gt;</a>&nbsp;&nbsp;&nbsp;ADC_Sequence_0_ISR
</UL>

<P><STRONG><a name="[6b]"></a>ADCSequenceEnable</STRONG> (Thumb, 14 bytes, Stack size 0 bytes, adc.o(i.ADCSequenceEnable))
<BR><BR>[Called By]<UL><LI><a href="#[1e]">&gt;&gt;</a>&nbsp;&nbsp;&nbsp;ADCInitial
</UL>

<P><STRONG><a name="[6d]"></a>ADCSequenceStepConfigure</STRONG> (Thumb, 110 bytes, Stack size 4 bytes, adc.o(i.ADCSequenceStepConfigure))
<BR><BR>[Stack]<UL><LI>Max Depth = 4<LI>Call Chain = ADCSequenceStepConfigure
</UL>
<BR>[Called By]<UL><LI><a href="#[1e]">&gt;&gt;</a>&nbsp;&nbsp;&nbsp;ADCInitial
</UL>

<P><STRONG><a name="[3c]"></a>GPIODirModeSet</STRONG> (Thumb, 40 bytes, Stack size 0 bytes, gpio.o(i.GPIODirModeSet))
<BR><BR>[Called By]<UL><LI><a href="#[38]">&gt;&gt;</a>&nbsp;&nbsp;&nbsp;GPIOPinTypeUART
<LI><a href="#[3a]">&gt;&gt;</a>&nbsp;&nbsp;&nbsp;GPIOPinTypePWM
<LI><a href="#[39]">&gt;&gt;</a>&nbsp;&nbsp;&nbsp;GPIOPinTypeI2C
<LI><a href="#[36]">&gt;&gt;</a>&nbsp;&nbsp;&nbsp;GPIOPinTypeGPIOOutput
<LI><a href="#[37]">&gt;&gt;</a>&nbsp;&nbsp;&nbsp;GPIOPinTypeGPIOInput
<LI><a href="#[3b]">&gt;&gt;</a>&nbsp;&nbsp;&nbsp;GPIOPinTypeADC
<LI><a href="#[1a]">&gt;&gt;</a>&nbsp;&nbsp;&nbsp;GPIOInitial
</UL>

<P><STRONG><a name="[3d]"></a>GPIOPadConfigSet</STRONG> (Thumb, 176 bytes, Stack size 0 bytes, gpio.o(i.GPIOPadConfigSet))
<BR><BR>[Called By]<UL><LI><a href="#[38]">&gt;&gt;</a>&nbsp;&nbsp;&nbsp;GPIOPinTypeUART
<LI><a href="#[3a]">&gt;&gt;</a>&nbsp;&nbsp;&nbsp;GPIOPinTypePWM
<LI><a href="#[39]">&gt;&gt;</a>&nbsp;&nbsp;&nbsp;GPIOPinTypeI2C
<LI><a href="#[36]">&gt;&gt;</a>&nbsp;&nbsp;&nbsp;GPIOPinTypeGPIOOutput
<LI><a href="#[37]">&gt;&gt;</a>&nbsp;&nbsp;&nbsp;GPIOPinTypeGPIOInput
<LI><a href="#[3b]">&gt;&gt;</a>&nbsp;&nbsp;&nbsp;GPIOPinTypeADC
<LI><a href="#[22]">&gt;&gt;</a>&nbsp;&nbsp;&nbsp;I2C0PullUpTest
<LI><a href="#[1a]">&gt;&gt;</a>&nbsp;&nbsp;&nbsp;GPIOInitial
</UL>

<P><STRONG><a name="[35]"></a>GPIOPinConfigure</STRONG> (Thumb, 62 bytes, Stack size 0 bytes, gpio.o(i.GPIOPinConfigure))
<BR><BR>[Called By]<UL><LI><a href="#[1a]">&gt;&gt;</a>&nbsp;&nbsp;&nbsp;GPIOInitial
</UL>

<P><STRONG><a name="[40]"></a>GPIOPinRead</STRONG> (Thumb, 6 bytes, Stack size 0 bytes, gpio.o(i.GPIOPinRead))
<BR><BR>[Called By]<UL><LI><a href="#[22]">&gt;&gt;</a>&nbsp;&nbsp;&nbsp;I2C0PullUpTest
</UL>

<P><STRONG><a name="[3b]"></a>GPIOPinTypeADC</STRONG> (Thumb, 28 bytes, Stack size 12 bytes, gpio.o(i.GPIOPinTypeADC))
<BR><BR>[Stack]<UL><LI>Max Depth = 12<LI>Call Chain = GPIOPinTypeADC
</UL>
<BR>[Calls]<UL><LI><a href="#[3d]">&gt;&gt;</a>&nbsp;&nbsp;&nbsp;GPIOPadConfigSet
<LI><a href="#[3c]">&gt;&gt;</a>&nbsp;&nbsp;&nbsp;GPIODirModeSet
</UL>
<BR>[Called By]<UL><LI><a href="#[1a]">&gt;&gt;</a>&nbsp;&nbsp;&nbsp;GPIOInitial
</UL>

<P><STRONG><a name="[37]"></a>GPIOPinTypeGPIOInput</STRONG> (Thumb, 28 bytes, Stack size 12 bytes, gpio.o(i.GPIOPinTypeGPIOInput))
<BR><BR>[Stack]<UL><LI>Max Depth = 12<LI>Call Chain = GPIOPinTypeGPIOInput
</UL>
<BR>[Calls]<UL><LI><a href="#[3d]">&gt;&gt;</a>&nbsp;&nbsp;&nbsp;GPIOPadConfigSet
<LI><a href="#[3c]">&gt;&gt;</a>&nbsp;&nbsp;&nbsp;GPIODirModeSet
</UL>
<BR>[Called By]<UL><LI><a href="#[22]">&gt;&gt;</a>&nbsp;&nbsp;&nbsp;I2C0PullUpTest
<LI><a href="#[1a]">&gt;&gt;</a>&nbsp;&nbsp;&nbsp;GPIOInitial
</UL>

<P><STRONG><a name="[36]"></a>GPIOPinTypeGPIOOutput</STRONG> (Thumb, 28 bytes, Stack size 12 bytes, gpio.o(i.GPIOPinTypeGPIOOutput))
<BR><BR>[Stack]<UL><LI>Max Depth = 12<LI>Call Chain = GPIOPinTypeGPIOOutput
</UL>
<BR>[Calls]<UL><LI><a href="#[3d]">&gt;&gt;</a>&nbsp;&nbsp;&nbsp;GPIOPadConfigSet
<LI><a href="#[3c]">&gt;&gt;</a>&nbsp;&nbsp;&nbsp;GPIODirModeSet
</UL>
<BR>[Called By]<UL><LI><a href="#[1a]">&gt;&gt;</a>&nbsp;&nbsp;&nbsp;GPIOInitial
</UL>

<P><STRONG><a name="[39]"></a>GPIOPinTypeI2C</STRONG> (Thumb, 28 bytes, Stack size 12 bytes, gpio.o(i.GPIOPinTypeI2C))
<BR><BR>[Stack]<UL><LI>Max Depth = 12<LI>Call Chain = GPIOPinTypeI2C
</UL>
<BR>[Calls]<UL><LI><a href="#[3d]">&gt;&gt;</a>&nbsp;&nbsp;&nbsp;GPIOPadConfigSet
<LI><a href="#[3c]">&gt;&gt;</a>&nbsp;&nbsp;&nbsp;GPIODirModeSet
</UL>
<BR>[Called By]<UL><LI><a href="#[22]">&gt;&gt;</a>&nbsp;&nbsp;&nbsp;I2C0PullUpTest
<LI><a href="#[1a]">&gt;&gt;</a>&nbsp;&nbsp;&nbsp;GPIOInitial
</UL>

<P><STRONG><a name="[3a]"></a>GPIOPinTypePWM</STRONG> (Thumb, 28 bytes, Stack size 12 bytes, gpio.o(i.GPIOPinTypePWM))
<BR><BR>[Stack]<UL><LI>Max Depth = 12<LI>Call Chain = GPIOPinTypePWM
</UL>
<BR>[Calls]<UL><LI><a href="#[3d]">&gt;&gt;</a>&nbsp;&nbsp;&nbsp;GPIOPadConfigSet
<LI><a href="#[3c]">&gt;&gt;</a>&nbsp;&nbsp;&nbsp;GPIODirModeSet
</UL>
<BR>[Called By]<UL><LI><a href="#[1a]">&gt;&gt;</a>&nbsp;&nbsp;&nbsp;GPIOInitial
</UL>

<P><STRONG><a name="[38]"></a>GPIOPinTypeUART</STRONG> (Thumb, 28 bytes, Stack size 12 bytes, gpio.o(i.GPIOPinTypeUART))
<BR><BR>[Stack]<UL><LI>Max Depth = 12<LI>Call Chain = GPIOPinTypeUART
</UL>
<BR>[Calls]<UL><LI><a href="#[3d]">&gt;&gt;</a>&nbsp;&nbsp;&nbsp;GPIOPadConfigSet
<LI><a href="#[3c]">&gt;&gt;</a>&nbsp;&nbsp;&nbsp;GPIODirModeSet
</UL>
<BR>[Called By]<UL><LI><a href="#[1a]">&gt;&gt;</a>&nbsp;&nbsp;&nbsp;GPIOInitial
</UL>

<P><STRONG><a name="[3e]"></a>GPIOPinWrite</STRONG> (Thumb, 6 bytes, Stack size 0 bytes, gpio.o(i.GPIOPinWrite))
<BR><BR>[Called By]<UL><LI><a href="#[1a]">&gt;&gt;</a>&nbsp;&nbsp;&nbsp;GPIOInitial
</UL>

<P><STRONG><a name="[1f]"></a>GrContextInit</STRONG> (Thumb, 32 bytes, Stack size 0 bytes, context.o(i.GrContextInit))
<BR><BR>[Called By]<UL><LI><a href="#[27]">&gt;&gt;</a>&nbsp;&nbsp;&nbsp;LCDSystemCheckInformationDisplay
<LI><a href="#[b]">&gt;&gt;</a>&nbsp;&nbsp;&nbsp;main
</UL>

<P><STRONG><a name="[8b]"></a>GrLineDrawH</STRONG> (Thumb, 88 bytes, Stack size 16 bytes, line.o(i.GrLineDrawH))
<BR><BR>[Stack]<UL><LI>Max Depth = 16<LI>Call Chain = GrLineDrawH
</UL>
<BR>[Called By]<UL><LI><a href="#[68]">&gt;&gt;</a>&nbsp;&nbsp;&nbsp;GrRectDraw
<LI><a href="#[2e]">&gt;&gt;</a>&nbsp;&nbsp;&nbsp;GrStringDraw
</UL>

<P><STRONG><a name="[8c]"></a>GrLineDrawV</STRONG> (Thumb, 82 bytes, Stack size 16 bytes, line.o(i.GrLineDrawV))
<BR><BR>[Stack]<UL><LI>Max Depth = 16<LI>Call Chain = GrLineDrawV
</UL>
<BR>[Called By]<UL><LI><a href="#[68]">&gt;&gt;</a>&nbsp;&nbsp;&nbsp;GrRectDraw
</UL>

<P><STRONG><a name="[68]"></a>GrRectDraw</STRONG> (Thumb, 108 bytes, Stack size 16 bytes, rectangle.o(i.GrRectDraw))
<BR><BR>[Stack]<UL><LI>Max Depth = 32<LI>Call Chain = GrRectDraw &rArr; GrLineDrawV
</UL>
<BR>[Calls]<UL><LI><a href="#[8c]">&gt;&gt;</a>&nbsp;&nbsp;&nbsp;GrLineDrawV
<LI><a href="#[8b]">&gt;&gt;</a>&nbsp;&nbsp;&nbsp;GrLineDrawH
</UL>
<BR>[Called By]<UL><LI><a href="#[27]">&gt;&gt;</a>&nbsp;&nbsp;&nbsp;LCDSystemCheckInformationDisplay
</UL>

<P><STRONG><a name="[2c]"></a>GrRectFill</STRONG> (Thumb, 180 bytes, Stack size 24 bytes, rectangle.o(i.GrRectFill))
<BR><BR>[Stack]<UL><LI>Max Depth = 24<LI>Call Chain = GrRectFill
</UL>
<BR>[Called By]<UL><LI><a href="#[27]">&gt;&gt;</a>&nbsp;&nbsp;&nbsp;LCDSystemCheckInformationDisplay
<LI><a href="#[b]">&gt;&gt;</a>&nbsp;&nbsp;&nbsp;main
</UL>

<P><STRONG><a name="[2e]"></a>GrStringDraw</STRONG> (Thumb, 678 bytes, Stack size 88 bytes, string.o(i.GrStringDraw))
<BR><BR>[Stack]<UL><LI>Max Depth = 104<LI>Call Chain = GrStringDraw &rArr; GrLineDrawH
</UL>
<BR>[Calls]<UL><LI><a href="#[8b]">&gt;&gt;</a>&nbsp;&nbsp;&nbsp;GrLineDrawH
</UL>
<BR>[Called By]<UL><LI><a href="#[27]">&gt;&gt;</a>&nbsp;&nbsp;&nbsp;LCDSystemCheckInformationDisplay
<LI><a href="#[b]">&gt;&gt;</a>&nbsp;&nbsp;&nbsp;main
</UL>

<P><STRONG><a name="[2d]"></a>GrStringWidthGet</STRONG> (Thumb, 66 bytes, Stack size 8 bytes, string.o(i.GrStringWidthGet))
<BR><BR>[Stack]<UL><LI>Max Depth = 8<LI>Call Chain = GrStringWidthGet
</UL>
<BR>[Called By]<UL><LI><a href="#[27]">&gt;&gt;</a>&nbsp;&nbsp;&nbsp;LCDSystemCheckInformationDisplay
<LI><a href="#[b]">&gt;&gt;</a>&nbsp;&nbsp;&nbsp;main
</UL>

<P><STRONG><a name="[57]"></a>I2CMasterBusy</STRONG> (Thumb, 12 bytes, Stack size 0 bytes, i2c.o(i.I2CMasterBusy))
<BR><BR>[Called By]<UL><LI><a href="#[53]">&gt;&gt;</a>&nbsp;&nbsp;&nbsp;I2CMasterTransmit_Burst_2Bytes
</UL>

<P><STRONG><a name="[56]"></a>I2CMasterControl</STRONG> (Thumb, 4 bytes, Stack size 0 bytes, i2c.o(i.I2CMasterControl))
<BR><BR>[Called By]<UL><LI><a href="#[5d]">&gt;&gt;</a>&nbsp;&nbsp;&nbsp;I2C0DeviceRefresh
<LI><a href="#[53]">&gt;&gt;</a>&nbsp;&nbsp;&nbsp;I2CMasterTransmit_Burst_2Bytes
<LI><a href="#[6]">&gt;&gt;</a>&nbsp;&nbsp;&nbsp;I2C0_ISR
</UL>

<P><STRONG><a name="[55]"></a>I2CMasterDataPut</STRONG> (Thumb, 4 bytes, Stack size 0 bytes, i2c.o(i.I2CMasterDataPut))
<BR><BR>[Called By]<UL><LI><a href="#[5d]">&gt;&gt;</a>&nbsp;&nbsp;&nbsp;I2C0DeviceRefresh
<LI><a href="#[53]">&gt;&gt;</a>&nbsp;&nbsp;&nbsp;I2CMasterTransmit_Burst_2Bytes
<LI><a href="#[6]">&gt;&gt;</a>&nbsp;&nbsp;&nbsp;I2C0_ISR
</UL>

<P><STRONG><a name="[5a]"></a>I2CMasterEnable</STRONG> (Thumb, 10 bytes, Stack size 0 bytes, i2c.o(i.I2CMasterEnable))
<BR><BR>[Called By]<UL><LI><a href="#[23]">&gt;&gt;</a>&nbsp;&nbsp;&nbsp;I2C0MasterInitial
</UL>

<P><STRONG><a name="[58]"></a>I2CMasterErr</STRONG> (Thumb, 24 bytes, Stack size 0 bytes, i2c.o(i.I2CMasterErr))
<BR><BR>[Called By]<UL><LI><a href="#[53]">&gt;&gt;</a>&nbsp;&nbsp;&nbsp;I2CMasterTransmit_Burst_2Bytes
<LI><a href="#[6]">&gt;&gt;</a>&nbsp;&nbsp;&nbsp;I2C0_ISR
</UL>

<P><STRONG><a name="[59]"></a>I2CMasterInitExpClk</STRONG> (Thumb, 42 bytes, Stack size 0 bytes, i2c.o(i.I2CMasterInitExpClk))
<BR><BR>[Called By]<UL><LI><a href="#[23]">&gt;&gt;</a>&nbsp;&nbsp;&nbsp;I2C0MasterInitial
</UL>

<P><STRONG><a name="[79]"></a>I2CMasterIntClear</STRONG> (Thumb, 8 bytes, Stack size 0 bytes, i2c.o(i.I2CMasterIntClear))
<BR><BR>[Called By]<UL><LI><a href="#[6]">&gt;&gt;</a>&nbsp;&nbsp;&nbsp;I2C0_ISR
</UL>

<P><STRONG><a name="[5b]"></a>I2CMasterIntEnable</STRONG> (Thumb, 6 bytes, Stack size 0 bytes, i2c.o(i.I2CMasterIntEnable))
<BR><BR>[Called By]<UL><LI><a href="#[23]">&gt;&gt;</a>&nbsp;&nbsp;&nbsp;I2C0MasterInitial
</UL>

<P><STRONG><a name="[78]"></a>I2CMasterIntStatus</STRONG> (Thumb, 24 bytes, Stack size 0 bytes, i2c.o(i.I2CMasterIntStatus))
<BR><BR>[Called By]<UL><LI><a href="#[6]">&gt;&gt;</a>&nbsp;&nbsp;&nbsp;I2C0_ISR
</UL>

<P><STRONG><a name="[54]"></a>I2CMasterSlaveAddrSet</STRONG> (Thumb, 8 bytes, Stack size 0 bytes, i2c.o(i.I2CMasterSlaveAddrSet))
<BR><BR>[Called By]<UL><LI><a href="#[5d]">&gt;&gt;</a>&nbsp;&nbsp;&nbsp;I2C0DeviceRefresh
<LI><a href="#[53]">&gt;&gt;</a>&nbsp;&nbsp;&nbsp;I2CMasterTransmit_Burst_2Bytes
<LI><a href="#[6]">&gt;&gt;</a>&nbsp;&nbsp;&nbsp;I2C0_ISR
</UL>

<P><STRONG><a name="[48]"></a>IntEnable</STRONG> (Thumb, 104 bytes, Stack size 0 bytes, interrupt.o(i.IntEnable))
<BR><BR>[Called By]<UL><LI><a href="#[1d]">&gt;&gt;</a>&nbsp;&nbsp;&nbsp;UART0Initial
<LI><a href="#[1c]">&gt;&gt;</a>&nbsp;&nbsp;&nbsp;TimerInitial
<LI><a href="#[23]">&gt;&gt;</a>&nbsp;&nbsp;&nbsp;I2C0MasterInitial
<LI><a href="#[1e]">&gt;&gt;</a>&nbsp;&nbsp;&nbsp;ADCInitial
</UL>

<P><STRONG><a name="[26]"></a>IntMasterEnable</STRONG> (Thumb, 10 bytes, Stack size 8 bytes, interrupt.o(i.IntMasterEnable))
<BR><BR>[Stack]<UL><LI>Max Depth = 8<LI>Call Chain = IntMasterEnable
</UL>
<BR>[Calls]<UL><LI><a href="#[8d]">&gt;&gt;</a>&nbsp;&nbsp;&nbsp;CPUcpsie
</UL>
<BR>[Called By]<UL><LI><a href="#[b]">&gt;&gt;</a>&nbsp;&nbsp;&nbsp;main
</UL>

<P><STRONG><a name="[60]"></a>PWMGenConfigure</STRONG> (Thumb, 38 bytes, Stack size 0 bytes, pwm.o(i.PWMGenConfigure))
<BR><BR>[Called By]<UL><LI><a href="#[21]">&gt;&gt;</a>&nbsp;&nbsp;&nbsp;PWMInitial
</UL>

<P><STRONG><a name="[65]"></a>PWMGenDisable</STRONG> (Thumb, 10 bytes, Stack size 0 bytes, pwm.o(i.PWMGenDisable))
<BR><BR>[Called By]<UL><LI><a href="#[21]">&gt;&gt;</a>&nbsp;&nbsp;&nbsp;PWMInitial
<LI><a href="#[a]">&gt;&gt;</a>&nbsp;&nbsp;&nbsp;Timer1A_ISR
</UL>

<P><STRONG><a name="[64]"></a>PWMGenEnable</STRONG> (Thumb, 10 bytes, Stack size 0 bytes, pwm.o(i.PWMGenEnable))
<BR><BR>[Called By]<UL><LI><a href="#[21]">&gt;&gt;</a>&nbsp;&nbsp;&nbsp;PWMInitial
<LI><a href="#[30]">&gt;&gt;</a>&nbsp;&nbsp;&nbsp;BuzzerBeep
</UL>

<P><STRONG><a name="[61]"></a>PWMGenPeriodSet</STRONG> (Thumb, 18 bytes, Stack size 0 bytes, pwm.o(i.PWMGenPeriodSet))
<BR><BR>[Called By]<UL><LI><a href="#[21]">&gt;&gt;</a>&nbsp;&nbsp;&nbsp;PWMInitial
<LI><a href="#[30]">&gt;&gt;</a>&nbsp;&nbsp;&nbsp;BuzzerBeep
</UL>

<P><STRONG><a name="[63]"></a>PWMOutputState</STRONG> (Thumb, 16 bytes, Stack size 0 bytes, pwm.o(i.PWMOutputState))
<BR><BR>[Called By]<UL><LI><a href="#[21]">&gt;&gt;</a>&nbsp;&nbsp;&nbsp;PWMInitial
</UL>

<P><STRONG><a name="[62]"></a>PWMPulseWidthSet</STRONG> (Thumb, 32 bytes, Stack size 0 bytes, pwm.o(i.PWMPulseWidthSet))
<BR><BR>[Called By]<UL><LI><a href="#[21]">&gt;&gt;</a>&nbsp;&nbsp;&nbsp;PWMInitial
<LI><a href="#[30]">&gt;&gt;</a>&nbsp;&nbsp;&nbsp;BuzzerBeep
</UL>

<P><STRONG><a name="[69]"></a>SysCtlADCSpeedSet</STRONG> (Thumb, 28 bytes, Stack size 0 bytes, sysctl.o(i.SysCtlADCSpeedSet))
<BR><BR>[Called By]<UL><LI><a href="#[1e]">&gt;&gt;</a>&nbsp;&nbsp;&nbsp;ADCInitial
</UL>

<P><STRONG><a name="[3f]"></a>SysCtlClockGet</STRONG> (Thumb, 438 bytes, Stack size 8 bytes, sysctl.o(i.SysCtlClockGet))
<BR><BR>[Stack]<UL><LI>Max Depth = 8<LI>Call Chain = SysCtlClockGet
</UL>
<BR>[Called By]<UL><LI><a href="#[5c]">&gt;&gt;</a>&nbsp;&nbsp;&nbsp;I2CMasterSpeedSet
<LI><a href="#[4e]">&gt;&gt;</a>&nbsp;&nbsp;&nbsp;UART1Initial
<LI><a href="#[28]">&gt;&gt;</a>&nbsp;&nbsp;&nbsp;UARTSystemCheckInformationTransmit
<LI><a href="#[1d]">&gt;&gt;</a>&nbsp;&nbsp;&nbsp;UART0Initial
<LI><a href="#[22]">&gt;&gt;</a>&nbsp;&nbsp;&nbsp;I2C0PullUpTest
<LI><a href="#[23]">&gt;&gt;</a>&nbsp;&nbsp;&nbsp;I2C0MasterInitial
<LI><a href="#[19]">&gt;&gt;</a>&nbsp;&nbsp;&nbsp;ClockInitial
</UL>

<P><STRONG><a name="[42]"></a>SysCtlClockSet</STRONG> (Thumb, 288 bytes, Stack size 24 bytes, sysctl.o(i.SysCtlClockSet))
<BR><BR>[Stack]<UL><LI>Max Depth = 24<LI>Call Chain = SysCtlClockSet
</UL>
<BR>[Calls]<UL><LI><a href="#[18]">&gt;&gt;</a>&nbsp;&nbsp;&nbsp;SysCtlDelay
</UL>
<BR>[Called By]<UL><LI><a href="#[19]">&gt;&gt;</a>&nbsp;&nbsp;&nbsp;ClockInitial
</UL>

<P><STRONG><a name="[51]"></a>SysCtlFlashSizeGet</STRONG> (Thumb, 14 bytes, Stack size 0 bytes, sysctl.o(i.SysCtlFlashSizeGet))
<BR><BR>[Called By]<UL><LI><a href="#[28]">&gt;&gt;</a>&nbsp;&nbsp;&nbsp;UARTSystemCheckInformationTransmit
<LI><a href="#[27]">&gt;&gt;</a>&nbsp;&nbsp;&nbsp;LCDSystemCheckInformationDisplay
</UL>

<P><STRONG><a name="[4f]"></a>SysCtlLDOGet</STRONG> (Thumb, 6 bytes, Stack size 0 bytes, sysctl.o(i.SysCtlLDOGet))
<BR><BR>[Called By]<UL><LI><a href="#[28]">&gt;&gt;</a>&nbsp;&nbsp;&nbsp;UARTSystemCheckInformationTransmit
<LI><a href="#[27]">&gt;&gt;</a>&nbsp;&nbsp;&nbsp;LCDSystemCheckInformationDisplay
</UL>

<P><STRONG><a name="[41]"></a>SysCtlLDOSet</STRONG> (Thumb, 6 bytes, Stack size 0 bytes, sysctl.o(i.SysCtlLDOSet))
<BR><BR>[Called By]<UL><LI><a href="#[19]">&gt;&gt;</a>&nbsp;&nbsp;&nbsp;ClockInitial
</UL>

<P><STRONG><a name="[5f]"></a>SysCtlPWMClockSet</STRONG> (Thumb, 14 bytes, Stack size 0 bytes, sysctl.o(i.SysCtlPWMClockSet))
<BR><BR>[Called By]<UL><LI><a href="#[21]">&gt;&gt;</a>&nbsp;&nbsp;&nbsp;PWMInitial
</UL>

<P><STRONG><a name="[34]"></a>SysCtlPeripheralEnable</STRONG> (Thumb, 26 bytes, Stack size 0 bytes, sysctl.o(i.SysCtlPeripheralEnable))
<BR><BR>[Called By]<UL><LI><a href="#[4e]">&gt;&gt;</a>&nbsp;&nbsp;&nbsp;UART1Initial
<LI><a href="#[1d]">&gt;&gt;</a>&nbsp;&nbsp;&nbsp;UART0Initial
<LI><a href="#[1c]">&gt;&gt;</a>&nbsp;&nbsp;&nbsp;TimerInitial
<LI><a href="#[21]">&gt;&gt;</a>&nbsp;&nbsp;&nbsp;PWMInitial
<LI><a href="#[23]">&gt;&gt;</a>&nbsp;&nbsp;&nbsp;I2C0MasterInitial
<LI><a href="#[1a]">&gt;&gt;</a>&nbsp;&nbsp;&nbsp;GPIOInitial
<LI><a href="#[1e]">&gt;&gt;</a>&nbsp;&nbsp;&nbsp;ADCInitial
</UL>

<P><STRONG><a name="[50]"></a>SysCtlResetCauseGet</STRONG> (Thumb, 6 bytes, Stack size 0 bytes, sysctl.o(i.SysCtlResetCauseGet))
<BR><BR>[Called By]<UL><LI><a href="#[28]">&gt;&gt;</a>&nbsp;&nbsp;&nbsp;UARTSystemCheckInformationTransmit
</UL>

<P><STRONG><a name="[52]"></a>SysCtlSRAMSizeGet</STRONG> (Thumb, 16 bytes, Stack size 0 bytes, sysctl.o(i.SysCtlSRAMSizeGet))
<BR><BR>[Called By]<UL><LI><a href="#[28]">&gt;&gt;</a>&nbsp;&nbsp;&nbsp;UARTSystemCheckInformationTransmit
<LI><a href="#[27]">&gt;&gt;</a>&nbsp;&nbsp;&nbsp;LCDSystemCheckInformationDisplay
</UL>

<P><STRONG><a name="[25]"></a>SysTickEnable</STRONG> (Thumb, 14 bytes, Stack size 0 bytes, systick.o(i.SysTickEnable))
<BR><BR>[Called By]<UL><LI><a href="#[b]">&gt;&gt;</a>&nbsp;&nbsp;&nbsp;main
</UL>

<P><STRONG><a name="[44]"></a>SysTickIntEnable</STRONG> (Thumb, 14 bytes, Stack size 0 bytes, systick.o(i.SysTickIntEnable))
<BR><BR>[Called By]<UL><LI><a href="#[1b]">&gt;&gt;</a>&nbsp;&nbsp;&nbsp;SysTickInitial
</UL>

<P><STRONG><a name="[43]"></a>SysTickPeriodSet</STRONG> (Thumb, 10 bytes, Stack size 0 bytes, systick.o(i.SysTickPeriodSet))
<BR><BR>[Called By]<UL><LI><a href="#[1b]">&gt;&gt;</a>&nbsp;&nbsp;&nbsp;SysTickInitial
</UL>

<P><STRONG><a name="[45]"></a>TimerConfigure</STRONG> (Thumb, 28 bytes, Stack size 0 bytes, timer.o(i.TimerConfigure))
<BR><BR>[Called By]<UL><LI><a href="#[1c]">&gt;&gt;</a>&nbsp;&nbsp;&nbsp;TimerInitial
</UL>

<P><STRONG><a name="[71]"></a>TimerDisable</STRONG> (Thumb, 16 bytes, Stack size 0 bytes, timer.o(i.TimerDisable))
<BR><BR>[Called By]<UL><LI><a href="#[5]">&gt;&gt;</a>&nbsp;&nbsp;&nbsp;UART0_ISR
<LI><a href="#[4]">&gt;&gt;</a>&nbsp;&nbsp;&nbsp;SysTick_ISR
</UL>

<P><STRONG><a name="[2f]"></a>TimerEnable</STRONG> (Thumb, 14 bytes, Stack size 0 bytes, timer.o(i.TimerEnable))
<BR><BR>[Called By]<UL><LI><a href="#[30]">&gt;&gt;</a>&nbsp;&nbsp;&nbsp;BuzzerBeep
<LI><a href="#[b]">&gt;&gt;</a>&nbsp;&nbsp;&nbsp;main
<LI><a href="#[5]">&gt;&gt;</a>&nbsp;&nbsp;&nbsp;UART0_ISR
<LI><a href="#[4]">&gt;&gt;</a>&nbsp;&nbsp;&nbsp;SysTick_ISR
</UL>

<P><STRONG><a name="[74]"></a>TimerIntClear</STRONG> (Thumb, 4 bytes, Stack size 0 bytes, timer.o(i.TimerIntClear))
<BR><BR>[Called By]<UL><LI><a href="#[a]">&gt;&gt;</a>&nbsp;&nbsp;&nbsp;Timer1A_ISR
<LI><a href="#[9]">&gt;&gt;</a>&nbsp;&nbsp;&nbsp;Timer0A_ISR
</UL>

<P><STRONG><a name="[47]"></a>TimerIntEnable</STRONG> (Thumb, 8 bytes, Stack size 0 bytes, timer.o(i.TimerIntEnable))
<BR><BR>[Called By]<UL><LI><a href="#[1c]">&gt;&gt;</a>&nbsp;&nbsp;&nbsp;TimerInitial
</UL>

<P><STRONG><a name="[73]"></a>TimerIntStatus</STRONG> (Thumb, 10 bytes, Stack size 0 bytes, timer.o(i.TimerIntStatus))
<BR><BR>[Called By]<UL><LI><a href="#[a]">&gt;&gt;</a>&nbsp;&nbsp;&nbsp;Timer1A_ISR
<LI><a href="#[9]">&gt;&gt;</a>&nbsp;&nbsp;&nbsp;Timer0A_ISR
</UL>

<P><STRONG><a name="[46]"></a>TimerLoadSet</STRONG> (Thumb, 18 bytes, Stack size 0 bytes, timer.o(i.TimerLoadSet))
<BR><BR>[Called By]<UL><LI><a href="#[1c]">&gt;&gt;</a>&nbsp;&nbsp;&nbsp;TimerInitial
<LI><a href="#[30]">&gt;&gt;</a>&nbsp;&nbsp;&nbsp;BuzzerBeep
</UL>

<P><STRONG><a name="[77]"></a>UARTCharGetNonBlocking</STRONG> (Thumb, 16 bytes, Stack size 0 bytes, uart.o(i.UARTCharGetNonBlocking))
<BR><BR>[Called By]<UL><LI><a href="#[5]">&gt;&gt;</a>&nbsp;&nbsp;&nbsp;UART0_ISR
</UL>

<P><STRONG><a name="[4d]"></a>UARTCharPut</STRONG> (Thumb, 12 bytes, Stack size 0 bytes, uart.o(i.UARTCharPut))
<BR><BR>[Calls]<UL><LI><a href="#[4d]">&gt;&gt;</a>&nbsp;&nbsp;&nbsp;UARTCharPut
</UL>
<BR>[Called By]<UL><LI><a href="#[4d]">&gt;&gt;</a>&nbsp;&nbsp;&nbsp;UARTCharPut
<LI><a href="#[2b]">&gt;&gt;</a>&nbsp;&nbsp;&nbsp;UARTStringPut
</UL>

<P><STRONG><a name="[49]"></a>UARTConfigSetExpClk</STRONG> (Thumb, 110 bytes, Stack size 0 bytes, uart.o(i.UARTConfigSetExpClk))
<BR><BR>[Calls]<UL><LI><a href="#[49]">&gt;&gt;</a>&nbsp;&nbsp;&nbsp;UARTConfigSetExpClk
</UL>
<BR>[Called By]<UL><LI><a href="#[49]">&gt;&gt;</a>&nbsp;&nbsp;&nbsp;UARTConfigSetExpClk
<LI><a href="#[4e]">&gt;&gt;</a>&nbsp;&nbsp;&nbsp;UART1Initial
<LI><a href="#[1d]">&gt;&gt;</a>&nbsp;&nbsp;&nbsp;UART0Initial
</UL>

<P><STRONG><a name="[4c]"></a>UARTEnable</STRONG> (Thumb, 20 bytes, Stack size 0 bytes, uart.o(i.UARTEnable))
<BR><BR>[Called By]<UL><LI><a href="#[4e]">&gt;&gt;</a>&nbsp;&nbsp;&nbsp;UART1Initial
<LI><a href="#[1d]">&gt;&gt;</a>&nbsp;&nbsp;&nbsp;UART0Initial
</UL>

<P><STRONG><a name="[4a]"></a>UARTFIFOLevelSet</STRONG> (Thumb, 6 bytes, Stack size 0 bytes, uart.o(i.UARTFIFOLevelSet))
<BR><BR>[Called By]<UL><LI><a href="#[1d]">&gt;&gt;</a>&nbsp;&nbsp;&nbsp;UART0Initial
</UL>

<P><STRONG><a name="[76]"></a>UARTIntClear</STRONG> (Thumb, 4 bytes, Stack size 0 bytes, uart.o(i.UARTIntClear))
<BR><BR>[Called By]<UL><LI><a href="#[5]">&gt;&gt;</a>&nbsp;&nbsp;&nbsp;UART0_ISR
</UL>

<P><STRONG><a name="[4b]"></a>UARTIntEnable</STRONG> (Thumb, 8 bytes, Stack size 0 bytes, uart.o(i.UARTIntEnable))
<BR><BR>[Called By]<UL><LI><a href="#[1d]">&gt;&gt;</a>&nbsp;&nbsp;&nbsp;UART0Initial
</UL>

<P><STRONG><a name="[75]"></a>UARTIntStatus</STRONG> (Thumb, 10 bytes, Stack size 0 bytes, uart.o(i.UARTIntStatus))
<BR><BR>[Called By]<UL><LI><a href="#[5]">&gt;&gt;</a>&nbsp;&nbsp;&nbsp;UART0_ISR
</UL>

<P><STRONG><a name="[8e]"></a>__0sprintf</STRONG> (Thumb, 34 bytes, Stack size 24 bytes, printfa.o(i.__0sprintf), UNUSED)
<BR><BR>[Calls]<UL><LI><a href="#[c]">&gt;&gt;</a>&nbsp;&nbsp;&nbsp;_sputc
<LI><a href="#[8f]">&gt;&gt;</a>&nbsp;&nbsp;&nbsp;_printf_core
</UL>

<P><STRONG><a name="[a2]"></a>__1sprintf</STRONG> (Thumb, 0 bytes, Stack size 24 bytes, printfa.o(i.__0sprintf), UNUSED)

<P><STRONG><a name="[24]"></a>__2sprintf</STRONG> (Thumb, 0 bytes, Stack size 24 bytes, printfa.o(i.__0sprintf))
<BR><BR>[Stack]<UL><LI>Max Depth = 24<LI>Call Chain = __2sprintf
</UL>
<BR>[Called By]<UL><LI><a href="#[28]">&gt;&gt;</a>&nbsp;&nbsp;&nbsp;UARTSystemCheckInformationTransmit
<LI><a href="#[27]">&gt;&gt;</a>&nbsp;&nbsp;&nbsp;LCDSystemCheckInformationDisplay
<LI><a href="#[b]">&gt;&gt;</a>&nbsp;&nbsp;&nbsp;main
<LI><a href="#[9]">&gt;&gt;</a>&nbsp;&nbsp;&nbsp;Timer0A_ISR
<LI><a href="#[4]">&gt;&gt;</a>&nbsp;&nbsp;&nbsp;SysTick_ISR
</UL>

<P><STRONG><a name="[a3]"></a>__c89sprintf</STRONG> (Thumb, 0 bytes, Stack size 24 bytes, printfa.o(i.__0sprintf), UNUSED)

<P><STRONG><a name="[a4]"></a>sprintf</STRONG> (Thumb, 0 bytes, Stack size 24 bytes, printfa.o(i.__0sprintf), UNUSED)

<P><STRONG><a name="[a5]"></a>__scatterload_copy</STRONG> (Thumb, 14 bytes, Stack size unknown bytes, handlers.o(i.__scatterload_copy), UNUSED)

<P><STRONG><a name="[a6]"></a>__scatterload_null</STRONG> (Thumb, 2 bytes, Stack size unknown bytes, handlers.o(i.__scatterload_null), UNUSED)

<P><STRONG><a name="[a7]"></a>__scatterload_zeroinit</STRONG> (Thumb, 14 bytes, Stack size unknown bytes, handlers.o(i.__scatterload_zeroinit), UNUSED)
<P>
<H3>
Local Symbols
</H3>
<P><STRONG><a name="[1]"></a>NmiSR</STRONG> (Thumb, 0 bytes, Stack size unknown bytes, startup.o(RESET))
<BR><BR>[Calls]<UL><LI><a href="#[1]">&gt;&gt;</a>&nbsp;&nbsp;&nbsp;NmiSR
</UL>
<BR>[Called By]<UL><LI><a href="#[1]">&gt;&gt;</a>&nbsp;&nbsp;&nbsp;NmiSR
</UL>
<BR>[Address Reference Count : 1]<UL><LI> startup.o(RESET)
</UL>
<P><STRONG><a name="[2]"></a>FaultISR</STRONG> (Thumb, 0 bytes, Stack size unknown bytes, startup.o(RESET))
<BR><BR>[Calls]<UL><LI><a href="#[2]">&gt;&gt;</a>&nbsp;&nbsp;&nbsp;FaultISR
</UL>
<BR>[Called By]<UL><LI><a href="#[2]">&gt;&gt;</a>&nbsp;&nbsp;&nbsp;FaultISR
</UL>
<BR>[Address Reference Count : 1]<UL><LI> startup.o(RESET)
</UL>
<P><STRONG><a name="[3]"></a>IntDefaultHandler</STRONG> (Thumb, 0 bytes, Stack size unknown bytes, startup.o(RESET))
<BR><BR>[Calls]<UL><LI><a href="#[3]">&gt;&gt;</a>&nbsp;&nbsp;&nbsp;IntDefaultHandler
</UL>
<BR>[Called By]<UL><LI><a href="#[3]">&gt;&gt;</a>&nbsp;&nbsp;&nbsp;IntDefaultHandler
</UL>
<BR>[Address Reference Count : 1]<UL><LI> startup.o(RESET)
</UL>
<P><STRONG><a name="[67]"></a>LCDWriteData</STRONG> (Thumb, 34 bytes, Stack size 8 bytes, lcdconfigure.o(.text))
<BR><BR>[Stack]<UL><LI>Max Depth = 8<LI>Call Chain = LCDWriteData
</UL>
<BR>[Called By]<UL><LI><a href="#[11]">&gt;&gt;</a>&nbsp;&nbsp;&nbsp;Kitronix320x240x16_SSD2119RectFill
<LI><a href="#[10]">&gt;&gt;</a>&nbsp;&nbsp;&nbsp;Kitronix320x240x16_SSD2119LineDrawV
<LI><a href="#[f]">&gt;&gt;</a>&nbsp;&nbsp;&nbsp;Kitronix320x240x16_SSD2119LineDrawH
<LI><a href="#[e]">&gt;&gt;</a>&nbsp;&nbsp;&nbsp;Kitronix320x240x16_SSD2119PixelDrawMultiple
<LI><a href="#[d]">&gt;&gt;</a>&nbsp;&nbsp;&nbsp;Kitronix320x240x16_SSD2119PixelDraw
<LI><a href="#[20]">&gt;&gt;</a>&nbsp;&nbsp;&nbsp;LCDInitial
</UL>

<P><STRONG><a name="[66]"></a>LCDWriteCommand</STRONG> (Thumb, 42 bytes, Stack size 8 bytes, lcdconfigure.o(.text))
<BR><BR>[Stack]<UL><LI>Max Depth = 8<LI>Call Chain = LCDWriteCommand
</UL>
<BR>[Called By]<UL><LI><a href="#[11]">&gt;&gt;</a>&nbsp;&nbsp;&nbsp;Kitronix320x240x16_SSD2119RectFill
<LI><a href="#[10]">&gt;&gt;</a>&nbsp;&nbsp;&nbsp;Kitronix320x240x16_SSD2119LineDrawV
<LI><a href="#[f]">&gt;&gt;</a>&nbsp;&nbsp;&nbsp;Kitronix320x240x16_SSD2119LineDrawH
<LI><a href="#[e]">&gt;&gt;</a>&nbsp;&nbsp;&nbsp;Kitronix320x240x16_SSD2119PixelDrawMultiple
<LI><a href="#[d]">&gt;&gt;</a>&nbsp;&nbsp;&nbsp;Kitronix320x240x16_SSD2119PixelDraw
<LI><a href="#[20]">&gt;&gt;</a>&nbsp;&nbsp;&nbsp;LCDInitial
</UL>

<P><STRONG><a name="[d]"></a>Kitronix320x240x16_SSD2119PixelDraw</STRONG> (Thumb, 56 bytes, Stack size 16 bytes, lcdconfigure.o(.text))
<BR><BR>[Stack]<UL><LI>Max Depth = 24<LI>Call Chain = Kitronix320x240x16_SSD2119PixelDraw &rArr; LCDWriteCommand
</UL>
<BR>[Calls]<UL><LI><a href="#[66]">&gt;&gt;</a>&nbsp;&nbsp;&nbsp;LCDWriteCommand
<LI><a href="#[67]">&gt;&gt;</a>&nbsp;&nbsp;&nbsp;LCDWriteData
</UL>
<BR>[Address Reference Count : 1]<UL><LI> lcdconfigure.o(.constdata)
</UL>
<P><STRONG><a name="[e]"></a>Kitronix320x240x16_SSD2119PixelDrawMultiple</STRONG> (Thumb, 298 bytes, Stack size 32 bytes, lcdconfigure.o(.text))
<BR><BR>[Stack]<UL><LI>Max Depth = 40<LI>Call Chain = Kitronix320x240x16_SSD2119PixelDrawMultiple &rArr; LCDWriteCommand
</UL>
<BR>[Calls]<UL><LI><a href="#[66]">&gt;&gt;</a>&nbsp;&nbsp;&nbsp;LCDWriteCommand
<LI><a href="#[67]">&gt;&gt;</a>&nbsp;&nbsp;&nbsp;LCDWriteData
</UL>
<BR>[Address Reference Count : 1]<UL><LI> lcdconfigure.o(.constdata)
</UL>
<P><STRONG><a name="[f]"></a>Kitronix320x240x16_SSD2119LineDrawH</STRONG> (Thumb, 88 bytes, Stack size 24 bytes, lcdconfigure.o(.text))
<BR><BR>[Stack]<UL><LI>Max Depth = 32<LI>Call Chain = Kitronix320x240x16_SSD2119LineDrawH &rArr; LCDWriteCommand
</UL>
<BR>[Calls]<UL><LI><a href="#[66]">&gt;&gt;</a>&nbsp;&nbsp;&nbsp;LCDWriteCommand
<LI><a href="#[67]">&gt;&gt;</a>&nbsp;&nbsp;&nbsp;LCDWriteData
</UL>
<BR>[Address Reference Count : 1]<UL><LI> lcdconfigure.o(.constdata)
</UL>
<P><STRONG><a name="[10]"></a>Kitronix320x240x16_SSD2119LineDrawV</STRONG> (Thumb, 98 bytes, Stack size 24 bytes, lcdconfigure.o(.text))
<BR><BR>[Stack]<UL><LI>Max Depth = 32<LI>Call Chain = Kitronix320x240x16_SSD2119LineDrawV &rArr; LCDWriteCommand
</UL>
<BR>[Calls]<UL><LI><a href="#[66]">&gt;&gt;</a>&nbsp;&nbsp;&nbsp;LCDWriteCommand
<LI><a href="#[67]">&gt;&gt;</a>&nbsp;&nbsp;&nbsp;LCDWriteData
</UL>
<BR>[Address Reference Count : 1]<UL><LI> lcdconfigure.o(.constdata)
</UL>
<P><STRONG><a name="[11]"></a>Kitronix320x240x16_SSD2119RectFill</STRONG> (Thumb, 222 bytes, Stack size 16 bytes, lcdconfigure.o(.text))
<BR><BR>[Stack]<UL><LI>Max Depth = 24<LI>Call Chain = Kitronix320x240x16_SSD2119RectFill &rArr; LCDWriteCommand
</UL>
<BR>[Calls]<UL><LI><a href="#[66]">&gt;&gt;</a>&nbsp;&nbsp;&nbsp;LCDWriteCommand
<LI><a href="#[67]">&gt;&gt;</a>&nbsp;&nbsp;&nbsp;LCDWriteData
</UL>
<BR>[Address Reference Count : 1]<UL><LI> lcdconfigure.o(.constdata)
</UL>
<P><STRONG><a name="[12]"></a>Kitronix320x240x16_SSD2119ColorTranslate</STRONG> (Thumb, 22 bytes, Stack size 0 bytes, lcdconfigure.o(.text))
<BR>[Address Reference Count : 1]<UL><LI> lcdconfigure.o(.constdata)
</UL>
<P><STRONG><a name="[13]"></a>Kitronix320x240x16_SSD2119Flush</STRONG> (Thumb, 2 bytes, Stack size 0 bytes, lcdconfigure.o(.text))
<BR>[Address Reference Count : 1]<UL><LI> lcdconfigure.o(.constdata)
</UL>
<P><STRONG><a name="[90]"></a>_fp_digits</STRONG> (Thumb, 320 bytes, Stack size 56 bytes, printfa.o(i._fp_digits), UNUSED)
<BR><BR>[Calls]<UL><LI><a href="#[7e]">&gt;&gt;</a>&nbsp;&nbsp;&nbsp;__aeabi_uldivmod
<LI><a href="#[87]">&gt;&gt;</a>&nbsp;&nbsp;&nbsp;__aeabi_dmul
<LI><a href="#[88]">&gt;&gt;</a>&nbsp;&nbsp;&nbsp;__aeabi_ddiv
<LI><a href="#[81]">&gt;&gt;</a>&nbsp;&nbsp;&nbsp;__aeabi_dadd
<LI><a href="#[89]">&gt;&gt;</a>&nbsp;&nbsp;&nbsp;__aeabi_d2ulz
<LI><a href="#[91]">&gt;&gt;</a>&nbsp;&nbsp;&nbsp;__aeabi_cdrcmple
</UL>
<BR>[Called By]<UL><LI><a href="#[8f]">&gt;&gt;</a>&nbsp;&nbsp;&nbsp;_printf_core
</UL>

<P><STRONG><a name="[8f]"></a>_printf_core</STRONG> (Thumb, 1818 bytes, Stack size 136 bytes, printfa.o(i._printf_core), UNUSED)
<BR><BR>[Calls]<UL><LI><a href="#[7e]">&gt;&gt;</a>&nbsp;&nbsp;&nbsp;__aeabi_uldivmod
<LI><a href="#[94]">&gt;&gt;</a>&nbsp;&nbsp;&nbsp;__aeabi_uidivmod
<LI><a href="#[92]">&gt;&gt;</a>&nbsp;&nbsp;&nbsp;_printf_pre_padding
<LI><a href="#[93]">&gt;&gt;</a>&nbsp;&nbsp;&nbsp;_printf_post_padding
<LI><a href="#[90]">&gt;&gt;</a>&nbsp;&nbsp;&nbsp;_fp_digits
</UL>
<BR>[Called By]<UL><LI><a href="#[8e]">&gt;&gt;</a>&nbsp;&nbsp;&nbsp;__0sprintf
</UL>

<P><STRONG><a name="[93]"></a>_printf_post_padding</STRONG> (Thumb, 38 bytes, Stack size 24 bytes, printfa.o(i._printf_post_padding), UNUSED)
<BR><BR>[Called By]<UL><LI><a href="#[8f]">&gt;&gt;</a>&nbsp;&nbsp;&nbsp;_printf_core
</UL>

<P><STRONG><a name="[92]"></a>_printf_pre_padding</STRONG> (Thumb, 46 bytes, Stack size 24 bytes, printfa.o(i._printf_pre_padding), UNUSED)
<BR><BR>[Called By]<UL><LI><a href="#[8f]">&gt;&gt;</a>&nbsp;&nbsp;&nbsp;_printf_core
</UL>

<P><STRONG><a name="[c]"></a>_sputc</STRONG> (Thumb, 10 bytes, Stack size 0 bytes, printfa.o(i._sputc))
<BR><BR>[Called By]<UL><LI><a href="#[8e]">&gt;&gt;</a>&nbsp;&nbsp;&nbsp;__0sprintf
</UL>
<BR>[Address Reference Count : 1]<UL><LI> printfa.o(i.__0sprintf)
</UL><P>
<H3>
Undefined Global Symbols
</H3><HR></body></html>
