ARM Linker, 4.1 [Build 644] [Evaluation]

==============================================================================

Section Cross References

    startup.o(RESET) refers to startup.o(STACK) for StackMem
    startup.o(RESET) refers to systickisr.o(.text) for SysTick_ISR
    startup.o(RESET) refers to uartisr.o(.text) for UART0_ISR
    startup.o(RESET) refers to i2cisr.o(.text) for I2C0_ISR
    startup.o(RESET) refers to timerisr.o(.text) for Timer0A_ISR
    startup.o(RESET) refers to entry.o(.ARM.Collect$$$$00000000) for __main
    main.o(.text) refers to sysctlconfigure.o(.text) for ClockInitial
    main.o(.text) refers to gpiodriverconfigure.o(.text) for GPIOInitial
    main.o(.text) refers to systickconfigure.o(.text) for SysTickInitial
    main.o(.text) refers to timerconfigure.o(.text) for TimerInitial
    main.o(.text) refers to uartconfigure.o(.text) for UART0Initial
    main.o(.text) refers to i2cconfigure.o(.text) for I2C0MasterInitial
    main.o(.text) refers to printf6.o(i.__0sprintf$6) for __2sprintf
    main.o(.text) refers to systick.o(i.SysTickEnable) for SysTickEnable
    main.o(.text) refers to interrupt.o(i.IntMasterEnable) for IntMasterEnable
    main.o(.text) refers to timer.o(i.TimerEnable) for TimerEnable
    main.o(.text) refers to timer.o(i.TimerDisable) for TimerDisable
    main.o(.text) refers to main.o(.data) for .data
    main.o(.text) refers to nixietubeconfigure.o(.data) for NixieTube
    main.o(.text) refers to systickisr.o(.data) for KeyNumber
    gpiodriverconfigure.o(.text) refers to sysctl.o(i.SysCtlPeripheralEnable) for SysCtlPeripheralEnable
    gpiodriverconfigure.o(.text) refers to gpio.o(i.GPIOPinConfigure) for GPIOPinConfigure
    gpiodriverconfigure.o(.text) refers to gpio.o(i.GPIOPinTypeGPIOOutput) for GPIOPinTypeGPIOOutput
    gpiodriverconfigure.o(.text) refers to gpio.o(i.GPIOPinTypeGPIOInput) for GPIOPinTypeGPIOInput
    gpiodriverconfigure.o(.text) refers to gpio.o(i.GPIOPinTypeUART) for GPIOPinTypeUART
    gpiodriverconfigure.o(.text) refers to gpio.o(i.GPIOPinTypeI2C) for GPIOPinTypeI2C
    gpiodriverconfigure.o(.text) refers to gpio.o(i.GPIOPadConfigSet) for GPIOPadConfigSet
    gpiodriverconfigure.o(.text) refers to sysctl.o(i.SysCtlClockGet) for SysCtlClockGet
    gpiodriverconfigure.o(.text) refers to sysctl.o(.emb_text) for SysCtlDelay
    gpiodriverconfigure.o(.text) refers to gpio.o(i.GPIOPinRead) for GPIOPinRead
    sysctlconfigure.o(.text) refers to sysctl.o(i.SysCtlLDOSet) for SysCtlLDOSet
    sysctlconfigure.o(.text) refers to sysctl.o(i.SysCtlClockSet) for SysCtlClockSet
    sysctlconfigure.o(.text) refers to sysctl.o(i.SysCtlClockGet) for SysCtlClockGet
    sysctlconfigure.o(.text) refers to sysctlconfigure.o(.data) for .data
    systickconfigure.o(.text) refers to systick.o(i.SysTickPeriodSet) for SysTickPeriodSet
    systickconfigure.o(.text) refers to systick.o(i.SysTickIntEnable) for SysTickIntEnable
    systickconfigure.o(.text) refers to sysctlconfigure.o(.data) for TheSysClock
    timerconfigure.o(.text) refers to sysctl.o(i.SysCtlPeripheralEnable) for SysCtlPeripheralEnable
    timerconfigure.o(.text) refers to timer.o(i.TimerConfigure) for TimerConfigure
    timerconfigure.o(.text) refers to timer.o(i.TimerLoadSet) for TimerLoadSet
    timerconfigure.o(.text) refers to timer.o(i.TimerIntEnable) for TimerIntEnable
    timerconfigure.o(.text) refers to interrupt.o(i.IntEnable) for IntEnable
    timerconfigure.o(.text) refers to sysctlconfigure.o(.data) for TheSysClock
    watchdogconfigure.o(.text) refers to sysctl.o(i.SysCtlPeripheralEnable) for SysCtlPeripheralEnable
    watchdogconfigure.o(.text) refers to watchdog.o(i.WatchdogResetEnable) for WatchdogResetEnable
    watchdogconfigure.o(.text) refers to watchdog.o(i.WatchdogStallEnable) for WatchdogStallEnable
    watchdogconfigure.o(.text) refers to watchdog.o(i.WatchdogReloadSet) for WatchdogReloadSet
    watchdogconfigure.o(.text) refers to watchdog.o(i.WatchdogEnable) for WatchdogEnable
    watchdogconfigure.o(.text) refers to watchdog.o(i.WatchdogLock) for WatchdogLock
    watchdogconfigure.o(.text) refers to watchdog.o(i.WatchdogUnlock) for WatchdogUnlock
    watchdogconfigure.o(.text) refers to watchdog.o(i.WatchdogIntClear) for WatchdogIntClear
    watchdogconfigure.o(.text) refers to sysctlconfigure.o(.data) for TheSysClock
    uartconfigure.o(.text) refers to uart.o(i.UARTCharPut) for UARTCharPut
    uartconfigure.o(.text) refers to sysctl.o(i.SysCtlPeripheralEnable) for SysCtlPeripheralEnable
    uartconfigure.o(.text) refers to sysctl.o(i.SysCtlClockGet) for SysCtlClockGet
    uartconfigure.o(.text) refers to uart.o(i.UARTConfigSetExpClk) for UARTConfigSetExpClk
    uartconfigure.o(.text) refers to uart.o(i.UARTFIFOLevelSet) for UARTFIFOLevelSet
    uartconfigure.o(.text) refers to uart.o(i.UARTIntEnable) for UARTIntEnable
    uartconfigure.o(.text) refers to interrupt.o(i.IntEnable) for IntEnable
    uartconfigure.o(.text) refers to uart.o(i.UARTEnable) for UARTEnable
    uartconfigure.o(.text) refers to printf6.o(i.__0sprintf$6) for __2sprintf
    uartconfigure.o(.text) refers to sysctl.o(i.SysCtlLDOGet) for SysCtlLDOGet
    uartconfigure.o(.text) refers to sysctl.o(i.SysCtlResetCauseGet) for SysCtlResetCauseGet
    uartconfigure.o(.text) refers to sysctl.o(i.SysCtlFlashSizeGet) for SysCtlFlashSizeGet
    uartconfigure.o(.text) refers to sysctl.o(i.SysCtlSRAMSizeGet) for SysCtlSRAMSizeGet
    i2cconfigure.o(.text) refers to i2c.o(i.I2CMasterSlaveAddrSet) for I2CMasterSlaveAddrSet
    i2cconfigure.o(.text) refers to i2c.o(i.I2CMasterDataPut) for I2CMasterDataPut
    i2cconfigure.o(.text) refers to i2c.o(i.I2CMasterControl) for I2CMasterControl
    i2cconfigure.o(.text) refers to i2c.o(i.I2CMasterBusy) for I2CMasterBusy
    i2cconfigure.o(.text) refers to i2c.o(i.I2CMasterErr) for I2CMasterErr
    i2cconfigure.o(.text) refers to uartconfigure.o(.text) for UARTStringPut
    i2cconfigure.o(.text) refers to sysctl.o(i.SysCtlPeripheralEnable) for SysCtlPeripheralEnable
    i2cconfigure.o(.text) refers to sysctl.o(i.SysCtlClockGet) for SysCtlClockGet
    i2cconfigure.o(.text) refers to i2c.o(i.I2CMasterInitExpClk) for I2CMasterInitExpClk
    i2cconfigure.o(.text) refers to i2c.o(i.I2CMasterEnable) for I2CMasterEnable
    i2cconfigure.o(.text) refers to i2c.o(i.I2CMasterIntEnable) for I2CMasterIntEnable
    i2cconfigure.o(.text) refers to sysctl.o(.emb_text) for SysCtlDelay
    i2cconfigure.o(.text) refers to interrupt.o(i.IntEnable) for IntEnable
    i2cconfigure.o(.text) refers to nixietubeconfigure.o(.text) for NixieTubeCoding
    i2cconfigure.o(.text) refers to nixietubeconfigure.o(.data) for LEDSerial
    nixietubeconfigure.o(.text) refers to nixietubeconfigure.o(.data) for .data
    nixietubeconfigure.o(.text) refers to nixietubeconfigure.o(.constdata) for .constdata
    systickisr.o(.text) refers to gpiodriverconfigure.o(.text) for GetKeyNumber
    systickisr.o(.text) refers to i2cconfigure.o(.text) for I2C0DeviceRefresh
    systickisr.o(.text) refers to systickisr.o(.data) for .data
    timerisr.o(.text) refers to timer.o(i.TimerIntStatus) for TimerIntStatus
    timerisr.o(.text) refers to timer.o(i.TimerIntClear) for TimerIntClear
    timerisr.o(.text) refers to printf6.o(i.__0sprintf$6) for __2sprintf
    timerisr.o(.text) refers to main.o(.data) for CounterMinute
    timerisr.o(.text) refers to nixietubeconfigure.o(.data) for LEDSerial
    timerisr.o(.text) refers to nixietubeconfigure.o(.data) for NixieTube
    uartisr.o(.text) refers to uart.o(i.UARTIntStatus) for UARTIntStatus
    uartisr.o(.text) refers to uart.o(i.UARTIntClear) for UARTIntClear
    uartisr.o(.text) refers to uart.o(i.UARTCharGetNonBlocking) for UARTCharGetNonBlocking
    uartisr.o(.text) refers to timer.o(i.TimerDisable) for TimerDisable
    uartisr.o(.text) refers to timer.o(i.TimerEnable) for TimerEnable
    i2cisr.o(.text) refers to i2c.o(i.I2CMasterIntStatus) for I2CMasterIntStatus
    i2cisr.o(.text) refers to i2c.o(i.I2CMasterIntClear) for I2CMasterIntClear
    i2cisr.o(.text) refers to i2c.o(i.I2CMasterErr) for I2CMasterErr
    i2cisr.o(.text) refers to i2c.o(i.I2CMasterControl) for I2CMasterControl
    i2cisr.o(.text) refers to i2c.o(i.I2CMasterSlaveAddrSet) for I2CMasterSlaveAddrSet
    i2cisr.o(.text) refers to i2c.o(i.I2CMasterDataPut) for I2CMasterDataPut
    i2cisr.o(.text) refers to i2cisr.o(.data) for .data
    i2cisr.o(.text) refers to nixietubeconfigure.o(.data) for NixieTubeSelected1
    i2cisr.o(.text) refers to nixietubeconfigure.o(.data) for LEDSerial
    gpio.o(i.GPIOPinConfigure) refers to gpio.o(.constdata) for .constdata
    gpio.o(i.GPIOPinTypeADC) refers to gpio.o(i.GPIODirModeSet) for GPIODirModeSet
    gpio.o(i.GPIOPinTypeADC) refers to gpio.o(i.GPIOPadConfigSet) for GPIOPadConfigSet
    gpio.o(i.GPIOPinTypeCAN) refers to gpio.o(i.GPIODirModeSet) for GPIODirModeSet
    gpio.o(i.GPIOPinTypeCAN) refers to gpio.o(i.GPIOPadConfigSet) for GPIOPadConfigSet
    gpio.o(i.GPIOPinTypeComparator) refers to gpio.o(i.GPIODirModeSet) for GPIODirModeSet
    gpio.o(i.GPIOPinTypeComparator) refers to gpio.o(i.GPIOPadConfigSet) for GPIOPadConfigSet
    gpio.o(i.GPIOPinTypeEPI) refers to gpio.o(i.GPIODirModeSet) for GPIODirModeSet
    gpio.o(i.GPIOPinTypeEPI) refers to gpio.o(i.GPIOPadConfigSet) for GPIOPadConfigSet
    gpio.o(i.GPIOPinTypeEthernetLED) refers to gpio.o(i.GPIODirModeSet) for GPIODirModeSet
    gpio.o(i.GPIOPinTypeEthernetLED) refers to gpio.o(i.GPIOPadConfigSet) for GPIOPadConfigSet
    gpio.o(i.GPIOPinTypeGPIOInput) refers to gpio.o(i.GPIODirModeSet) for GPIODirModeSet
    gpio.o(i.GPIOPinTypeGPIOInput) refers to gpio.o(i.GPIOPadConfigSet) for GPIOPadConfigSet
    gpio.o(i.GPIOPinTypeGPIOOutput) refers to gpio.o(i.GPIODirModeSet) for GPIODirModeSet
    gpio.o(i.GPIOPinTypeGPIOOutput) refers to gpio.o(i.GPIOPadConfigSet) for GPIOPadConfigSet
    gpio.o(i.GPIOPinTypeGPIOOutputOD) refers to gpio.o(i.GPIODirModeSet) for GPIODirModeSet
    gpio.o(i.GPIOPinTypeGPIOOutputOD) refers to gpio.o(i.GPIOPadConfigSet) for GPIOPadConfigSet
    gpio.o(i.GPIOPinTypeI2C) refers to gpio.o(i.GPIODirModeSet) for GPIODirModeSet
    gpio.o(i.GPIOPinTypeI2C) refers to gpio.o(i.GPIOPadConfigSet) for GPIOPadConfigSet
    gpio.o(i.GPIOPinTypeI2S) refers to gpio.o(i.GPIODirModeSet) for GPIODirModeSet
    gpio.o(i.GPIOPinTypeI2S) refers to gpio.o(i.GPIOPadConfigSet) for GPIOPadConfigSet
    gpio.o(i.GPIOPinTypePWM) refers to gpio.o(i.GPIODirModeSet) for GPIODirModeSet
    gpio.o(i.GPIOPinTypePWM) refers to gpio.o(i.GPIOPadConfigSet) for GPIOPadConfigSet
    gpio.o(i.GPIOPinTypeQEI) refers to gpio.o(i.GPIODirModeSet) for GPIODirModeSet
    gpio.o(i.GPIOPinTypeQEI) refers to gpio.o(i.GPIOPadConfigSet) for GPIOPadConfigSet
    gpio.o(i.GPIOPinTypeSSI) refers to gpio.o(i.GPIODirModeSet) for GPIODirModeSet
    gpio.o(i.GPIOPinTypeSSI) refers to gpio.o(i.GPIOPadConfigSet) for GPIOPadConfigSet
    gpio.o(i.GPIOPinTypeTimer) refers to gpio.o(i.GPIODirModeSet) for GPIODirModeSet
    gpio.o(i.GPIOPinTypeTimer) refers to gpio.o(i.GPIOPadConfigSet) for GPIOPadConfigSet
    gpio.o(i.GPIOPinTypeUART) refers to gpio.o(i.GPIODirModeSet) for GPIODirModeSet
    gpio.o(i.GPIOPinTypeUART) refers to gpio.o(i.GPIOPadConfigSet) for GPIOPadConfigSet
    gpio.o(i.GPIOPinTypeUSBAnalog) refers to gpio.o(i.GPIODirModeSet) for GPIODirModeSet
    gpio.o(i.GPIOPinTypeUSBAnalog) refers to gpio.o(i.GPIOPadConfigSet) for GPIOPadConfigSet
    gpio.o(i.GPIOPinTypeUSBDigital) refers to gpio.o(i.GPIODirModeSet) for GPIODirModeSet
    gpio.o(i.GPIOPinTypeUSBDigital) refers to gpio.o(i.GPIOPadConfigSet) for GPIOPadConfigSet
    gpio.o(i.GPIOPortIntRegister) refers to gpio.o(i.GPIOGetIntNumber) for GPIOGetIntNumber
    gpio.o(i.GPIOPortIntRegister) refers to interrupt.o(i.IntRegister) for IntRegister
    gpio.o(i.GPIOPortIntRegister) refers to interrupt.o(i.IntEnable) for IntEnable
    gpio.o(i.GPIOPortIntUnregister) refers to gpio.o(i.GPIOGetIntNumber) for GPIOGetIntNumber
    gpio.o(i.GPIOPortIntUnregister) refers to interrupt.o(i.IntDisable) for IntDisable
    gpio.o(i.GPIOPortIntUnregister) refers to interrupt.o(i.IntUnregister) for IntUnregister
    i2c.o(i.I2CIntRegister) refers to interrupt.o(i.IntRegister) for IntRegister
    i2c.o(i.I2CIntRegister) refers to interrupt.o(i.IntEnable) for IntEnable
    i2c.o(i.I2CIntUnregister) refers to interrupt.o(i.IntDisable) for IntDisable
    i2c.o(i.I2CIntUnregister) refers to interrupt.o(i.IntUnregister) for IntUnregister
    interrupt.o(i.IntMasterDisable) refers to cpu.o(.emb_text) for CPUcpsid
    interrupt.o(i.IntMasterEnable) refers to cpu.o(.emb_text) for CPUcpsie
    interrupt.o(i.IntPriorityGet) refers to interrupt.o(.constdata) for .constdata
    interrupt.o(i.IntPriorityGroupingGet) refers to interrupt.o(.constdata) for .constdata
    interrupt.o(i.IntPriorityGroupingSet) refers to interrupt.o(.constdata) for .constdata
    interrupt.o(i.IntPrioritySet) refers to interrupt.o(.constdata) for .constdata
    interrupt.o(i.IntRegister) refers to interrupt.o(vtable) for vtable
    interrupt.o(i.IntUnregister) refers to interrupt.o(i.IntDefaultHandler) for IntDefaultHandler
    interrupt.o(i.IntUnregister) refers to interrupt.o(vtable) for vtable
    sysctl.o(i.SysCtlClockGet) refers to sysctl.o(.constdata) for .constdata
    sysctl.o(i.SysCtlClockSet) refers to sysctl.o(.emb_text) for SysCtlDelay
    sysctl.o(i.SysCtlDeepSleep) refers to cpu.o(.emb_text) for CPUwfi
    sysctl.o(i.SysCtlI2SMClkSet) refers to sysctl.o(.constdata) for .constdata
    sysctl.o(i.SysCtlIntRegister) refers to interrupt.o(i.IntRegister) for IntRegister
    sysctl.o(i.SysCtlIntRegister) refers to interrupt.o(i.IntEnable) for IntEnable
    sysctl.o(i.SysCtlIntUnregister) refers to interrupt.o(i.IntDisable) for IntDisable
    sysctl.o(i.SysCtlIntUnregister) refers to interrupt.o(i.IntUnregister) for IntUnregister
    sysctl.o(i.SysCtlPeripheralDeepSleepDisable) refers to sysctl.o(.constdata) for .constdata
    sysctl.o(i.SysCtlPeripheralDeepSleepEnable) refers to sysctl.o(.constdata) for .constdata
    sysctl.o(i.SysCtlPeripheralDisable) refers to sysctl.o(.constdata) for .constdata
    sysctl.o(i.SysCtlPeripheralEnable) refers to sysctl.o(.constdata) for .constdata
    sysctl.o(i.SysCtlPeripheralPresent) refers to sysctl.o(.constdata) for .constdata
    sysctl.o(i.SysCtlPeripheralReset) refers to sysctl.o(.constdata) for .constdata
    sysctl.o(i.SysCtlPeripheralSleepDisable) refers to sysctl.o(.constdata) for .constdata
    sysctl.o(i.SysCtlPeripheralSleepEnable) refers to sysctl.o(.constdata) for .constdata
    sysctl.o(i.SysCtlSleep) refers to cpu.o(.emb_text) for CPUwfi
    systick.o(i.SysTickIntRegister) refers to interrupt.o(i.IntRegister) for IntRegister
    systick.o(i.SysTickIntUnregister) refers to interrupt.o(i.IntUnregister) for IntUnregister
    timer.o(i.TimerIntRegister) refers to interrupt.o(i.IntRegister) for IntRegister
    timer.o(i.TimerIntRegister) refers to interrupt.o(i.IntEnable) for IntEnable
    timer.o(i.TimerIntUnregister) refers to interrupt.o(i.IntDisable) for IntDisable
    timer.o(i.TimerIntUnregister) refers to interrupt.o(i.IntUnregister) for IntUnregister
    timer.o(i.TimerQuiesce) refers to interrupt.o(i.IntDisable) for IntDisable
    timer.o(i.TimerQuiesce) refers to interrupt.o(i.IntUnregister) for IntUnregister
    uart.o(i.UARTIntRegister) refers to interrupt.o(i.IntRegister) for IntRegister
    uart.o(i.UARTIntRegister) refers to interrupt.o(i.IntEnable) for IntEnable
    uart.o(i.UARTIntUnregister) refers to interrupt.o(i.IntDisable) for IntDisable
    uart.o(i.UARTIntUnregister) refers to interrupt.o(i.IntUnregister) for IntUnregister
    watchdog.o(i.WatchdogIntRegister) refers to interrupt.o(i.IntRegister) for IntRegister
    watchdog.o(i.WatchdogIntRegister) refers to interrupt.o(i.IntEnable) for IntEnable
    watchdog.o(i.WatchdogIntUnregister) refers to interrupt.o(i.IntDisable) for IntDisable
    watchdog.o(i.WatchdogIntUnregister) refers to interrupt.o(i.IntUnregister) for IntUnregister
    entry.o(.ARM.Collect$$$$00000000) refers (Special) to entry7.o(.ARM.Collect$$$$00000007) for _main_init
    entry.o(.ARM.Collect$$$$00000000) refers (Special) to entry5.o(.ARM.Collect$$$$00000004) for _main_scatterload
    entry.o(.ARM.Collect$$$$00000000) refers (Special) to entry2.o(.ARM.Collect$$$$00000001) for _main_stk
    printfb.o(i.__0fprintf$bare) refers to printfb.o(i._printf_core) for _printf_core
    printfb.o(i.__0fprintf$bare) refers to fputc.o(i.fputc) for fputc
    printfb.o(i.__0printf$bare) refers to printfb.o(i._printf_core) for _printf_core
    printfb.o(i.__0printf$bare) refers to fputc.o(i.fputc) for fputc
    printfb.o(i.__0printf$bare) refers to stdout.o(.data) for __stdout
    printfb.o(i.__0snprintf$bare) refers to printfb.o(i._printf_core) for _printf_core
    printfb.o(i.__0snprintf$bare) refers to printfb.o(i._snputc) for _snputc
    printfb.o(i.__0sprintf$bare) refers to printfb.o(i._printf_core) for _printf_core
    printfb.o(i.__0sprintf$bare) refers to printfb.o(i._sputc) for _sputc
    printfb.o(i.__0vfprintf$bare) refers to printfb.o(i._printf_core) for _printf_core
    printfb.o(i.__0vfprintf$bare) refers to fputc.o(i.fputc) for fputc
    printfb.o(i.__0vprintf$bare) refers to printfb.o(i._printf_core) for _printf_core
    printfb.o(i.__0vprintf$bare) refers to fputc.o(i.fputc) for fputc
    printfb.o(i.__0vprintf$bare) refers to stdout.o(.data) for __stdout
    printfb.o(i.__0vsnprintf$bare) refers to printfb.o(i._printf_core) for _printf_core
    printfb.o(i.__0vsnprintf$bare) refers to printfb.o(i._snputc) for _snputc
    printfb.o(i.__0vsprintf$bare) refers to printfb.o(i._printf_core) for _printf_core
    printfb.o(i.__0vsprintf$bare) refers to printfb.o(i._sputc) for _sputc
    printf0.o(i.__0fprintf$0) refers to printf0.o(i._printf_core) for _printf_core
    printf0.o(i.__0fprintf$0) refers to fputc.o(i.fputc) for fputc
    printf0.o(i.__0printf$0) refers to printf0.o(i._printf_core) for _printf_core
    printf0.o(i.__0printf$0) refers to fputc.o(i.fputc) for fputc
    printf0.o(i.__0printf$0) refers to stdout.o(.data) for __stdout
    printf0.o(i.__0snprintf$0) refers to printf0.o(i._printf_core) for _printf_core
    printf0.o(i.__0snprintf$0) refers to printf0.o(i._snputc) for _snputc
    printf0.o(i.__0sprintf$0) refers to printf0.o(i._printf_core) for _printf_core
    printf0.o(i.__0sprintf$0) refers to printf0.o(i._sputc) for _sputc
    printf0.o(i.__0vfprintf$0) refers to printf0.o(i._printf_core) for _printf_core
    printf0.o(i.__0vfprintf$0) refers to fputc.o(i.fputc) for fputc
    printf0.o(i.__0vprintf$0) refers to printf0.o(i._printf_core) for _printf_core
    printf0.o(i.__0vprintf$0) refers to fputc.o(i.fputc) for fputc
    printf0.o(i.__0vprintf$0) refers to stdout.o(.data) for __stdout
    printf0.o(i.__0vsnprintf$0) refers to printf0.o(i._printf_core) for _printf_core
    printf0.o(i.__0vsnprintf$0) refers to printf0.o(i._snputc) for _snputc
    printf0.o(i.__0vsprintf$0) refers to printf0.o(i._printf_core) for _printf_core
    printf0.o(i.__0vsprintf$0) refers to printf0.o(i._sputc) for _sputc
    printf1.o(i.__0fprintf$1) refers to printf1.o(i._printf_core) for _printf_core
    printf1.o(i.__0fprintf$1) refers to fputc.o(i.fputc) for fputc
    printf1.o(i.__0printf$1) refers to printf1.o(i._printf_core) for _printf_core
    printf1.o(i.__0printf$1) refers to fputc.o(i.fputc) for fputc
    printf1.o(i.__0printf$1) refers to stdout.o(.data) for __stdout
    printf1.o(i.__0snprintf$1) refers to printf1.o(i._printf_core) for _printf_core
    printf1.o(i.__0snprintf$1) refers to printf1.o(i._snputc) for _snputc
    printf1.o(i.__0sprintf$1) refers to printf1.o(i._printf_core) for _printf_core
    printf1.o(i.__0sprintf$1) refers to printf1.o(i._sputc) for _sputc
    printf1.o(i.__0vfprintf$1) refers to printf1.o(i._printf_core) for _printf_core
    printf1.o(i.__0vfprintf$1) refers to fputc.o(i.fputc) for fputc
    printf1.o(i.__0vprintf$1) refers to printf1.o(i._printf_core) for _printf_core
    printf1.o(i.__0vprintf$1) refers to fputc.o(i.fputc) for fputc
    printf1.o(i.__0vprintf$1) refers to stdout.o(.data) for __stdout
    printf1.o(i.__0vsnprintf$1) refers to printf1.o(i._printf_core) for _printf_core
    printf1.o(i.__0vsnprintf$1) refers to printf1.o(i._snputc) for _snputc
    printf1.o(i.__0vsprintf$1) refers to printf1.o(i._printf_core) for _printf_core
    printf1.o(i.__0vsprintf$1) refers to printf1.o(i._sputc) for _sputc
    printf1.o(i._printf_core) refers to uidiv.o(.text) for __aeabi_uidivmod
    printf2.o(i.__0fprintf$2) refers to printf2.o(i._printf_core) for _printf_core
    printf2.o(i.__0fprintf$2) refers to fputc.o(i.fputc) for fputc
    printf2.o(i.__0printf$2) refers to printf2.o(i._printf_core) for _printf_core
    printf2.o(i.__0printf$2) refers to fputc.o(i.fputc) for fputc
    printf2.o(i.__0printf$2) refers to stdout.o(.data) for __stdout
    printf2.o(i.__0snprintf$2) refers to printf2.o(i._printf_core) for _printf_core
    printf2.o(i.__0snprintf$2) refers to printf2.o(i._snputc) for _snputc
    printf2.o(i.__0sprintf$2) refers to printf2.o(i._printf_core) for _printf_core
    printf2.o(i.__0sprintf$2) refers to printf2.o(i._sputc) for _sputc
    printf2.o(i.__0vfprintf$2) refers to printf2.o(i._printf_core) for _printf_core
    printf2.o(i.__0vfprintf$2) refers to fputc.o(i.fputc) for fputc
    printf2.o(i.__0vprintf$2) refers to printf2.o(i._printf_core) for _printf_core
    printf2.o(i.__0vprintf$2) refers to fputc.o(i.fputc) for fputc
    printf2.o(i.__0vprintf$2) refers to stdout.o(.data) for __stdout
    printf2.o(i.__0vsnprintf$2) refers to printf2.o(i._printf_core) for _printf_core
    printf2.o(i.__0vsnprintf$2) refers to printf2.o(i._snputc) for _snputc
    printf2.o(i.__0vsprintf$2) refers to printf2.o(i._printf_core) for _printf_core
    printf2.o(i.__0vsprintf$2) refers to printf2.o(i._sputc) for _sputc
    printf3.o(i.__0fprintf$3) refers to printf3.o(i._printf_core) for _printf_core
    printf3.o(i.__0fprintf$3) refers to fputc.o(i.fputc) for fputc
    printf3.o(i.__0printf$3) refers to printf3.o(i._printf_core) for _printf_core
    printf3.o(i.__0printf$3) refers to fputc.o(i.fputc) for fputc
    printf3.o(i.__0printf$3) refers to stdout.o(.data) for __stdout
    printf3.o(i.__0snprintf$3) refers to printf3.o(i._printf_core) for _printf_core
    printf3.o(i.__0snprintf$3) refers to printf3.o(i._snputc) for _snputc
    printf3.o(i.__0sprintf$3) refers to printf3.o(i._printf_core) for _printf_core
    printf3.o(i.__0sprintf$3) refers to printf3.o(i._sputc) for _sputc
    printf3.o(i.__0vfprintf$3) refers to printf3.o(i._printf_core) for _printf_core
    printf3.o(i.__0vfprintf$3) refers to fputc.o(i.fputc) for fputc
    printf3.o(i.__0vprintf$3) refers to printf3.o(i._printf_core) for _printf_core
    printf3.o(i.__0vprintf$3) refers to fputc.o(i.fputc) for fputc
    printf3.o(i.__0vprintf$3) refers to stdout.o(.data) for __stdout
    printf3.o(i.__0vsnprintf$3) refers to printf3.o(i._printf_core) for _printf_core
    printf3.o(i.__0vsnprintf$3) refers to printf3.o(i._snputc) for _snputc
    printf3.o(i.__0vsprintf$3) refers to printf3.o(i._printf_core) for _printf_core
    printf3.o(i.__0vsprintf$3) refers to printf3.o(i._sputc) for _sputc
    printf3.o(i._printf_core) refers to uidiv.o(.text) for __aeabi_uidivmod
    printf4.o(i.__0fprintf$4) refers to printf4.o(i._printf_core) for _printf_core
    printf4.o(i.__0fprintf$4) refers to fputc.o(i.fputc) for fputc
    printf4.o(i.__0printf$4) refers to printf4.o(i._printf_core) for _printf_core
    printf4.o(i.__0printf$4) refers to fputc.o(i.fputc) for fputc
    printf4.o(i.__0printf$4) refers to stdout.o(.data) for __stdout
    printf4.o(i.__0snprintf$4) refers to printf4.o(i._printf_core) for _printf_core
    printf4.o(i.__0snprintf$4) refers to printf4.o(i._snputc) for _snputc
    printf4.o(i.__0sprintf$4) refers to printf4.o(i._printf_core) for _printf_core
    printf4.o(i.__0sprintf$4) refers to printf4.o(i._sputc) for _sputc
    printf4.o(i.__0vfprintf$4) refers to printf4.o(i._printf_core) for _printf_core
    printf4.o(i.__0vfprintf$4) refers to fputc.o(i.fputc) for fputc
    printf4.o(i.__0vprintf$4) refers to printf4.o(i._printf_core) for _printf_core
    printf4.o(i.__0vprintf$4) refers to fputc.o(i.fputc) for fputc
    printf4.o(i.__0vprintf$4) refers to stdout.o(.data) for __stdout
    printf4.o(i.__0vsnprintf$4) refers to printf4.o(i._printf_core) for _printf_core
    printf4.o(i.__0vsnprintf$4) refers to printf4.o(i._snputc) for _snputc
    printf4.o(i.__0vsprintf$4) refers to printf4.o(i._printf_core) for _printf_core
    printf4.o(i.__0vsprintf$4) refers to printf4.o(i._sputc) for _sputc
    printf4.o(i._printf_core) refers to uldiv.o(.text) for __aeabi_uldivmod
    printf5.o(i.__0fprintf$5) refers to printf5.o(i._printf_core) for _printf_core
    printf5.o(i.__0fprintf$5) refers to fputc.o(i.fputc) for fputc
    printf5.o(i.__0printf$5) refers to printf5.o(i._printf_core) for _printf_core
    printf5.o(i.__0printf$5) refers to fputc.o(i.fputc) for fputc
    printf5.o(i.__0printf$5) refers to stdout.o(.data) for __stdout
    printf5.o(i.__0snprintf$5) refers to printf5.o(i._printf_core) for _printf_core
    printf5.o(i.__0snprintf$5) refers to printf5.o(i._snputc) for _snputc
    printf5.o(i.__0sprintf$5) refers to printf5.o(i._printf_core) for _printf_core
    printf5.o(i.__0sprintf$5) refers to printf5.o(i._sputc) for _sputc
    printf5.o(i.__0vfprintf$5) refers to printf5.o(i._printf_core) for _printf_core
    printf5.o(i.__0vfprintf$5) refers to fputc.o(i.fputc) for fputc
    printf5.o(i.__0vprintf$5) refers to printf5.o(i._printf_core) for _printf_core
    printf5.o(i.__0vprintf$5) refers to fputc.o(i.fputc) for fputc
    printf5.o(i.__0vprintf$5) refers to stdout.o(.data) for __stdout
    printf5.o(i.__0vsnprintf$5) refers to printf5.o(i._printf_core) for _printf_core
    printf5.o(i.__0vsnprintf$5) refers to printf5.o(i._snputc) for _snputc
    printf5.o(i.__0vsprintf$5) refers to printf5.o(i._printf_core) for _printf_core
    printf5.o(i.__0vsprintf$5) refers to printf5.o(i._sputc) for _sputc
    printf5.o(i._printf_core) refers to uldiv.o(.text) for __aeabi_uldivmod
    printf6.o(i.__0fprintf$6) refers to printf6.o(i._printf_core) for _printf_core
    printf6.o(i.__0fprintf$6) refers to fputc.o(i.fputc) for fputc
    printf6.o(i.__0printf$6) refers to printf6.o(i._printf_core) for _printf_core
    printf6.o(i.__0printf$6) refers to fputc.o(i.fputc) for fputc
    printf6.o(i.__0printf$6) refers to stdout.o(.data) for __stdout
    printf6.o(i.__0snprintf$6) refers to printf6.o(i._printf_core) for _printf_core
    printf6.o(i.__0snprintf$6) refers to printf6.o(i._snputc) for _snputc
    printf6.o(i.__0sprintf$6) refers to printf6.o(i._printf_core) for _printf_core
    printf6.o(i.__0sprintf$6) refers to printf6.o(i._sputc) for _sputc
    printf6.o(i.__0vfprintf$6) refers to printf6.o(i._printf_core) for _printf_core
    printf6.o(i.__0vfprintf$6) refers to fputc.o(i.fputc) for fputc
    printf6.o(i.__0vprintf$6) refers to printf6.o(i._printf_core) for _printf_core
    printf6.o(i.__0vprintf$6) refers to fputc.o(i.fputc) for fputc
    printf6.o(i.__0vprintf$6) refers to stdout.o(.data) for __stdout
    printf6.o(i.__0vsnprintf$6) refers to printf6.o(i._printf_core) for _printf_core
    printf6.o(i.__0vsnprintf$6) refers to printf6.o(i._snputc) for _snputc
    printf6.o(i.__0vsprintf$6) refers to printf6.o(i._printf_core) for _printf_core
    printf6.o(i.__0vsprintf$6) refers to printf6.o(i._sputc) for _sputc
    printf6.o(i._printf_core) refers to printf6.o(i._printf_pre_padding) for _printf_pre_padding
    printf6.o(i._printf_core) refers to uidiv.o(.text) for __aeabi_uidivmod
    printf6.o(i._printf_core) refers to printf6.o(i._printf_post_padding) for _printf_post_padding
    printf7.o(i.__0fprintf$7) refers to printf7.o(i._printf_core) for _printf_core
    printf7.o(i.__0fprintf$7) refers to fputc.o(i.fputc) for fputc
    printf7.o(i.__0printf$7) refers to printf7.o(i._printf_core) for _printf_core
    printf7.o(i.__0printf$7) refers to fputc.o(i.fputc) for fputc
    printf7.o(i.__0printf$7) refers to stdout.o(.data) for __stdout
    printf7.o(i.__0snprintf$7) refers to printf7.o(i._printf_core) for _printf_core
    printf7.o(i.__0snprintf$7) refers to printf7.o(i._snputc) for _snputc
    printf7.o(i.__0sprintf$7) refers to printf7.o(i._printf_core) for _printf_core
    printf7.o(i.__0sprintf$7) refers to printf7.o(i._sputc) for _sputc
    printf7.o(i.__0vfprintf$7) refers to printf7.o(i._printf_core) for _printf_core
    printf7.o(i.__0vfprintf$7) refers to fputc.o(i.fputc) for fputc
    printf7.o(i.__0vprintf$7) refers to printf7.o(i._printf_core) for _printf_core
    printf7.o(i.__0vprintf$7) refers to fputc.o(i.fputc) for fputc
    printf7.o(i.__0vprintf$7) refers to stdout.o(.data) for __stdout
    printf7.o(i.__0vsnprintf$7) refers to printf7.o(i._printf_core) for _printf_core
    printf7.o(i.__0vsnprintf$7) refers to printf7.o(i._snputc) for _snputc
    printf7.o(i.__0vsprintf$7) refers to printf7.o(i._printf_core) for _printf_core
    printf7.o(i.__0vsprintf$7) refers to printf7.o(i._sputc) for _sputc
    printf7.o(i._printf_core) refers to printf7.o(i._printf_pre_padding) for _printf_pre_padding
    printf7.o(i._printf_core) refers to uldiv.o(.text) for __aeabi_uldivmod
    printf7.o(i._printf_core) refers to printf7.o(i._printf_post_padding) for _printf_post_padding
    printf8.o(i.__0fprintf$8) refers to printf8.o(i._printf_core) for _printf_core
    printf8.o(i.__0fprintf$8) refers to fputc.o(i.fputc) for fputc
    printf8.o(i.__0printf$8) refers to printf8.o(i._printf_core) for _printf_core
    printf8.o(i.__0printf$8) refers to fputc.o(i.fputc) for fputc
    printf8.o(i.__0printf$8) refers to stdout.o(.data) for __stdout
    printf8.o(i.__0snprintf$8) refers to printf8.o(i._printf_core) for _printf_core
    printf8.o(i.__0snprintf$8) refers to printf8.o(i._snputc) for _snputc
    printf8.o(i.__0sprintf$8) refers to printf8.o(i._printf_core) for _printf_core
    printf8.o(i.__0sprintf$8) refers to printf8.o(i._sputc) for _sputc
    printf8.o(i.__0vfprintf$8) refers to printf8.o(i._printf_core) for _printf_core
    printf8.o(i.__0vfprintf$8) refers to fputc.o(i.fputc) for fputc
    printf8.o(i.__0vprintf$8) refers to printf8.o(i._printf_core) for _printf_core
    printf8.o(i.__0vprintf$8) refers to fputc.o(i.fputc) for fputc
    printf8.o(i.__0vprintf$8) refers to stdout.o(.data) for __stdout
    printf8.o(i.__0vsnprintf$8) refers to printf8.o(i._printf_core) for _printf_core
    printf8.o(i.__0vsnprintf$8) refers to printf8.o(i._snputc) for _snputc
    printf8.o(i.__0vsprintf$8) refers to printf8.o(i._printf_core) for _printf_core
    printf8.o(i.__0vsprintf$8) refers to printf8.o(i._sputc) for _sputc
    printf8.o(i._printf_core) refers to printf8.o(i._printf_pre_padding) for _printf_pre_padding
    printf8.o(i._printf_core) refers to uldiv.o(.text) for __aeabi_uldivmod
    printf8.o(i._printf_core) refers to printf8.o(i._printf_post_padding) for _printf_post_padding
    printfa.o(i.__0fprintf) refers (Special) to iusefp.o(.text) for __I$use$fp
    printfa.o(i.__0fprintf) refers to printfa.o(i._printf_core) for _printf_core
    printfa.o(i.__0fprintf) refers to fputc.o(i.fputc) for fputc
    printfa.o(i.__0printf) refers (Special) to iusefp.o(.text) for __I$use$fp
    printfa.o(i.__0printf) refers to printfa.o(i._printf_core) for _printf_core
    printfa.o(i.__0printf) refers to fputc.o(i.fputc) for fputc
    printfa.o(i.__0printf) refers to stdout.o(.data) for __stdout
    printfa.o(i.__0snprintf) refers (Special) to iusefp.o(.text) for __I$use$fp
    printfa.o(i.__0snprintf) refers to printfa.o(i._printf_core) for _printf_core
    printfa.o(i.__0snprintf) refers to printfa.o(i._snputc) for _snputc
    printfa.o(i.__0sprintf) refers (Special) to iusefp.o(.text) for __I$use$fp
    printfa.o(i.__0sprintf) refers to printfa.o(i._printf_core) for _printf_core
    printfa.o(i.__0sprintf) refers to printfa.o(i._sputc) for _sputc
    printfa.o(i.__0vfprintf) refers (Special) to iusefp.o(.text) for __I$use$fp
    printfa.o(i.__0vfprintf) refers to printfa.o(i._printf_core) for _printf_core
    printfa.o(i.__0vfprintf) refers to fputc.o(i.fputc) for fputc
    printfa.o(i.__0vprintf) refers (Special) to iusefp.o(.text) for __I$use$fp
    printfa.o(i.__0vprintf) refers to printfa.o(i._printf_core) for _printf_core
    printfa.o(i.__0vprintf) refers to fputc.o(i.fputc) for fputc
    printfa.o(i.__0vprintf) refers to stdout.o(.data) for __stdout
    printfa.o(i.__0vsnprintf) refers (Special) to iusefp.o(.text) for __I$use$fp
    printfa.o(i.__0vsnprintf) refers to printfa.o(i._printf_core) for _printf_core
    printfa.o(i.__0vsnprintf) refers to printfa.o(i._snputc) for _snputc
    printfa.o(i.__0vsprintf) refers (Special) to iusefp.o(.text) for __I$use$fp
    printfa.o(i.__0vsprintf) refers to printfa.o(i._printf_core) for _printf_core
    printfa.o(i.__0vsprintf) refers to printfa.o(i._sputc) for _sputc
    printfa.o(i._fp_digits) refers (Special) to iusefp.o(.text) for __I$use$fp
    printfa.o(i._fp_digits) refers to dmul.o(.text) for __aeabi_dmul
    printfa.o(i._fp_digits) refers to ddiv.o(.text) for __aeabi_ddiv
    printfa.o(i._fp_digits) refers to cdrcmple.o(.text) for __aeabi_cdrcmple
    printfa.o(i._fp_digits) refers to dadd.o(.text) for __aeabi_dadd
    printfa.o(i._fp_digits) refers to dfixul.o(.text) for __aeabi_d2ulz
    printfa.o(i._fp_digits) refers to uldiv.o(.text) for __aeabi_uldivmod
    printfa.o(i._printf_core) refers (Special) to iusefp.o(.text) for __I$use$fp
    printfa.o(i._printf_core) refers to printfa.o(i._printf_pre_padding) for _printf_pre_padding
    printfa.o(i._printf_core) refers to uldiv.o(.text) for __aeabi_uldivmod
    printfa.o(i._printf_core) refers to printfa.o(i._printf_post_padding) for _printf_post_padding
    printfa.o(i._printf_core) refers to printfa.o(i._fp_digits) for _fp_digits
    printfa.o(i._printf_core) refers to uidiv.o(.text) for __aeabi_uidivmod
    printfa.o(i._printf_post_padding) refers (Special) to iusefp.o(.text) for __I$use$fp
    printfa.o(i._printf_pre_padding) refers (Special) to iusefp.o(.text) for __I$use$fp
    printfa.o(i._snputc) refers (Special) to iusefp.o(.text) for __I$use$fp
    printfa.o(i._sputc) refers (Special) to iusefp.o(.text) for __I$use$fp
    entry2.o(.ARM.Collect$$$$00000001) refers to entry2.o(.ARM.Collect$$$$00002712) for __lit__00000000
    entry2.o(.ARM.Collect$$$$00002712) refers to startup.o(STACK) for __initial_sp
    entry2.o(__vectab_stack_and_reset_area) refers to startup.o(STACK) for __initial_sp
    entry2.o(__vectab_stack_and_reset_area) refers to entry.o(.ARM.Collect$$$$00000000) for __main
    entry5.o(.ARM.Collect$$$$00000004) refers to init.o(.text) for __scatterload
    entry7.o(.ARM.Collect$$$$00000007) refers to main.o(.text) for main
    fputc.o(i.fputc) refers (Special) to iusesemip.o(.text) for __I$use$semihosting$fputc
    uldiv.o(.text) refers to llushr.o(.text) for __aeabi_llsr
    uldiv.o(.text) refers to llshl.o(.text) for __aeabi_llsl
    dadd.o(.text) refers to llshl.o(.text) for __aeabi_llsl
    dadd.o(.text) refers to llsshr.o(.text) for __aeabi_lasr
    dadd.o(.text) refers to depilogue.o(.text) for _double_epilogue
    dmul.o(.text) refers to depilogue.o(.text) for _double_epilogue
    ddiv.o(.text) refers to depilogue.o(.text) for _double_round
    dfixul.o(.text) refers to llushr.o(.text) for __aeabi_llsr
    dfixul.o(.text) refers to llshl.o(.text) for __aeabi_llsl
    init.o(.text) refers to entry5.o(.ARM.Collect$$$$00000004) for __main_after_scatterload
    depilogue.o(.text) refers to llshl.o(.text) for __aeabi_llsl
    depilogue.o(.text) refers to llushr.o(.text) for __aeabi_llsr


==============================================================================

Removing Unused input sections from the image.

    Removing startup.o(HEAP), (0 bytes).
    Removing startup.o(.text), (0 bytes).
    Removing watchdogconfigure.o(.text), (84 bytes).
    Removing gpio.o(i.GPIODirModeGet), (34 bytes).
    Removing gpio.o(i.GPIOGetIntNumber), (156 bytes).
    Removing gpio.o(i.GPIOIntTypeGet), (48 bytes).
    Removing gpio.o(i.GPIOIntTypeSet), (58 bytes).
    Removing gpio.o(i.GPIOPadConfigGet), (140 bytes).
    Removing gpio.o(i.GPIOPinIntClear), (6 bytes).
    Removing gpio.o(i.GPIOPinIntDisable), (14 bytes).
    Removing gpio.o(i.GPIOPinIntEnable), (12 bytes).
    Removing gpio.o(i.GPIOPinIntStatus), (14 bytes).
    Removing gpio.o(i.GPIOPinTypeADC), (28 bytes).
    Removing gpio.o(i.GPIOPinTypeCAN), (28 bytes).
    Removing gpio.o(i.GPIOPinTypeComparator), (28 bytes).
    Removing gpio.o(i.GPIOPinTypeEPI), (28 bytes).
    Removing gpio.o(i.GPIOPinTypeEthernetLED), (28 bytes).
    Removing gpio.o(i.GPIOPinTypeGPIOOutputOD), (28 bytes).
    Removing gpio.o(i.GPIOPinTypeI2S), (28 bytes).
    Removing gpio.o(i.GPIOPinTypePWM), (28 bytes).
    Removing gpio.o(i.GPIOPinTypeQEI), (28 bytes).
    Removing gpio.o(i.GPIOPinTypeSSI), (28 bytes).
    Removing gpio.o(i.GPIOPinTypeTimer), (28 bytes).
    Removing gpio.o(i.GPIOPinTypeUSBAnalog), (28 bytes).
    Removing gpio.o(i.GPIOPinTypeUSBDigital), (28 bytes).
    Removing gpio.o(i.GPIOPinWrite), (6 bytes).
    Removing gpio.o(i.GPIOPortIntRegister), (26 bytes).
    Removing gpio.o(i.GPIOPortIntUnregister), (22 bytes).
    Removing i2c.o(i.I2CIntRegister), (32 bytes).
    Removing i2c.o(i.I2CIntUnregister), (32 bytes).
    Removing i2c.o(i.I2CMasterBusBusy), (12 bytes).
    Removing i2c.o(i.I2CMasterDataGet), (4 bytes).
    Removing i2c.o(i.I2CMasterDisable), (10 bytes).
    Removing i2c.o(i.I2CMasterIntDisable), (6 bytes).
    Removing i2c.o(i.I2CSlaveDataGet), (4 bytes).
    Removing i2c.o(i.I2CSlaveDataPut), (4 bytes).
    Removing i2c.o(i.I2CSlaveDisable), (22 bytes).
    Removing i2c.o(i.I2CSlaveEnable), (22 bytes).
    Removing i2c.o(i.I2CSlaveInit), (24 bytes).
    Removing i2c.o(i.I2CSlaveIntClear), (6 bytes).
    Removing i2c.o(i.I2CSlaveIntClearEx), (4 bytes).
    Removing i2c.o(i.I2CSlaveIntDisable), (10 bytes).
    Removing i2c.o(i.I2CSlaveIntDisableEx), (10 bytes).
    Removing i2c.o(i.I2CSlaveIntEnable), (10 bytes).
    Removing i2c.o(i.I2CSlaveIntEnableEx), (8 bytes).
    Removing i2c.o(i.I2CSlaveIntStatus), (24 bytes).
    Removing i2c.o(i.I2CSlaveIntStatusEx), (56 bytes).
    Removing i2c.o(i.I2CSlaveStatus), (4 bytes).
    Removing interrupt.o(i.IntDefaultHandler), (2 bytes).
    Removing interrupt.o(i.IntDisable), (104 bytes).
    Removing interrupt.o(i.IntMasterDisable), (10 bytes).
    Removing interrupt.o(i.IntPendClear), (72 bytes).
    Removing interrupt.o(i.IntPendSet), (90 bytes).
    Removing interrupt.o(i.IntPriorityGet), (28 bytes).
    Removing interrupt.o(i.IntPriorityGroupingGet), (40 bytes).
    Removing interrupt.o(i.IntPriorityGroupingSet), (28 bytes).
    Removing interrupt.o(i.IntPrioritySet), (40 bytes).
    Removing interrupt.o(i.IntRegister), (56 bytes).
    Removing interrupt.o(i.IntUnregister), (20 bytes).
    Removing interrupt.o(.constdata), (104 bytes).
    Removing interrupt.o(vtable), (284 bytes).
    Removing sysctl.o(i.SysCtlADCSpeedGet), (16 bytes).
    Removing sysctl.o(i.SysCtlADCSpeedSet), (32 bytes).
    Removing sysctl.o(i.SysCtlBrownOutConfigSet), (16 bytes).
    Removing sysctl.o(i.SysCtlClkVerificationClear), (20 bytes).
    Removing sysctl.o(i.SysCtlDeepSleep), (32 bytes).
    Removing sysctl.o(i.SysCtlGPIOAHBDisable), (20 bytes).
    Removing sysctl.o(i.SysCtlGPIOAHBEnable), (16 bytes).
    Removing sysctl.o(i.SysCtlI2SMClkSet), (216 bytes).
    Removing sysctl.o(i.SysCtlIOSCVerificationSet), (24 bytes).
    Removing sysctl.o(i.SysCtlIntClear), (12 bytes).
    Removing sysctl.o(i.SysCtlIntDisable), (16 bytes).
    Removing sysctl.o(i.SysCtlIntEnable), (16 bytes).
    Removing sysctl.o(i.SysCtlIntRegister), (20 bytes).
    Removing sysctl.o(i.SysCtlIntStatus), (16 bytes).
    Removing sysctl.o(i.SysCtlIntUnregister), (18 bytes).
    Removing sysctl.o(i.SysCtlLDOConfigSet), (12 bytes).
    Removing sysctl.o(i.SysCtlMOSCVerificationSet), (24 bytes).
    Removing sysctl.o(i.SysCtlPLLVerificationSet), (24 bytes).
    Removing sysctl.o(i.SysCtlPWMClockGet), (24 bytes).
    Removing sysctl.o(i.SysCtlPWMClockSet), (20 bytes).
    Removing sysctl.o(i.SysCtlPeripheralClockGating), (24 bytes).
    Removing sysctl.o(i.SysCtlPeripheralDeepSleepDisable), (32 bytes).
    Removing sysctl.o(i.SysCtlPeripheralDeepSleepEnable), (32 bytes).
    Removing sysctl.o(i.SysCtlPeripheralDisable), (32 bytes).
    Removing sysctl.o(i.SysCtlPeripheralPresent), (64 bytes).
    Removing sysctl.o(i.SysCtlPeripheralReset), (56 bytes).
    Removing sysctl.o(i.SysCtlPeripheralSleepDisable), (32 bytes).
    Removing sysctl.o(i.SysCtlPeripheralSleepEnable), (32 bytes).
    Removing sysctl.o(i.SysCtlPinPresent), (16 bytes).
    Removing sysctl.o(i.SysCtlReset), (16 bytes).
    Removing sysctl.o(i.SysCtlResetCauseClear), (16 bytes).
    Removing sysctl.o(i.SysCtlSleep), (4 bytes).
    Removing sysctl.o(i.SysCtlUSBPLLDisable), (16 bytes).
    Removing sysctl.o(i.SysCtlUSBPLLEnable), (16 bytes).
    Removing systick.o(i.SysTickDisable), (14 bytes).
    Removing systick.o(i.SysTickIntDisable), (14 bytes).
    Removing systick.o(i.SysTickIntRegister), (24 bytes).
    Removing systick.o(i.SysTickIntUnregister), (18 bytes).
    Removing systick.o(i.SysTickPeriodGet), (10 bytes).
    Removing systick.o(i.SysTickValueGet), (8 bytes).
    Removing timer.o(i.TimerControlEvent), (24 bytes).
    Removing timer.o(i.TimerControlLevel), (22 bytes).
    Removing timer.o(i.TimerControlStall), (22 bytes).
    Removing timer.o(i.TimerControlTrigger), (22 bytes).
    Removing timer.o(i.TimerControlWaitOnTrigger), (48 bytes).
    Removing timer.o(i.TimerIntDisable), (10 bytes).
    Removing timer.o(i.TimerIntRegister), (94 bytes).
    Removing timer.o(i.TimerIntUnregister), (88 bytes).
    Removing timer.o(i.TimerLoadGet), (10 bytes).
    Removing timer.o(i.TimerMatchGet), (10 bytes).
    Removing timer.o(i.TimerMatchSet), (18 bytes).
    Removing timer.o(i.TimerPrescaleGet), (10 bytes).
    Removing timer.o(i.TimerPrescaleMatchGet), (10 bytes).
    Removing timer.o(i.TimerPrescaleMatchSet), (18 bytes).
    Removing timer.o(i.TimerPrescaleSet), (18 bytes).
    Removing timer.o(i.TimerQuiesce), (126 bytes).
    Removing timer.o(i.TimerRTCDisable), (10 bytes).
    Removing timer.o(i.TimerRTCEnable), (10 bytes).
    Removing timer.o(i.TimerValueGet), (10 bytes).
    Removing uart.o(i.UARTBreakCtl), (18 bytes).
    Removing uart.o(i.UARTBusy), (8 bytes).
    Removing uart.o(i.UARTCharGet), (12 bytes).
    Removing uart.o(i.UARTCharPutNonBlocking), (18 bytes).
    Removing uart.o(i.UARTCharsAvail), (10 bytes).
    Removing uart.o(i.UARTConfigGetExpClk), (46 bytes).
    Removing uart.o(i.UARTDMADisable), (10 bytes).
    Removing uart.o(i.UARTDMAEnable), (8 bytes).
    Removing uart.o(i.UARTDisable), (30 bytes).
    Removing uart.o(i.UARTDisableSIR), (10 bytes).
    Removing uart.o(i.UARTEnableSIR), (18 bytes).
    Removing uart.o(i.UARTFIFODisable), (10 bytes).
    Removing uart.o(i.UARTFIFOEnable), (10 bytes).
    Removing uart.o(i.UARTFIFOLevelGet), (16 bytes).
    Removing uart.o(i.UARTFlowControlGet), (8 bytes).
    Removing uart.o(i.UARTFlowControlSet), (12 bytes).
    Removing uart.o(i.UARTIntDisable), (10 bytes).
    Removing uart.o(i.UARTIntRegister), (46 bytes).
    Removing uart.o(i.UARTIntUnregister), (46 bytes).
    Removing uart.o(i.UARTModemControlClear), (14 bytes).
    Removing uart.o(i.UARTModemControlGet), (8 bytes).
    Removing uart.o(i.UARTModemControlSet), (12 bytes).
    Removing uart.o(i.UARTModemStatusGet), (10 bytes).
    Removing uart.o(i.UARTParityModeGet), (8 bytes).
    Removing uart.o(i.UARTParityModeSet), (12 bytes).
    Removing uart.o(i.UARTRxErrorClear), (6 bytes).
    Removing uart.o(i.UARTRxErrorGet), (8 bytes).
    Removing uart.o(i.UARTSmartCardDisable), (10 bytes).
    Removing uart.o(i.UARTSmartCardEnable), (22 bytes).
    Removing uart.o(i.UARTSpaceAvail), (10 bytes).
    Removing uart.o(i.UARTTxIntModeGet), (8 bytes).
    Removing uart.o(i.UARTTxIntModeSet), (12 bytes).
    Removing watchdog.o(i.WatchdogEnable), (10 bytes).
    Removing watchdog.o(i.WatchdogIntClear), (6 bytes).
    Removing watchdog.o(i.WatchdogIntEnable), (10 bytes).
    Removing watchdog.o(i.WatchdogIntRegister), (18 bytes).
    Removing watchdog.o(i.WatchdogIntStatus), (10 bytes).
    Removing watchdog.o(i.WatchdogIntUnregister), (18 bytes).
    Removing watchdog.o(i.WatchdogLock), (8 bytes).
    Removing watchdog.o(i.WatchdogLockState), (12 bytes).
    Removing watchdog.o(i.WatchdogReloadGet), (4 bytes).
    Removing watchdog.o(i.WatchdogReloadSet), (4 bytes).
    Removing watchdog.o(i.WatchdogResetDisable), (10 bytes).
    Removing watchdog.o(i.WatchdogResetEnable), (10 bytes).
    Removing watchdog.o(i.WatchdogRunning), (8 bytes).
    Removing watchdog.o(i.WatchdogStallDisable), (14 bytes).
    Removing watchdog.o(i.WatchdogStallEnable), (14 bytes).
    Removing watchdog.o(i.WatchdogUnlock), (12 bytes).
    Removing watchdog.o(i.WatchdogValueGet), (4 bytes).
    Removing dadd.o(.text), (336 bytes).
    Removing dmul.o(.text), (226 bytes).
    Removing ddiv.o(.text), (226 bytes).
    Removing dfixul.o(.text), (48 bytes).
    Removing cdrcmple.o(.text), (40 bytes).
    Removing depilogue.o(.text), (198 bytes).

175 unused section(s) (total 5548 bytes) removed from the image.

==============================================================================

Image Symbol Table

    Local Symbols

    Symbol Name                              Value     Ov Type        Size  Object(Section)

    RESET                                    0x00000000   Section      268  startup.o(RESET)
    ../../microlib/division.c                0x00000000   Number         0  uldiv.o ABSOLUTE
    ../../microlib/division.c                0x00000000   Number         0  uidiv.o ABSOLUTE
    ../../microlib/fpadd.c                   0x00000000   Number         0  dadd.o ABSOLUTE
    ../../microlib/fpdiv.c                   0x00000000   Number         0  ddiv.o ABSOLUTE
    ../../microlib/fpepilogue.c              0x00000000   Number         0  depilogue.o ABSOLUTE
    ../../microlib/fpfix.c                   0x00000000   Number         0  dfixul.o ABSOLUTE
    ../../microlib/fpmul.c                   0x00000000   Number         0  dmul.o ABSOLUTE
    ../../microlib/init/entry.s              0x00000000   Number         0  entry.o ABSOLUTE
    ../../microlib/init/entry.s              0x00000000   Number         0  entry5.o ABSOLUTE
    ../../microlib/init/entry.s              0x00000000   Number         0  entry7.o ABSOLUTE
    ../../microlib/init/entry.s              0x00000000   Number         0  entry2.o ABSOLUTE
    ../../microlib/longlong.c                0x00000000   Number         0  llshl.o ABSOLUTE
    ../../microlib/longlong.c                0x00000000   Number         0  llushr.o ABSOLUTE
    ../../microlib/longlong.c                0x00000000   Number         0  llsshr.o ABSOLUTE
    ../../microlib/printf/printf.c           0x00000000   Number         0  printfa.o ABSOLUTE
    ../../microlib/printf/printf.c           0x00000000   Number         0  printf8.o ABSOLUTE
    ../../microlib/printf/printf.c           0x00000000   Number         0  printf6.o ABSOLUTE
    ../../microlib/printf/printf.c           0x00000000   Number         0  printf5.o ABSOLUTE
    ../../microlib/printf/printf.c           0x00000000   Number         0  printf4.o ABSOLUTE
    ../../microlib/printf/printf.c           0x00000000   Number         0  printf3.o ABSOLUTE
    ../../microlib/printf/printf.c           0x00000000   Number         0  printf2.o ABSOLUTE
    ../../microlib/printf/printf.c           0x00000000   Number         0  printf1.o ABSOLUTE
    ../../microlib/printf/printf.c           0x00000000   Number         0  printfb.o ABSOLUTE
    ../../microlib/printf/printf.c           0x00000000   Number         0  printf0.o ABSOLUTE
    ../../microlib/printf/printf.c           0x00000000   Number         0  printf7.o ABSOLUTE
    ../../microlib/printf/stubs.s            0x00000000   Number         0  stubs.o ABSOLUTE
    ../../microlib/stdio/fputc.c             0x00000000   Number         0  fputc.o ABSOLUTE
    ../../microlib/stdio/streams.c           0x00000000   Number         0  stdout.o ABSOLUTE
    ../../microlib/stubs.s                   0x00000000   Number         0  iusesemip.o ABSOLUTE
    ../../microlib/stubs.s                   0x00000000   Number         0  iusefp.o ABSOLUTE
    GPIODriverConfigure.c                    0x00000000   Number         0  gpiodriverconfigure.o ABSOLUTE
    I2CConfigure.c                           0x00000000   Number         0  i2cconfigure.o ABSOLUTE
    I2CISR.c                                 0x00000000   Number         0  i2cisr.o ABSOLUTE
    NixieTubeConfigure.c                     0x00000000   Number         0  nixietubeconfigure.o ABSOLUTE
    Startup.s                                0x00000000   Number         0  startup.o ABSOLUTE
    SysCtlConfigure.c                        0x00000000   Number         0  sysctlconfigure.o ABSOLUTE
    SysTickConfigure.c                       0x00000000   Number         0  systickconfigure.o ABSOLUTE
    SysTickISR.c                             0x00000000   Number         0  systickisr.o ABSOLUTE
    TimerConfigure.c                         0x00000000   Number         0  timerconfigure.o ABSOLUTE
    TimerISR.c                               0x00000000   Number         0  timerisr.o ABSOLUTE
    UARTConfigure.c                          0x00000000   Number         0  uartconfigure.o ABSOLUTE
    UARTISR.c                                0x00000000   Number         0  uartisr.o ABSOLUTE
    WatchDogConfigure.c                      0x00000000   Number         0  watchdogconfigure.o ABSOLUTE
    cdrcmple.s                               0x00000000   Number         0  cdrcmple.o ABSOLUTE
    cpu.c                                    0x00000000   Number         0  cpu.o ABSOLUTE
    cpu.c                                    0x00000000   Number         0  cpu.o ABSOLUTE
    dc.s                                     0x00000000   Number         0  dc.o ABSOLUTE
    gpio.c                                   0x00000000   Number         0  gpio.o ABSOLUTE
    handlers.s                               0x00000000   Number         0  handlers.o ABSOLUTE
    i2c.c                                    0x00000000   Number         0  i2c.o ABSOLUTE
    init.s                                   0x00000000   Number         0  init.o ABSOLUTE
    interrupt.c                              0x00000000   Number         0  interrupt.o ABSOLUTE
    main.c                                   0x00000000   Number         0  main.o ABSOLUTE
    sysctl.c                                 0x00000000   Number         0  sysctl.o ABSOLUTE
    sysctl.c                                 0x00000000   Number         0  sysctl.o ABSOLUTE
    systick.c                                0x00000000   Number         0  systick.o ABSOLUTE
    timer.c                                  0x00000000   Number         0  timer.o ABSOLUTE
    uart.c                                   0x00000000   Number         0  uart.o ABSOLUTE
    watchdog.c                               0x00000000   Number         0  watchdog.o ABSOLUTE
    NmiSR                                    0x00000105   Thumb Code     0  startup.o(RESET)
    FaultISR                                 0x00000107   Thumb Code     0  startup.o(RESET)
    IntDefaultHandler                        0x00000109   Thumb Code     0  startup.o(RESET)
    .ARM.Collect$$$$00000000                 0x0000010c   Section        0  entry.o(.ARM.Collect$$$$00000000)
    .ARM.Collect$$$$00000001                 0x0000010c   Section        4  entry2.o(.ARM.Collect$$$$00000001)
    .ARM.Collect$$$$00000004                 0x00000110   Section        4  entry5.o(.ARM.Collect$$$$00000004)
    .ARM.Collect$$$$00000007                 0x00000114   Section        8  entry7.o(.ARM.Collect$$$$00000007)
    .ARM.Collect$$$$00002712                 0x0000011c   Section        4  entry2.o(.ARM.Collect$$$$00002712)
    __lit__00000000                          0x0000011c   Data           4  entry2.o(.ARM.Collect$$$$00002712)
    .emb_text                                0x00000120   Section        6  sysctl.o(.emb_text)
    .emb_text                                0x00000128   Section       26  cpu.o(.emb_text)
    .text                                    0x00000144   Section        0  main.o(.text)
    .text                                    0x00000308   Section        0  gpiodriverconfigure.o(.text)
    .text                                    0x0000049c   Section        0  sysctlconfigure.o(.text)
    .text                                    0x000004bc   Section        0  systickconfigure.o(.text)
    .text                                    0x000004d8   Section        0  timerconfigure.o(.text)
    .text                                    0x00000514   Section        0  uartconfigure.o(.text)
    .text                                    0x00000874   Section        0  i2cconfigure.o(.text)
    .text                                    0x00000a10   Section        0  nixietubeconfigure.o(.text)
    .text                                    0x00000b4c   Section        0  systickisr.o(.text)
    .text                                    0x00000bac   Section        0  timerisr.o(.text)
    .text                                    0x00000c58   Section        0  uartisr.o(.text)
    .text                                    0x00000cac   Section        0  i2cisr.o(.text)
    .text                                    0x00000d5c   Section        0  uidiv.o(.text)
    .text                                    0x00000d88   Section       36  init.o(.text)
    i.GPIODirModeSet                         0x00000dac   Section        0  gpio.o(i.GPIODirModeSet)
    i.GPIOPadConfigSet                       0x00000dd4   Section        0  gpio.o(i.GPIOPadConfigSet)
    i.GPIOPinConfigure                       0x00000e84   Section        0  gpio.o(i.GPIOPinConfigure)
    i.GPIOPinRead                            0x00000ecc   Section        0  gpio.o(i.GPIOPinRead)
    i.GPIOPinTypeGPIOInput                   0x00000ed2   Section        0  gpio.o(i.GPIOPinTypeGPIOInput)
    i.GPIOPinTypeGPIOOutput                  0x00000eee   Section        0  gpio.o(i.GPIOPinTypeGPIOOutput)
    i.GPIOPinTypeI2C                         0x00000f0a   Section        0  gpio.o(i.GPIOPinTypeI2C)
    i.GPIOPinTypeUART                        0x00000f26   Section        0  gpio.o(i.GPIOPinTypeUART)
    i.I2CMasterBusy                          0x00000f42   Section        0  i2c.o(i.I2CMasterBusy)
    i.I2CMasterControl                       0x00000f4e   Section        0  i2c.o(i.I2CMasterControl)
    i.I2CMasterDataPut                       0x00000f52   Section        0  i2c.o(i.I2CMasterDataPut)
    i.I2CMasterEnable                        0x00000f56   Section        0  i2c.o(i.I2CMasterEnable)
    i.I2CMasterErr                           0x00000f60   Section        0  i2c.o(i.I2CMasterErr)
    i.I2CMasterInitExpClk                    0x00000f78   Section        0  i2c.o(i.I2CMasterInitExpClk)
    i.I2CMasterIntClear                      0x00000fac   Section        0  i2c.o(i.I2CMasterIntClear)
    i.I2CMasterIntEnable                     0x00000fb4   Section        0  i2c.o(i.I2CMasterIntEnable)
    i.I2CMasterIntStatus                     0x00000fba   Section        0  i2c.o(i.I2CMasterIntStatus)
    i.I2CMasterSlaveAddrSet                  0x00000fd2   Section        0  i2c.o(i.I2CMasterSlaveAddrSet)
    i.IntEnable                              0x00000fda   Section        0  interrupt.o(i.IntEnable)
    i.IntMasterEnable                        0x00001042   Section        0  interrupt.o(i.IntMasterEnable)
    i.SysCtlClockGet                         0x0000104c   Section        0  sysctl.o(i.SysCtlClockGet)
    i.SysCtlClockSet                         0x00001230   Section        0  sysctl.o(i.SysCtlClockSet)
    i.SysCtlFlashSizeGet                     0x00001368   Section        0  sysctl.o(i.SysCtlFlashSizeGet)
    i.SysCtlLDOGet                           0x0000137c   Section        0  sysctl.o(i.SysCtlLDOGet)
    i.SysCtlLDOSet                           0x00001388   Section        0  sysctl.o(i.SysCtlLDOSet)
    i.SysCtlPeripheralEnable                 0x00001394   Section        0  sysctl.o(i.SysCtlPeripheralEnable)
    i.SysCtlResetCauseGet                    0x000013b4   Section        0  sysctl.o(i.SysCtlResetCauseGet)
    i.SysCtlSRAMSizeGet                      0x000013c0   Section        0  sysctl.o(i.SysCtlSRAMSizeGet)
    i.SysTickEnable                          0x000013d4   Section        0  systick.o(i.SysTickEnable)
    i.SysTickIntEnable                       0x000013e2   Section        0  systick.o(i.SysTickIntEnable)
    i.SysTickPeriodSet                       0x000013f0   Section        0  systick.o(i.SysTickPeriodSet)
    i.TimerConfigure                         0x000013fa   Section        0  timer.o(i.TimerConfigure)
    i.TimerDisable                           0x00001416   Section        0  timer.o(i.TimerDisable)
    i.TimerEnable                            0x00001426   Section        0  timer.o(i.TimerEnable)
    i.TimerIntClear                          0x00001434   Section        0  timer.o(i.TimerIntClear)
    i.TimerIntEnable                         0x00001438   Section        0  timer.o(i.TimerIntEnable)
    i.TimerIntStatus                         0x00001440   Section        0  timer.o(i.TimerIntStatus)
    i.TimerLoadSet                           0x0000144a   Section        0  timer.o(i.TimerLoadSet)
    i.UARTCharGetNonBlocking                 0x0000145c   Section        0  uart.o(i.UARTCharGetNonBlocking)
    i.UARTCharPut                            0x0000146c   Section        0  uart.o(i.UARTCharPut)
    i.UARTConfigSetExpClk                    0x00001478   Section        0  uart.o(i.UARTConfigSetExpClk)
    i.UARTEnable                             0x000014e6   Section        0  uart.o(i.UARTEnable)
    i.UARTFIFOLevelSet                       0x000014fa   Section        0  uart.o(i.UARTFIFOLevelSet)
    i.UARTIntClear                           0x00001500   Section        0  uart.o(i.UARTIntClear)
    i.UARTIntEnable                          0x00001504   Section        0  uart.o(i.UARTIntEnable)
    i.UARTIntStatus                          0x0000150c   Section        0  uart.o(i.UARTIntStatus)
    i.__0sprintf$6                           0x00001518   Section        0  printf6.o(i.__0sprintf$6)
    i.__scatterload_copy                     0x00001540   Section       14  handlers.o(i.__scatterload_copy)
    i.__scatterload_null                     0x0000154e   Section        2  handlers.o(i.__scatterload_null)
    i.__scatterload_zeroinit                 0x00001550   Section       14  handlers.o(i.__scatterload_zeroinit)
    i._printf_core                           0x00001560   Section        0  printf6.o(i._printf_core)
    _printf_core                             0x00001561   Thumb Code   818  printf6.o(i._printf_core)
    i._printf_post_padding                   0x00001898   Section        0  printf6.o(i._printf_post_padding)
    _printf_post_padding                     0x00001899   Thumb Code    38  printf6.o(i._printf_post_padding)
    i._printf_pre_padding                    0x000018be   Section        0  printf6.o(i._printf_pre_padding)
    _printf_pre_padding                      0x000018bf   Thumb Code    46  printf6.o(i._printf_pre_padding)
    i._sputc                                 0x000018ec   Section        0  printf6.o(i._sputc)
    _sputc                                   0x000018ed   Thumb Code    10  printf6.o(i._sputc)
    .constdata                               0x000018f6   Section      430  nixietubeconfigure.o(.constdata)
    NixieTubeCodeTable                       0x000018f6   Data          86  nixietubeconfigure.o(.constdata)
    NixieTubeSpecialCodeTable                0x0000194c   Data         344  nixietubeconfigure.o(.constdata)
    .constdata                               0x00001aa4   Section       72  gpio.o(.constdata)
    g_pulGPIOBaseAddrs                       0x00001aa4   Data          72  gpio.o(.constdata)
    .constdata                               0x00001aec   Section      156  sysctl.o(.constdata)
    g_pulDCRegs                              0x00001aec   Data          16  sysctl.o(.constdata)
    g_pulSRCRRegs                            0x00001afc   Data          12  sysctl.o(.constdata)
    g_pulRCGCRegs                            0x00001b08   Data          12  sysctl.o(.constdata)
    g_pulSCGCRegs                            0x00001b14   Data          12  sysctl.o(.constdata)
    g_pulDCGCRegs                            0x00001b20   Data          12  sysctl.o(.constdata)
    g_pulXtals                               0x00001b2c   Data          92  sysctl.o(.constdata)
    .data                                    0x20000000   Section        7  main.o(.data)
    .data                                    0x20000008   Section        4  sysctlconfigure.o(.data)
    .data                                    0x2000000c   Section       12  nixietubeconfigure.o(.data)
    .data                                    0x20000018   Section        1  nixietubeconfigure.o(.data)
    .data                                    0x20000019   Section        6  systickisr.o(.data)
    KeyWaitTime                              0x2000001c   Data           1  systickisr.o(.data)
    KeyNumberHistory                         0x2000001d   Data           1  systickisr.o(.data)
    KeyCounter                               0x2000001e   Data           1  systickisr.o(.data)
    .data                                    0x2000001f   Section        1  i2cisr.o(.data)
    STACK                                    0x20000020   Section     1024  startup.o(STACK)
    StackMem                                 0x20000020   Data           0  startup.o(STACK)

    Global Symbols

    Symbol Name                              Value     Ov Type        Size  Object(Section)

    BuildAttributes$$THM_ISAv4$P$D$K$B$S$PE$A:L22UL41UL21$X:L11$S22US41US21$IEEE1$IW$USESV6$~STKCKD$USESV7$~SHL$OTIME$ROPI$EBA8$MICROLIB$REQ8$PRES8$EABIv2 0x00000000   Number         0  anon$$obj.o ABSOLUTE
    __ARM_use_no_argv                        0x00000000   Number         0  main.o ABSOLUTE
    __Vectors                                0x00000000   Data           0  startup.o(RESET)
    _printf_a                                0x00000000   Number         0  stubs.o ABSOLUTE
    _printf_c                                0x00000000   Number         0  stubs.o ABSOLUTE
    _printf_charcount                        0x00000000   Number         0  stubs.o ABSOLUTE
    _printf_d                                0x00000000   Number         0  stubs.o ABSOLUTE
    _printf_e                                0x00000000   Number         0  stubs.o ABSOLUTE
    _printf_f                                0x00000000   Number         0  stubs.o ABSOLUTE
    _printf_flags                            0x00000000   Number         0  stubs.o ABSOLUTE
    _printf_fp_dec                           0x00000000   Number         0  stubs.o ABSOLUTE
    _printf_fp_hex                           0x00000000   Number         0  stubs.o ABSOLUTE
    _printf_g                                0x00000000   Number         0  stubs.o ABSOLUTE
    _printf_i                                0x00000000   Number         0  stubs.o ABSOLUTE
    _printf_int_dec                          0x00000000   Number         0  stubs.o ABSOLUTE
    _printf_l                                0x00000000   Number         0  stubs.o ABSOLUTE
    _printf_lc                               0x00000000   Number         0  stubs.o ABSOLUTE
    _printf_ll                               0x00000000   Number         0  stubs.o ABSOLUTE
    _printf_lld                              0x00000000   Number         0  stubs.o ABSOLUTE
    _printf_lli                              0x00000000   Number         0  stubs.o ABSOLUTE
    _printf_llo                              0x00000000   Number         0  stubs.o ABSOLUTE
    _printf_llu                              0x00000000   Number         0  stubs.o ABSOLUTE
    _printf_llx                              0x00000000   Number         0  stubs.o ABSOLUTE
    _printf_longlong_dec                     0x00000000   Number         0  stubs.o ABSOLUTE
    _printf_longlong_hex                     0x00000000   Number         0  stubs.o ABSOLUTE
    _printf_longlong_oct                     0x00000000   Number         0  stubs.o ABSOLUTE
    _printf_ls                               0x00000000   Number         0  stubs.o ABSOLUTE
    _printf_mbtowc                           0x00000000   Number         0  stubs.o ABSOLUTE
    _printf_n                                0x00000000   Number         0  stubs.o ABSOLUTE
    _printf_o                                0x00000000   Number         0  stubs.o ABSOLUTE
    _printf_p                                0x00000000   Number         0  stubs.o ABSOLUTE
    _printf_percent                          0x00000000   Number         0  stubs.o ABSOLUTE
    _printf_pre_padding                      0x00000000   Number         0  stubs.o ABSOLUTE
    _printf_return_value                     0x00000000   Number         0  stubs.o ABSOLUTE
    _printf_s                                0x00000000   Number         0  stubs.o ABSOLUTE
    _printf_sizespec                         0x00000000   Number         0  stubs.o ABSOLUTE
    _printf_str                              0x00000000   Number         0  stubs.o ABSOLUTE
    _printf_truncate_signed                  0x00000000   Number         0  stubs.o ABSOLUTE
    _printf_truncate_unsigned                0x00000000   Number         0  stubs.o ABSOLUTE
    _printf_u                                0x00000000   Number         0  stubs.o ABSOLUTE
    _printf_wc                               0x00000000   Number         0  stubs.o ABSOLUTE
    _printf_wctomb                           0x00000000   Number         0  stubs.o ABSOLUTE
    _printf_widthprec                        0x00000000   Number         0  stubs.o ABSOLUTE
    _printf_x                                0x00000000   Number         0  stubs.o ABSOLUTE
    __decompress                              - Undefined Weak Reference
    Reset_Handler                            0x00000101   Thumb Code     0  startup.o(RESET)
    __main                                   0x0000010d   Thumb Code     0  entry.o(.ARM.Collect$$$$00000000)
    _main_stk                                0x0000010d   Thumb Code     0  entry2.o(.ARM.Collect$$$$00000001)
    _main_scatterload                        0x00000111   Thumb Code     0  entry5.o(.ARM.Collect$$$$00000004)
    __main_after_scatterload                 0x00000115   Thumb Code     0  entry5.o(.ARM.Collect$$$$00000004)
    _main_init                               0x00000115   Thumb Code     0  entry7.o(.ARM.Collect$$$$00000007)
    SysCtlDelay                              0x00000121   Thumb Code     6  sysctl.o(.emb_text)
    CPUcpsid                                 0x00000129   Thumb Code     8  cpu.o(.emb_text)
    CPUprimask                               0x00000131   Thumb Code     6  cpu.o(.emb_text)
    CPUcpsie                                 0x00000137   Thumb Code     8  cpu.o(.emb_text)
    CPUwfi                                   0x0000013f   Thumb Code     4  cpu.o(.emb_text)
    main                                     0x00000145   Thumb Code   388  main.o(.text)
    LEDOff                                   0x00000309   Thumb Code    26  gpiodriverconfigure.o(.text)
    GPIOInitial                              0x00000323   Thumb Code   160  gpiodriverconfigure.o(.text)
    LEDOn                                    0x000003c3   Thumb Code    28  gpiodriverconfigure.o(.text)
    LEDOverturn                              0x000003df   Thumb Code    34  gpiodriverconfigure.o(.text)
    GetKeyNumber                             0x00000401   Thumb Code    54  gpiodriverconfigure.o(.text)
    I2C0PullUpTest                           0x00000437   Thumb Code    68  gpiodriverconfigure.o(.text)
    ClockInitial                             0x0000049d   Thumb Code    24  sysctlconfigure.o(.text)
    SysTickInitial                           0x000004bd   Thumb Code    24  systickconfigure.o(.text)
    TimerInitial                             0x000004d9   Thumb Code    48  timerconfigure.o(.text)
    UARTStringPut                            0x00000515   Thumb Code    24  uartconfigure.o(.text)
    UART0Initial                             0x0000052d   Thumb Code    62  uartconfigure.o(.text)
    UART1Initial                             0x0000056b   Thumb Code    40  uartconfigure.o(.text)
    UARTSystemCheckInformationTransmit       0x00000593   Thumb Code   318  uartconfigure.o(.text)
    I2CMasterTransmit_Burst_2Bytes           0x00000875   Thumb Code   100  i2cconfigure.o(.text)
    I2C0MasterInitial                        0x000008d9   Thumb Code   190  i2cconfigure.o(.text)
    I2CMasterSpeedSet                        0x00000997   Thumb Code    44  i2cconfigure.o(.text)
    I2C0DeviceRefresh                        0x000009c3   Thumb Code    38  i2cconfigure.o(.text)
    NixieTubeCoding                          0x00000a11   Thumb Code   306  nixietubeconfigure.o(.text)
    SysTick_ISR                              0x00000b4d   Thumb Code    90  systickisr.o(.text)
    Timer0A_ISR                              0x00000bad   Thumb Code   136  timerisr.o(.text)
    UART0_ISR                                0x00000c59   Thumb Code    76  uartisr.o(.text)
    I2C0_ISR                                 0x00000cad   Thumb Code   152  i2cisr.o(.text)
    __aeabi_uidiv                            0x00000d5d   Thumb Code     0  uidiv.o(.text)
    __aeabi_uidivmod                         0x00000d5d   Thumb Code    44  uidiv.o(.text)
    __scatterload                            0x00000d89   Thumb Code    28  init.o(.text)
    __scatterload_rt2                        0x00000d89   Thumb Code     0  init.o(.text)
    GPIODirModeSet                           0x00000dad   Thumb Code    40  gpio.o(i.GPIODirModeSet)
    GPIOPadConfigSet                         0x00000dd5   Thumb Code   176  gpio.o(i.GPIOPadConfigSet)
    GPIOPinConfigure                         0x00000e85   Thumb Code    62  gpio.o(i.GPIOPinConfigure)
    GPIOPinRead                              0x00000ecd   Thumb Code     6  gpio.o(i.GPIOPinRead)
    GPIOPinTypeGPIOInput                     0x00000ed3   Thumb Code    28  gpio.o(i.GPIOPinTypeGPIOInput)
    GPIOPinTypeGPIOOutput                    0x00000eef   Thumb Code    28  gpio.o(i.GPIOPinTypeGPIOOutput)
    GPIOPinTypeI2C                           0x00000f0b   Thumb Code    28  gpio.o(i.GPIOPinTypeI2C)
    GPIOPinTypeUART                          0x00000f27   Thumb Code    28  gpio.o(i.GPIOPinTypeUART)
    I2CMasterBusy                            0x00000f43   Thumb Code    12  i2c.o(i.I2CMasterBusy)
    I2CMasterControl                         0x00000f4f   Thumb Code     4  i2c.o(i.I2CMasterControl)
    I2CMasterDataPut                         0x00000f53   Thumb Code     4  i2c.o(i.I2CMasterDataPut)
    I2CMasterEnable                          0x00000f57   Thumb Code    10  i2c.o(i.I2CMasterEnable)
    I2CMasterErr                             0x00000f61   Thumb Code    24  i2c.o(i.I2CMasterErr)
    I2CMasterInitExpClk                      0x00000f79   Thumb Code    42  i2c.o(i.I2CMasterInitExpClk)
    I2CMasterIntClear                        0x00000fad   Thumb Code     8  i2c.o(i.I2CMasterIntClear)
    I2CMasterIntEnable                       0x00000fb5   Thumb Code     6  i2c.o(i.I2CMasterIntEnable)
    I2CMasterIntStatus                       0x00000fbb   Thumb Code    24  i2c.o(i.I2CMasterIntStatus)
    I2CMasterSlaveAddrSet                    0x00000fd3   Thumb Code     8  i2c.o(i.I2CMasterSlaveAddrSet)
    IntEnable                                0x00000fdb   Thumb Code   104  interrupt.o(i.IntEnable)
    IntMasterEnable                          0x00001043   Thumb Code    10  interrupt.o(i.IntMasterEnable)
    SysCtlClockGet                           0x0000104d   Thumb Code   438  sysctl.o(i.SysCtlClockGet)
    SysCtlClockSet                           0x00001231   Thumb Code   288  sysctl.o(i.SysCtlClockSet)
    SysCtlFlashSizeGet                       0x00001369   Thumb Code    14  sysctl.o(i.SysCtlFlashSizeGet)
    SysCtlLDOGet                             0x0000137d   Thumb Code     6  sysctl.o(i.SysCtlLDOGet)
    SysCtlLDOSet                             0x00001389   Thumb Code     6  sysctl.o(i.SysCtlLDOSet)
    SysCtlPeripheralEnable                   0x00001395   Thumb Code    26  sysctl.o(i.SysCtlPeripheralEnable)
    SysCtlResetCauseGet                      0x000013b5   Thumb Code     6  sysctl.o(i.SysCtlResetCauseGet)
    SysCtlSRAMSizeGet                        0x000013c1   Thumb Code    16  sysctl.o(i.SysCtlSRAMSizeGet)
    SysTickEnable                            0x000013d5   Thumb Code    14  systick.o(i.SysTickEnable)
    SysTickIntEnable                         0x000013e3   Thumb Code    14  systick.o(i.SysTickIntEnable)
    SysTickPeriodSet                         0x000013f1   Thumb Code    10  systick.o(i.SysTickPeriodSet)
    TimerConfigure                           0x000013fb   Thumb Code    28  timer.o(i.TimerConfigure)
    TimerDisable                             0x00001417   Thumb Code    16  timer.o(i.TimerDisable)
    TimerEnable                              0x00001427   Thumb Code    14  timer.o(i.TimerEnable)
    TimerIntClear                            0x00001435   Thumb Code     4  timer.o(i.TimerIntClear)
    TimerIntEnable                           0x00001439   Thumb Code     8  timer.o(i.TimerIntEnable)
    TimerIntStatus                           0x00001441   Thumb Code    10  timer.o(i.TimerIntStatus)
    TimerLoadSet                             0x0000144b   Thumb Code    18  timer.o(i.TimerLoadSet)
    UARTCharGetNonBlocking                   0x0000145d   Thumb Code    16  uart.o(i.UARTCharGetNonBlocking)
    UARTCharPut                              0x0000146d   Thumb Code    12  uart.o(i.UARTCharPut)
    UARTConfigSetExpClk                      0x00001479   Thumb Code   110  uart.o(i.UARTConfigSetExpClk)
    UARTEnable                               0x000014e7   Thumb Code    20  uart.o(i.UARTEnable)
    UARTFIFOLevelSet                         0x000014fb   Thumb Code     6  uart.o(i.UARTFIFOLevelSet)
    UARTIntClear                             0x00001501   Thumb Code     4  uart.o(i.UARTIntClear)
    UARTIntEnable                            0x00001505   Thumb Code     8  uart.o(i.UARTIntEnable)
    UARTIntStatus                            0x0000150d   Thumb Code    10  uart.o(i.UARTIntStatus)
    __0sprintf$6                             0x00001519   Thumb Code    34  printf6.o(i.__0sprintf$6)
    __1sprintf$6                             0x00001519   Thumb Code     0  printf6.o(i.__0sprintf$6)
    __2sprintf                               0x00001519   Thumb Code     0  printf6.o(i.__0sprintf$6)
    __scatterload_copy                       0x00001541   Thumb Code    14  handlers.o(i.__scatterload_copy)
    __scatterload_null                       0x0000154f   Thumb Code     2  handlers.o(i.__scatterload_null)
    __scatterload_zeroinit                   0x00001551   Thumb Code    14  handlers.o(i.__scatterload_zeroinit)
    Region$$Table$$Base                      0x00001b88   Number         0  anon$$obj.o(Region$$Table)
    Region$$Table$$Limit                     0x00001ba8   Number         0  anon$$obj.o(Region$$Table)
    SystemState                              0x20000000   Data           1  main.o(.data)
    SetFlag                                  0x20000001   Data           1  main.o(.data)
    SetBitFlag                               0x20000002   Data           1  main.o(.data)
    CounterSecond                            0x20000003   Data           1  main.o(.data)
    CounterMinute                            0x20000004   Data           1  main.o(.data)
    SetSecond                                0x20000005   Data           1  main.o(.data)
    SetMinute                                0x20000006   Data           1  main.o(.data)
    TheSysClock                              0x20000008   Data           4  sysctlconfigure.o(.data)
    NixieTubeSlice                           0x2000000c   Data           1  nixietubeconfigure.o(.data)
    NixieTubeSegment                         0x2000000d   Data           1  nixietubeconfigure.o(.data)
    NixieTubeSelected1                       0x2000000e   Data           1  nixietubeconfigure.o(.data)
    NixieTubeSelected2                       0x2000000f   Data           1  nixietubeconfigure.o(.data)
    NixieTubeSpecialSignal1                  0x20000010   Data           1  nixietubeconfigure.o(.data)
    NixieTubeSpecialSignal2                  0x20000011   Data           1  nixietubeconfigure.o(.data)
    NixieTube                                0x20000012   Data           6  nixietubeconfigure.o(.data)
    LEDSerial                                0x20000018   Data           1  nixietubeconfigure.o(.data)
    KeyNumber                                0x20000019   Data           1  systickisr.o(.data)
    KeyNumberPresent                         0x2000001a   Data           1  systickisr.o(.data)
    KeyHoldFlag                              0x2000001b   Data           1  systickisr.o(.data)
    I2C0TransmitionState                     0x2000001f   Data           1  i2cisr.o(.data)
    __initial_sp                             0x20000420   Data           0  startup.o(STACK)



==============================================================================

Memory Map of the image

  Image Entry point : 0x00000101

  Load Region LR_IROM1 (Base: 0x00000000, Size: 0x00001bc8, Max: 0x00040000, ABSOLUTE)

    Execution Region ER_IROM1 (Base: 0x00000000, Size: 0x00001ba8, Max: 0x00040000, ABSOLUTE)

    Base Addr    Size         Type   Attr      Idx    E Section Name        Object

    0x00000000   0x0000010c   Code   RO            3  * RESET               startup.o
    0x0000010c   0x00000000   Code   RO         1692  * .ARM.Collect$$$$00000000  mc_w.l(entry.o)
    0x0000010c   0x00000004   Code   RO         1956    .ARM.Collect$$$$00000001  mc_w.l(entry2.o)
    0x00000110   0x00000004   Code   RO         1959    .ARM.Collect$$$$00000004  mc_w.l(entry5.o)
    0x00000114   0x00000008   Code   RO         1960    .ARM.Collect$$$$00000007  mc_w.l(entry7.o)
    0x0000011c   0x00000004   Code   RO         1957    .ARM.Collect$$$$00002712  mc_w.l(entry2.o)
    0x00000120   0x00000006   Code   RO          821    .emb_text           driverlib.lib(sysctl.o)
    0x00000126   0x00000002   PAD
    0x00000128   0x0000001a   Code   RO         1682    .emb_text           driverlib.lib(cpu.o)
    0x00000142   0x00000002   PAD
    0x00000144   0x000001c4   Code   RO           11    .text               main.o
    0x00000308   0x00000194   Code   RO          127    .text               gpiodriverconfigure.o
    0x0000049c   0x00000020   Code   RO          140    .text               sysctlconfigure.o
    0x000004bc   0x0000001c   Code   RO          158    .text               systickconfigure.o
    0x000004d8   0x0000003c   Code   RO          170    .text               timerconfigure.o
    0x00000514   0x00000360   Code   RO          194    .text               uartconfigure.o
    0x00000874   0x0000019c   Code   RO          207    .text               i2cconfigure.o
    0x00000a10   0x0000013c   Code   RO          219    .text               nixietubeconfigure.o
    0x00000b4c   0x00000060   Code   RO          239    .text               systickisr.o
    0x00000bac   0x000000ac   Code   RO          257    .text               timerisr.o
    0x00000c58   0x00000054   Code   RO          273    .text               uartisr.o
    0x00000cac   0x000000b0   Code   RO          288    .text               i2cisr.o
    0x00000d5c   0x0000002c   Code   RO         1964    .text               mc_w.l(uidiv.o)
    0x00000d88   0x00000024   Code   RO         1979    .text               mc_w.l(init.o)
    0x00000dac   0x00000028   Code   RO          307    i.GPIODirModeSet    driverlib.lib(gpio.o)
    0x00000dd4   0x000000b0   Code   RO          312    i.GPIOPadConfigSet  driverlib.lib(gpio.o)
    0x00000e84   0x00000048   Code   RO          313    i.GPIOPinConfigure  driverlib.lib(gpio.o)
    0x00000ecc   0x00000006   Code   RO          318    i.GPIOPinRead       driverlib.lib(gpio.o)
    0x00000ed2   0x0000001c   Code   RO          324    i.GPIOPinTypeGPIOInput  driverlib.lib(gpio.o)
    0x00000eee   0x0000001c   Code   RO          325    i.GPIOPinTypeGPIOOutput  driverlib.lib(gpio.o)
    0x00000f0a   0x0000001c   Code   RO          327    i.GPIOPinTypeI2C    driverlib.lib(gpio.o)
    0x00000f26   0x0000001c   Code   RO          333    i.GPIOPinTypeUART   driverlib.lib(gpio.o)
    0x00000f42   0x0000000c   Code   RO          538    i.I2CMasterBusy     driverlib.lib(i2c.o)
    0x00000f4e   0x00000004   Code   RO          539    i.I2CMasterControl  driverlib.lib(i2c.o)
    0x00000f52   0x00000004   Code   RO          541    i.I2CMasterDataPut  driverlib.lib(i2c.o)
    0x00000f56   0x0000000a   Code   RO          543    i.I2CMasterEnable   driverlib.lib(i2c.o)
    0x00000f60   0x00000018   Code   RO          544    i.I2CMasterErr      driverlib.lib(i2c.o)
    0x00000f78   0x00000034   Code   RO          545    i.I2CMasterInitExpClk  driverlib.lib(i2c.o)
    0x00000fac   0x00000008   Code   RO          546    i.I2CMasterIntClear  driverlib.lib(i2c.o)
    0x00000fb4   0x00000006   Code   RO          548    i.I2CMasterIntEnable  driverlib.lib(i2c.o)
    0x00000fba   0x00000018   Code   RO          549    i.I2CMasterIntStatus  driverlib.lib(i2c.o)
    0x00000fd2   0x00000008   Code   RO          550    i.I2CMasterSlaveAddrSet  driverlib.lib(i2c.o)
    0x00000fda   0x00000068   Code   RO          731    i.IntEnable         driverlib.lib(interrupt.o)
    0x00001042   0x0000000a   Code   RO          733    i.IntMasterEnable   driverlib.lib(interrupt.o)
    0x0000104c   0x000001e4   Code   RO          826    i.SysCtlClockGet    driverlib.lib(sysctl.o)
    0x00001230   0x00000138   Code   RO          827    i.SysCtlClockSet    driverlib.lib(sysctl.o)
    0x00001368   0x00000014   Code   RO          829    i.SysCtlFlashSizeGet  driverlib.lib(sysctl.o)
    0x0000137c   0x0000000c   Code   RO          841    i.SysCtlLDOGet      driverlib.lib(sysctl.o)
    0x00001388   0x0000000c   Code   RO          842    i.SysCtlLDOSet      driverlib.lib(sysctl.o)
    0x00001394   0x00000020   Code   RO          851    i.SysCtlPeripheralEnable  driverlib.lib(sysctl.o)
    0x000013b4   0x0000000c   Code   RO          859    i.SysCtlResetCauseGet  driverlib.lib(sysctl.o)
    0x000013c0   0x00000014   Code   RO          860    i.SysCtlSRAMSizeGet  driverlib.lib(sysctl.o)
    0x000013d4   0x0000000e   Code   RO         1087    i.SysTickEnable     driverlib.lib(systick.o)
    0x000013e2   0x0000000e   Code   RO         1089    i.SysTickIntEnable  driverlib.lib(systick.o)
    0x000013f0   0x0000000a   Code   RO         1093    i.SysTickPeriodSet  driverlib.lib(systick.o)
    0x000013fa   0x0000001c   Code   RO         1149    i.TimerConfigure    driverlib.lib(timer.o)
    0x00001416   0x00000010   Code   RO         1155    i.TimerDisable      driverlib.lib(timer.o)
    0x00001426   0x0000000e   Code   RO         1156    i.TimerEnable       driverlib.lib(timer.o)
    0x00001434   0x00000004   Code   RO         1157    i.TimerIntClear     driverlib.lib(timer.o)
    0x00001438   0x00000008   Code   RO         1159    i.TimerIntEnable    driverlib.lib(timer.o)
    0x00001440   0x0000000a   Code   RO         1161    i.TimerIntStatus    driverlib.lib(timer.o)
    0x0000144a   0x00000012   Code   RO         1164    i.TimerLoadSet      driverlib.lib(timer.o)
    0x0000145c   0x00000010   Code   RO         1320    i.UARTCharGetNonBlocking  driverlib.lib(uart.o)
    0x0000146c   0x0000000c   Code   RO         1321    i.UARTCharPut       driverlib.lib(uart.o)
    0x00001478   0x0000006e   Code   RO         1325    i.UARTConfigSetExpClk  driverlib.lib(uart.o)
    0x000014e6   0x00000014   Code   RO         1330    i.UARTEnable        driverlib.lib(uart.o)
    0x000014fa   0x00000006   Code   RO         1335    i.UARTFIFOLevelSet  driverlib.lib(uart.o)
    0x00001500   0x00000004   Code   RO         1338    i.UARTIntClear      driverlib.lib(uart.o)
    0x00001504   0x00000008   Code   RO         1340    i.UARTIntEnable     driverlib.lib(uart.o)
    0x0000150c   0x0000000a   Code   RO         1342    i.UARTIntStatus     driverlib.lib(uart.o)
    0x00001516   0x00000002   PAD
    0x00001518   0x00000028   Code   RO         1852    i.__0sprintf$6      mc_w.l(printf6.o)
    0x00001540   0x0000000e   Code   RO         1992    i.__scatterload_copy  mc_w.l(handlers.o)
    0x0000154e   0x00000002   Code   RO         1993    i.__scatterload_null  mc_w.l(handlers.o)
    0x00001550   0x0000000e   Code   RO         1994    i.__scatterload_zeroinit  mc_w.l(handlers.o)
    0x0000155e   0x00000002   PAD
    0x00001560   0x00000338   Code   RO         1857    i._printf_core      mc_w.l(printf6.o)
    0x00001898   0x00000026   Code   RO         1858    i._printf_post_padding  mc_w.l(printf6.o)
    0x000018be   0x0000002e   Code   RO         1859    i._printf_pre_padding  mc_w.l(printf6.o)
    0x000018ec   0x0000000a   Code   RO         1861    i._sputc            mc_w.l(printf6.o)
    0x000018f6   0x000001ae   Data   RO          220    .constdata          nixietubeconfigure.o
    0x00001aa4   0x00000048   Data   RO          339    .constdata          driverlib.lib(gpio.o)
    0x00001aec   0x0000009c   Data   RO          864    .constdata          driverlib.lib(sysctl.o)
    0x00001b88   0x00000020   Data   RO         1990    Region$$Table       anon$$obj.o


    Execution Region RW_IRAM1 (Base: 0x20000000, Size: 0x00000420, Max: 0x00018000, ABSOLUTE)

    Base Addr    Size         Type   Attr      Idx    E Section Name        Object

    0x20000000   0x00000007   Data   RW           12    .data               main.o
    0x20000007   0x00000001   PAD
    0x20000008   0x00000004   Data   RW          141    .data               sysctlconfigure.o
    0x2000000c   0x0000000c   Data   RW          221    .data               nixietubeconfigure.o
    0x20000018   0x00000001   Data   RW          222    .data               nixietubeconfigure.o
    0x20000019   0x00000006   Data   RW          240    .data               systickisr.o
    0x2000001f   0x00000001   Data   RW          289    .data               i2cisr.o
    0x20000020   0x00000400   Zero   RW            1    STACK               startup.o


==============================================================================

Image component sizes


      Code (inc. data)   RO Data    RW Data    ZI Data      Debug   Object Name

       404         34          0          0          0       1937   gpiodriverconfigure.o
       412         40          0          0          0       1467   i2cconfigure.o
       176         34          0          1          0        750   i2cisr.o
       452         64          0          7          0       2476   main.o
       316         16        430         13          0       1730   nixietubeconfigure.o
       268        258          0          0       1024        220   startup.o
        32          8          0          4          0        601   sysctlconfigure.o
        28          4          0          0          0        417   systickconfigure.o
        96          6          0          6          0        839   systickisr.o
        60         12          0          0          0        419   timerconfigure.o
       172         36          0          0          0        558   timerisr.o
       864        420          0          0          0       1727   uartconfigure.o
        84          8          0          0          0        576   uartisr.o

    ----------------------------------------------------------------------
      3364        940        462         32       1024      13717   Object Totals
         0          0         32          0          0          0   (incl. Generated)
         0          0          0          1          0          3   (incl. Padding)

    ----------------------------------------------------------------------

      Code (inc. data)   RO Data    RW Data    ZI Data      Debug   Library Member Name

        26          0          0          0          0        316   cpu.o
       406         10         72          0          0       7739   gpio.o
       152         10          0          0          0       5230   i2c.o
       114          0          0          0          0        994   interrupt.o
       910        104        156          0          0       5824   sysctl.o
        38          0          0          0          0       1170   systick.o
        98          0          0          0          0       3259   timer.o
       186          0          0          0          0       4508   uart.o
         0          0          0          0          0          0   entry.o
         8          4          0          0          0          0   entry2.o
         4          0          0          0          0          0   entry5.o
         8          4          0          0          0          0   entry7.o
        30          0          0          0          0          0   handlers.o
        36          8          0          0          0         68   init.o
       958         12          0          0          0        420   printf6.o
        44          0          0          0          0         80   uidiv.o

    ----------------------------------------------------------------------
      3026        152        228          0          0      29608   Library Totals
         8          0          0          0          0          0   (incl. Padding)

    ----------------------------------------------------------------------

      Code (inc. data)   RO Data    RW Data    ZI Data      Debug   Library Name

      1930        124        228          0          0      29040   driverlib.lib
      1088         28          0          0          0        568   mc_w.l

    ----------------------------------------------------------------------
      3026        152        228          0          0      29608   Library Totals

    ----------------------------------------------------------------------

==============================================================================


      Code (inc. data)   RO Data    RW Data    ZI Data      Debug   

      6390       1092        690         32       1024      40344   Grand Totals
      6390       1092        690         32       1024      40344   ELF Image Totals
      6390       1092        690         32          0          0   ROM Totals

==============================================================================

    Total RO  Size (Code + RO Data)                 7080 (   6.91kB)
    Total RW  Size (RW Data + ZI Data)              1056 (   1.03kB)
    Total ROM Size (Code + RO Data + RW Data)       7112 (   6.95kB)

==============================================================================

