<!doctype html public "-//w3c//dtd html 4.0 transitional//en">
<html><head>
<title>Static Call Graph - [.\rvmdk\Experiment.axf]</title></head>
<body><HR>
<H1>Static Call Graph for image .\rvmdk\Experiment.axf</H1><HR>
<BR><P>#&#060CALLGRAPH&#062# ARM Linker, 4.1 [Build 644]: Last Updated: Mon Jun 04 20:07:37 2012
<BR><P>
<H3>Maximum Stack Usage =         80 bytes + Unknown(Functions without stacksize, Cycles, Untraceable Function Pointers)</H3><H3>
Call chain for Maximum Stack Depth:</H3>
main &rArr; UARTSystemCheckInformationTransmit &rArr; __2sprintf
<P>
<H3>
Functions with no stack information
</H3><UL>
 <LI><a href="#[a]">Reset_Handler</a>
 <LI><a href="#[1]">NmiSR</a>
 <LI><a href="#[2]">FaultISR</a>
 <LI><a href="#[3]">IntDefaultHandler</a>
</UL>
</UL>
<P>
<H3>
Mutually Recursive functions
</H3> <LI><a href="#[35]">UARTCharPut</a>&nbsp;&nbsp;&nbsp;&rArr;&nbsp;&nbsp;&nbsp;<a href="#[35]">UARTCharPut</a><BR>
 <LI><a href="#[31]">UARTConfigSetExpClk</a>&nbsp;&nbsp;&nbsp;&rArr;&nbsp;&nbsp;&nbsp;<a href="#[31]">UARTConfigSetExpClk</a><BR>
 <LI><a href="#[e]">SysCtlDelay</a>&nbsp;&nbsp;&nbsp;&rArr;&nbsp;&nbsp;&nbsp;<a href="#[e]">SysCtlDelay</a><BR>
 <LI><a href="#[1]">NmiSR</a>&nbsp;&nbsp;&nbsp;&rArr;&nbsp;&nbsp;&nbsp;<a href="#[1]">NmiSR</a><BR>
 <LI><a href="#[2]">FaultISR</a>&nbsp;&nbsp;&nbsp;&rArr;&nbsp;&nbsp;&nbsp;<a href="#[2]">FaultISR</a><BR>
 <LI><a href="#[3]">IntDefaultHandler</a>&nbsp;&nbsp;&nbsp;&rArr;&nbsp;&nbsp;&nbsp;<a href="#[3]">IntDefaultHandler</a><BR>
</UL>
<P>
<H3>
Function Pointers
</H3><UL>
 <LI><a href="#[2]">FaultISR</a> from startup.o(RESET) referenced from startup.o(RESET)
 <LI><a href="#[6]">I2C0_ISR</a> from i2cisr.o(.text) referenced from startup.o(RESET)
 <LI><a href="#[3]">IntDefaultHandler</a> from startup.o(RESET) referenced 51 times from startup.o(RESET)
 <LI><a href="#[1]">NmiSR</a> from startup.o(RESET) referenced from startup.o(RESET)
 <LI><a href="#[a]">Reset_Handler</a> from startup.o(RESET) referenced from startup.o(RESET)
 <LI><a href="#[4]">SysTick_ISR</a> from systickisr.o(.text) referenced from startup.o(RESET)
 <LI><a href="#[7]">Timer0A_ISR</a> from timerisr.o(.text) referenced from startup.o(RESET)
 <LI><a href="#[5]">UART0_ISR</a> from uartisr.o(.text) referenced from startup.o(RESET)
 <LI><a href="#[9]">_sputc</a> from printf6.o(i._sputc) referenced from printf6.o(i.__0sprintf$6)
 <LI><a href="#[8]">main</a> from main.o(.text) referenced from entry7.o(.ARM.Collect$$$$00000007)
</UL>
<P>
<H3>
Global Symbols
</H3>
<P><STRONG><a name="[a]"></a>Reset_Handler</STRONG> (Thumb, 0 bytes, Stack size unknown bytes, startup.o(RESET))
<BR><BR>[Calls]<UL><LI><a href="#[b]">&gt;&gt;</a>&nbsp;&nbsp;&nbsp;__main
</UL>

<P><STRONG><a name="[b]"></a>__main</STRONG> (Thumb, 0 bytes, Stack size unknown bytes, entry.o(.ARM.Collect$$$$00000000))
<BR><BR>[Called By]<UL><LI><a href="#[a]">&gt;&gt;</a>&nbsp;&nbsp;&nbsp;Reset_Handler
</UL>

<P><STRONG><a name="[5e]"></a>_main_stk</STRONG> (Thumb, 0 bytes, Stack size unknown bytes, entry2.o(.ARM.Collect$$$$00000001))

<P><STRONG><a name="[c]"></a>_main_scatterload</STRONG> (Thumb, 0 bytes, Stack size unknown bytes, entry5.o(.ARM.Collect$$$$00000004))
<BR><BR>[Calls]<UL><LI><a href="#[d]">&gt;&gt;</a>&nbsp;&nbsp;&nbsp;__scatterload
</UL>

<P><STRONG><a name="[56]"></a>__main_after_scatterload</STRONG> (Thumb, 0 bytes, Stack size unknown bytes, entry5.o(.ARM.Collect$$$$00000004))
<BR><BR>[Called By]<UL><LI><a href="#[d]">&gt;&gt;</a>&nbsp;&nbsp;&nbsp;__scatterload
</UL>

<P><STRONG><a name="[5f]"></a>_main_init</STRONG> (Thumb, 0 bytes, Stack size unknown bytes, entry7.o(.ARM.Collect$$$$00000007))

<P><STRONG><a name="[e]"></a>SysCtlDelay</STRONG> (Thumb, 6 bytes, Stack size 0 bytes, sysctl.o(.emb_text))
<BR><BR>[Calls]<UL><LI><a href="#[e]">&gt;&gt;</a>&nbsp;&nbsp;&nbsp;SysCtlDelay
</UL>
<BR>[Called By]<UL><LI><a href="#[2a]">&gt;&gt;</a>&nbsp;&nbsp;&nbsp;SysCtlClockSet
<LI><a href="#[e]">&gt;&gt;</a>&nbsp;&nbsp;&nbsp;SysCtlDelay
<LI><a href="#[15]">&gt;&gt;</a>&nbsp;&nbsp;&nbsp;I2C0PullUpTest
<LI><a href="#[16]">&gt;&gt;</a>&nbsp;&nbsp;&nbsp;I2C0MasterInitial
</UL>

<P><STRONG><a name="[60]"></a>CPUcpsid</STRONG> (Thumb, 8 bytes, Stack size 0 bytes, cpu.o(.emb_text), UNUSED)

<P><STRONG><a name="[61]"></a>CPUprimask</STRONG> (Thumb, 6 bytes, Stack size 0 bytes, cpu.o(.emb_text), UNUSED)

<P><STRONG><a name="[58]"></a>CPUcpsie</STRONG> (Thumb, 8 bytes, Stack size 0 bytes, cpu.o(.emb_text))
<BR><BR>[Called By]<UL><LI><a href="#[1a]">&gt;&gt;</a>&nbsp;&nbsp;&nbsp;IntMasterEnable
</UL>

<P><STRONG><a name="[62]"></a>CPUwfi</STRONG> (Thumb, 4 bytes, Stack size 0 bytes, cpu.o(.emb_text), UNUSED)

<P><STRONG><a name="[8]"></a>main</STRONG> (Thumb, 374 bytes, Stack size 0 bytes, main.o(.text))
<BR><BR>[Stack]<UL><LI>Max Depth = 80<LI>Call Chain = main &rArr; UARTSystemCheckInformationTransmit &rArr; __2sprintf
</UL>
<BR>[Calls]<UL><LI><a href="#[18]">&gt;&gt;</a>&nbsp;&nbsp;&nbsp;UARTSystemCheckInformationTransmit
<LI><a href="#[1b]">&gt;&gt;</a>&nbsp;&nbsp;&nbsp;UARTStringPut
<LI><a href="#[13]">&gt;&gt;</a>&nbsp;&nbsp;&nbsp;UART0Initial
<LI><a href="#[12]">&gt;&gt;</a>&nbsp;&nbsp;&nbsp;TimerInitial
<LI><a href="#[1c]">&gt;&gt;</a>&nbsp;&nbsp;&nbsp;TimerEnable
<LI><a href="#[1d]">&gt;&gt;</a>&nbsp;&nbsp;&nbsp;TimerDisable
<LI><a href="#[11]">&gt;&gt;</a>&nbsp;&nbsp;&nbsp;SysTickInitial
<LI><a href="#[19]">&gt;&gt;</a>&nbsp;&nbsp;&nbsp;SysTickEnable
<LI><a href="#[14]">&gt;&gt;</a>&nbsp;&nbsp;&nbsp;PWMInitial
<LI><a href="#[1a]">&gt;&gt;</a>&nbsp;&nbsp;&nbsp;IntMasterEnable
<LI><a href="#[15]">&gt;&gt;</a>&nbsp;&nbsp;&nbsp;I2C0PullUpTest
<LI><a href="#[16]">&gt;&gt;</a>&nbsp;&nbsp;&nbsp;I2C0MasterInitial
<LI><a href="#[10]">&gt;&gt;</a>&nbsp;&nbsp;&nbsp;GPIOInitial
<LI><a href="#[f]">&gt;&gt;</a>&nbsp;&nbsp;&nbsp;ClockInitial
<LI><a href="#[17]">&gt;&gt;</a>&nbsp;&nbsp;&nbsp;__2sprintf
</UL>
<BR>[Address Reference Count : 1]<UL><LI> entry7.o(.ARM.Collect$$$$00000007)
</UL>
<P><STRONG><a name="[22]"></a>LEDOff</STRONG> (Thumb, 16 bytes, Stack size 0 bytes, gpiodriverconfigure.o(.text))
<BR><BR>[Called By]<UL><LI><a href="#[10]">&gt;&gt;</a>&nbsp;&nbsp;&nbsp;GPIOInitial
<LI><a href="#[4]">&gt;&gt;</a>&nbsp;&nbsp;&nbsp;SysTick_ISR
</UL>

<P><STRONG><a name="[10]"></a>GPIOInitial</STRONG> (Thumb, 160 bytes, Stack size 16 bytes, gpiodriverconfigure.o(.text))
<BR><BR>[Stack]<UL><LI>Max Depth = 28<LI>Call Chain = GPIOInitial &rArr; GPIOPinTypeUART
</UL>
<BR>[Calls]<UL><LI><a href="#[1e]">&gt;&gt;</a>&nbsp;&nbsp;&nbsp;SysCtlPeripheralEnable
<LI><a href="#[24]">&gt;&gt;</a>&nbsp;&nbsp;&nbsp;GPIOPinTypeUART
<LI><a href="#[20]">&gt;&gt;</a>&nbsp;&nbsp;&nbsp;GPIOPinTypePWM
<LI><a href="#[25]">&gt;&gt;</a>&nbsp;&nbsp;&nbsp;GPIOPinTypeI2C
<LI><a href="#[21]">&gt;&gt;</a>&nbsp;&nbsp;&nbsp;GPIOPinTypeGPIOOutput
<LI><a href="#[23]">&gt;&gt;</a>&nbsp;&nbsp;&nbsp;GPIOPinTypeGPIOInput
<LI><a href="#[1f]">&gt;&gt;</a>&nbsp;&nbsp;&nbsp;GPIOPinConfigure
<LI><a href="#[22]">&gt;&gt;</a>&nbsp;&nbsp;&nbsp;LEDOff
</UL>
<BR>[Called By]<UL><LI><a href="#[8]">&gt;&gt;</a>&nbsp;&nbsp;&nbsp;main
</UL>

<P><STRONG><a name="[4e]"></a>LEDOn</STRONG> (Thumb, 18 bytes, Stack size 0 bytes, gpiodriverconfigure.o(.text))
<BR><BR>[Called By]<UL><LI><a href="#[4]">&gt;&gt;</a>&nbsp;&nbsp;&nbsp;SysTick_ISR
</UL>

<P><STRONG><a name="[63]"></a>LEDOverturn</STRONG> (Thumb, 18 bytes, Stack size 0 bytes, gpiodriverconfigure.o(.text), UNUSED)

<P><STRONG><a name="[4d]"></a>GetKeyNumber</STRONG> (Thumb, 54 bytes, Stack size 0 bytes, gpiodriverconfigure.o(.text))
<BR><BR>[Called By]<UL><LI><a href="#[4]">&gt;&gt;</a>&nbsp;&nbsp;&nbsp;SysTick_ISR
</UL>

<P><STRONG><a name="[15]"></a>I2C0PullUpTest</STRONG> (Thumb, 68 bytes, Stack size 8 bytes, gpiodriverconfigure.o(.text))
<BR><BR>[Stack]<UL><LI>Max Depth = 20<LI>Call Chain = I2C0PullUpTest &rArr; GPIOPinTypeI2C
</UL>
<BR>[Calls]<UL><LI><a href="#[e]">&gt;&gt;</a>&nbsp;&nbsp;&nbsp;SysCtlDelay
<LI><a href="#[27]">&gt;&gt;</a>&nbsp;&nbsp;&nbsp;SysCtlClockGet
<LI><a href="#[25]">&gt;&gt;</a>&nbsp;&nbsp;&nbsp;GPIOPinTypeI2C
<LI><a href="#[23]">&gt;&gt;</a>&nbsp;&nbsp;&nbsp;GPIOPinTypeGPIOInput
<LI><a href="#[28]">&gt;&gt;</a>&nbsp;&nbsp;&nbsp;GPIOPinRead
<LI><a href="#[26]">&gt;&gt;</a>&nbsp;&nbsp;&nbsp;GPIOPadConfigSet
</UL>
<BR>[Called By]<UL><LI><a href="#[8]">&gt;&gt;</a>&nbsp;&nbsp;&nbsp;main
</UL>

<P><STRONG><a name="[f]"></a>ClockInitial</STRONG> (Thumb, 24 bytes, Stack size 8 bytes, sysctlconfigure.o(.text))
<BR><BR>[Stack]<UL><LI>Max Depth = 32<LI>Call Chain = ClockInitial &rArr; SysCtlClockSet
</UL>
<BR>[Calls]<UL><LI><a href="#[29]">&gt;&gt;</a>&nbsp;&nbsp;&nbsp;SysCtlLDOSet
<LI><a href="#[2a]">&gt;&gt;</a>&nbsp;&nbsp;&nbsp;SysCtlClockSet
<LI><a href="#[27]">&gt;&gt;</a>&nbsp;&nbsp;&nbsp;SysCtlClockGet
</UL>
<BR>[Called By]<UL><LI><a href="#[8]">&gt;&gt;</a>&nbsp;&nbsp;&nbsp;main
</UL>

<P><STRONG><a name="[11]"></a>SysTickInitial</STRONG> (Thumb, 24 bytes, Stack size 8 bytes, systickconfigure.o(.text))
<BR><BR>[Stack]<UL><LI>Max Depth = 8<LI>Call Chain = SysTickInitial
</UL>
<BR>[Calls]<UL><LI><a href="#[2b]">&gt;&gt;</a>&nbsp;&nbsp;&nbsp;SysTickPeriodSet
<LI><a href="#[2c]">&gt;&gt;</a>&nbsp;&nbsp;&nbsp;SysTickIntEnable
</UL>
<BR>[Called By]<UL><LI><a href="#[8]">&gt;&gt;</a>&nbsp;&nbsp;&nbsp;main
</UL>

<P><STRONG><a name="[12]"></a>TimerInitial</STRONG> (Thumb, 48 bytes, Stack size 8 bytes, timerconfigure.o(.text))
<BR><BR>[Stack]<UL><LI>Max Depth = 8<LI>Call Chain = TimerInitial
</UL>
<BR>[Calls]<UL><LI><a href="#[2e]">&gt;&gt;</a>&nbsp;&nbsp;&nbsp;TimerLoadSet
<LI><a href="#[2f]">&gt;&gt;</a>&nbsp;&nbsp;&nbsp;TimerIntEnable
<LI><a href="#[2d]">&gt;&gt;</a>&nbsp;&nbsp;&nbsp;TimerConfigure
<LI><a href="#[30]">&gt;&gt;</a>&nbsp;&nbsp;&nbsp;IntEnable
<LI><a href="#[1e]">&gt;&gt;</a>&nbsp;&nbsp;&nbsp;SysCtlPeripheralEnable
</UL>
<BR>[Called By]<UL><LI><a href="#[8]">&gt;&gt;</a>&nbsp;&nbsp;&nbsp;main
</UL>

<P><STRONG><a name="[13]"></a>UART0Initial</STRONG> (Thumb, 62 bytes, Stack size 8 bytes, uartconfigure.o(.text))
<BR><BR>[Stack]<UL><LI>Max Depth = 16<LI>Call Chain = UART0Initial &rArr; SysCtlClockGet
</UL>
<BR>[Calls]<UL><LI><a href="#[33]">&gt;&gt;</a>&nbsp;&nbsp;&nbsp;UARTIntEnable
<LI><a href="#[32]">&gt;&gt;</a>&nbsp;&nbsp;&nbsp;UARTFIFOLevelSet
<LI><a href="#[34]">&gt;&gt;</a>&nbsp;&nbsp;&nbsp;UARTEnable
<LI><a href="#[31]">&gt;&gt;</a>&nbsp;&nbsp;&nbsp;UARTConfigSetExpClk
<LI><a href="#[30]">&gt;&gt;</a>&nbsp;&nbsp;&nbsp;IntEnable
<LI><a href="#[1e]">&gt;&gt;</a>&nbsp;&nbsp;&nbsp;SysCtlPeripheralEnable
<LI><a href="#[27]">&gt;&gt;</a>&nbsp;&nbsp;&nbsp;SysCtlClockGet
</UL>
<BR>[Called By]<UL><LI><a href="#[8]">&gt;&gt;</a>&nbsp;&nbsp;&nbsp;main
</UL>

<P><STRONG><a name="[1b]"></a>UARTStringPut</STRONG> (Thumb, 24 bytes, Stack size 16 bytes, uartconfigure.o(.text))
<BR><BR>[Stack]<UL><LI>Max Depth = 16<LI>Call Chain = UARTStringPut
</UL>
<BR>[Calls]<UL><LI><a href="#[35]">&gt;&gt;</a>&nbsp;&nbsp;&nbsp;UARTCharPut
</UL>
<BR>[Called By]<UL><LI><a href="#[3b]">&gt;&gt;</a>&nbsp;&nbsp;&nbsp;I2CMasterTransmit_Burst_2Bytes
<LI><a href="#[18]">&gt;&gt;</a>&nbsp;&nbsp;&nbsp;UARTSystemCheckInformationTransmit
<LI><a href="#[8]">&gt;&gt;</a>&nbsp;&nbsp;&nbsp;main
</UL>

<P><STRONG><a name="[36]"></a>UART1Initial</STRONG> (Thumb, 40 bytes, Stack size 8 bytes, uartconfigure.o(.text), UNUSED)
<BR><BR>[Calls]<UL><LI><a href="#[34]">&gt;&gt;</a>&nbsp;&nbsp;&nbsp;UARTEnable
<LI><a href="#[31]">&gt;&gt;</a>&nbsp;&nbsp;&nbsp;UARTConfigSetExpClk
<LI><a href="#[1e]">&gt;&gt;</a>&nbsp;&nbsp;&nbsp;SysCtlPeripheralEnable
<LI><a href="#[27]">&gt;&gt;</a>&nbsp;&nbsp;&nbsp;SysCtlClockGet
</UL>

<P><STRONG><a name="[18]"></a>UARTSystemCheckInformationTransmit</STRONG> (Thumb, 318 bytes, Stack size 56 bytes, uartconfigure.o(.text))
<BR><BR>[Stack]<UL><LI>Max Depth = 80<LI>Call Chain = UARTSystemCheckInformationTransmit &rArr; __2sprintf
</UL>
<BR>[Calls]<UL><LI><a href="#[3a]">&gt;&gt;</a>&nbsp;&nbsp;&nbsp;SysCtlSRAMSizeGet
<LI><a href="#[38]">&gt;&gt;</a>&nbsp;&nbsp;&nbsp;SysCtlResetCauseGet
<LI><a href="#[37]">&gt;&gt;</a>&nbsp;&nbsp;&nbsp;SysCtlLDOGet
<LI><a href="#[39]">&gt;&gt;</a>&nbsp;&nbsp;&nbsp;SysCtlFlashSizeGet
<LI><a href="#[27]">&gt;&gt;</a>&nbsp;&nbsp;&nbsp;SysCtlClockGet
<LI><a href="#[1b]">&gt;&gt;</a>&nbsp;&nbsp;&nbsp;UARTStringPut
<LI><a href="#[17]">&gt;&gt;</a>&nbsp;&nbsp;&nbsp;__2sprintf
</UL>
<BR>[Called By]<UL><LI><a href="#[8]">&gt;&gt;</a>&nbsp;&nbsp;&nbsp;main
</UL>

<P><STRONG><a name="[3b]"></a>I2CMasterTransmit_Burst_2Bytes</STRONG> (Thumb, 100 bytes, Stack size 16 bytes, i2cconfigure.o(.text))
<BR><BR>[Stack]<UL><LI>Max Depth = 32<LI>Call Chain = I2CMasterTransmit_Burst_2Bytes &rArr; UARTStringPut
</UL>
<BR>[Calls]<UL><LI><a href="#[3c]">&gt;&gt;</a>&nbsp;&nbsp;&nbsp;I2CMasterSlaveAddrSet
<LI><a href="#[40]">&gt;&gt;</a>&nbsp;&nbsp;&nbsp;I2CMasterErr
<LI><a href="#[3d]">&gt;&gt;</a>&nbsp;&nbsp;&nbsp;I2CMasterDataPut
<LI><a href="#[3e]">&gt;&gt;</a>&nbsp;&nbsp;&nbsp;I2CMasterControl
<LI><a href="#[3f]">&gt;&gt;</a>&nbsp;&nbsp;&nbsp;I2CMasterBusy
<LI><a href="#[1b]">&gt;&gt;</a>&nbsp;&nbsp;&nbsp;UARTStringPut
</UL>
<BR>[Called By]<UL><LI><a href="#[16]">&gt;&gt;</a>&nbsp;&nbsp;&nbsp;I2C0MasterInitial
</UL>

<P><STRONG><a name="[16]"></a>I2C0MasterInitial</STRONG> (Thumb, 190 bytes, Stack size 24 bytes, i2cconfigure.o(.text))
<BR><BR>[Stack]<UL><LI>Max Depth = 56<LI>Call Chain = I2C0MasterInitial &rArr; I2CMasterTransmit_Burst_2Bytes &rArr; UARTStringPut
</UL>
<BR>[Calls]<UL><LI><a href="#[43]">&gt;&gt;</a>&nbsp;&nbsp;&nbsp;I2CMasterIntEnable
<LI><a href="#[41]">&gt;&gt;</a>&nbsp;&nbsp;&nbsp;I2CMasterInitExpClk
<LI><a href="#[42]">&gt;&gt;</a>&nbsp;&nbsp;&nbsp;I2CMasterEnable
<LI><a href="#[3b]">&gt;&gt;</a>&nbsp;&nbsp;&nbsp;I2CMasterTransmit_Burst_2Bytes
<LI><a href="#[30]">&gt;&gt;</a>&nbsp;&nbsp;&nbsp;IntEnable
<LI><a href="#[1e]">&gt;&gt;</a>&nbsp;&nbsp;&nbsp;SysCtlPeripheralEnable
<LI><a href="#[e]">&gt;&gt;</a>&nbsp;&nbsp;&nbsp;SysCtlDelay
<LI><a href="#[27]">&gt;&gt;</a>&nbsp;&nbsp;&nbsp;SysCtlClockGet
</UL>
<BR>[Called By]<UL><LI><a href="#[8]">&gt;&gt;</a>&nbsp;&nbsp;&nbsp;main
</UL>

<P><STRONG><a name="[44]"></a>I2CMasterSpeedSet</STRONG> (Thumb, 44 bytes, Stack size 16 bytes, i2cconfigure.o(.text), UNUSED)
<BR><BR>[Calls]<UL><LI><a href="#[27]">&gt;&gt;</a>&nbsp;&nbsp;&nbsp;SysCtlClockGet
</UL>

<P><STRONG><a name="[45]"></a>I2C0DeviceRefresh</STRONG> (Thumb, 38 bytes, Stack size 8 bytes, i2cconfigure.o(.text))
<BR><BR>[Stack]<UL><LI>Max Depth = 20<LI>Call Chain = I2C0DeviceRefresh &rArr; NixieTubeCoding
</UL>
<BR>[Calls]<UL><LI><a href="#[46]">&gt;&gt;</a>&nbsp;&nbsp;&nbsp;NixieTubeCoding
<LI><a href="#[3c]">&gt;&gt;</a>&nbsp;&nbsp;&nbsp;I2CMasterSlaveAddrSet
<LI><a href="#[3d]">&gt;&gt;</a>&nbsp;&nbsp;&nbsp;I2CMasterDataPut
<LI><a href="#[3e]">&gt;&gt;</a>&nbsp;&nbsp;&nbsp;I2CMasterControl
</UL>
<BR>[Called By]<UL><LI><a href="#[4]">&gt;&gt;</a>&nbsp;&nbsp;&nbsp;SysTick_ISR
</UL>

<P><STRONG><a name="[46]"></a>NixieTubeCoding</STRONG> (Thumb, 306 bytes, Stack size 12 bytes, nixietubeconfigure.o(.text))
<BR><BR>[Stack]<UL><LI>Max Depth = 12<LI>Call Chain = NixieTubeCoding
</UL>
<BR>[Called By]<UL><LI><a href="#[45]">&gt;&gt;</a>&nbsp;&nbsp;&nbsp;I2C0DeviceRefresh
</UL>

<P><STRONG><a name="[14]"></a>PWMInitial</STRONG> (Thumb, 72 bytes, Stack size 8 bytes, pwmconfigure.o(.text))
<BR><BR>[Stack]<UL><LI>Max Depth = 8<LI>Call Chain = PWMInitial
</UL>
<BR>[Calls]<UL><LI><a href="#[47]">&gt;&gt;</a>&nbsp;&nbsp;&nbsp;SysCtlPWMClockSet
<LI><a href="#[4a]">&gt;&gt;</a>&nbsp;&nbsp;&nbsp;PWMPulseWidthSet
<LI><a href="#[4b]">&gt;&gt;</a>&nbsp;&nbsp;&nbsp;PWMOutputState
<LI><a href="#[49]">&gt;&gt;</a>&nbsp;&nbsp;&nbsp;PWMGenPeriodSet
<LI><a href="#[4c]">&gt;&gt;</a>&nbsp;&nbsp;&nbsp;PWMGenEnable
<LI><a href="#[48]">&gt;&gt;</a>&nbsp;&nbsp;&nbsp;PWMGenConfigure
<LI><a href="#[1e]">&gt;&gt;</a>&nbsp;&nbsp;&nbsp;SysCtlPeripheralEnable
</UL>
<BR>[Called By]<UL><LI><a href="#[8]">&gt;&gt;</a>&nbsp;&nbsp;&nbsp;main
</UL>

<P><STRONG><a name="[4]"></a>SysTick_ISR</STRONG> (Thumb, 164 bytes, Stack size 16 bytes, systickisr.o(.text))
<BR><BR>[Stack]<UL><LI>Max Depth = 36<LI>Call Chain = SysTick_ISR &rArr; I2C0DeviceRefresh &rArr; NixieTubeCoding
</UL>
<BR>[Calls]<UL><LI><a href="#[4a]">&gt;&gt;</a>&nbsp;&nbsp;&nbsp;PWMPulseWidthSet
<LI><a href="#[45]">&gt;&gt;</a>&nbsp;&nbsp;&nbsp;I2C0DeviceRefresh
<LI><a href="#[4d]">&gt;&gt;</a>&nbsp;&nbsp;&nbsp;GetKeyNumber
<LI><a href="#[4e]">&gt;&gt;</a>&nbsp;&nbsp;&nbsp;LEDOn
<LI><a href="#[22]">&gt;&gt;</a>&nbsp;&nbsp;&nbsp;LEDOff
</UL>
<BR>[Address Reference Count : 1]<UL><LI> startup.o(RESET)
</UL>
<P><STRONG><a name="[7]"></a>Timer0A_ISR</STRONG> (Thumb, 136 bytes, Stack size 16 bytes, timerisr.o(.text))
<BR><BR>[Stack]<UL><LI>Max Depth = 40<LI>Call Chain = Timer0A_ISR &rArr; __2sprintf
</UL>
<BR>[Calls]<UL><LI><a href="#[4f]">&gt;&gt;</a>&nbsp;&nbsp;&nbsp;TimerIntStatus
<LI><a href="#[50]">&gt;&gt;</a>&nbsp;&nbsp;&nbsp;TimerIntClear
<LI><a href="#[17]">&gt;&gt;</a>&nbsp;&nbsp;&nbsp;__2sprintf
</UL>
<BR>[Address Reference Count : 1]<UL><LI> startup.o(RESET)
</UL>
<P><STRONG><a name="[5]"></a>UART0_ISR</STRONG> (Thumb, 76 bytes, Stack size 16 bytes, uartisr.o(.text))
<BR><BR>[Stack]<UL><LI>Max Depth = 16<LI>Call Chain = UART0_ISR
</UL>
<BR>[Calls]<UL><LI><a href="#[51]">&gt;&gt;</a>&nbsp;&nbsp;&nbsp;UARTIntStatus
<LI><a href="#[52]">&gt;&gt;</a>&nbsp;&nbsp;&nbsp;UARTIntClear
<LI><a href="#[53]">&gt;&gt;</a>&nbsp;&nbsp;&nbsp;UARTCharGetNonBlocking
<LI><a href="#[1c]">&gt;&gt;</a>&nbsp;&nbsp;&nbsp;TimerEnable
<LI><a href="#[1d]">&gt;&gt;</a>&nbsp;&nbsp;&nbsp;TimerDisable
</UL>
<BR>[Address Reference Count : 1]<UL><LI> startup.o(RESET)
</UL>
<P><STRONG><a name="[6]"></a>I2C0_ISR</STRONG> (Thumb, 152 bytes, Stack size 24 bytes, i2cisr.o(.text))
<BR><BR>[Stack]<UL><LI>Max Depth = 24<LI>Call Chain = I2C0_ISR
</UL>
<BR>[Calls]<UL><LI><a href="#[54]">&gt;&gt;</a>&nbsp;&nbsp;&nbsp;I2CMasterIntStatus
<LI><a href="#[55]">&gt;&gt;</a>&nbsp;&nbsp;&nbsp;I2CMasterIntClear
<LI><a href="#[3c]">&gt;&gt;</a>&nbsp;&nbsp;&nbsp;I2CMasterSlaveAddrSet
<LI><a href="#[40]">&gt;&gt;</a>&nbsp;&nbsp;&nbsp;I2CMasterErr
<LI><a href="#[3d]">&gt;&gt;</a>&nbsp;&nbsp;&nbsp;I2CMasterDataPut
<LI><a href="#[3e]">&gt;&gt;</a>&nbsp;&nbsp;&nbsp;I2CMasterControl
</UL>
<BR>[Address Reference Count : 1]<UL><LI> startup.o(RESET)
</UL>
<P><STRONG><a name="[64]"></a>__aeabi_uidiv</STRONG> (Thumb, 0 bytes, Stack size 12 bytes, uidiv.o(.text), UNUSED)

<P><STRONG><a name="[5c]"></a>__aeabi_uidivmod</STRONG> (Thumb, 44 bytes, Stack size 12 bytes, uidiv.o(.text), UNUSED)
<BR><BR>[Called By]<UL><LI><a href="#[5a]">&gt;&gt;</a>&nbsp;&nbsp;&nbsp;_printf_core
</UL>

<P><STRONG><a name="[d]"></a>__scatterload</STRONG> (Thumb, 28 bytes, Stack size 0 bytes, init.o(.text))
<BR><BR>[Calls]<UL><LI><a href="#[56]">&gt;&gt;</a>&nbsp;&nbsp;&nbsp;__main_after_scatterload
</UL>
<BR>[Called By]<UL><LI><a href="#[c]">&gt;&gt;</a>&nbsp;&nbsp;&nbsp;_main_scatterload
</UL>

<P><STRONG><a name="[65]"></a>__scatterload_rt2</STRONG> (Thumb, 0 bytes, Stack size 0 bytes, init.o(.text), UNUSED)

<P><STRONG><a name="[57]"></a>GPIODirModeSet</STRONG> (Thumb, 40 bytes, Stack size 0 bytes, gpio.o(i.GPIODirModeSet))
<BR><BR>[Called By]<UL><LI><a href="#[24]">&gt;&gt;</a>&nbsp;&nbsp;&nbsp;GPIOPinTypeUART
<LI><a href="#[20]">&gt;&gt;</a>&nbsp;&nbsp;&nbsp;GPIOPinTypePWM
<LI><a href="#[25]">&gt;&gt;</a>&nbsp;&nbsp;&nbsp;GPIOPinTypeI2C
<LI><a href="#[21]">&gt;&gt;</a>&nbsp;&nbsp;&nbsp;GPIOPinTypeGPIOOutput
<LI><a href="#[23]">&gt;&gt;</a>&nbsp;&nbsp;&nbsp;GPIOPinTypeGPIOInput
</UL>

<P><STRONG><a name="[26]"></a>GPIOPadConfigSet</STRONG> (Thumb, 176 bytes, Stack size 0 bytes, gpio.o(i.GPIOPadConfigSet))
<BR><BR>[Called By]<UL><LI><a href="#[24]">&gt;&gt;</a>&nbsp;&nbsp;&nbsp;GPIOPinTypeUART
<LI><a href="#[20]">&gt;&gt;</a>&nbsp;&nbsp;&nbsp;GPIOPinTypePWM
<LI><a href="#[25]">&gt;&gt;</a>&nbsp;&nbsp;&nbsp;GPIOPinTypeI2C
<LI><a href="#[21]">&gt;&gt;</a>&nbsp;&nbsp;&nbsp;GPIOPinTypeGPIOOutput
<LI><a href="#[23]">&gt;&gt;</a>&nbsp;&nbsp;&nbsp;GPIOPinTypeGPIOInput
<LI><a href="#[15]">&gt;&gt;</a>&nbsp;&nbsp;&nbsp;I2C0PullUpTest
</UL>

<P><STRONG><a name="[1f]"></a>GPIOPinConfigure</STRONG> (Thumb, 62 bytes, Stack size 0 bytes, gpio.o(i.GPIOPinConfigure))
<BR><BR>[Called By]<UL><LI><a href="#[10]">&gt;&gt;</a>&nbsp;&nbsp;&nbsp;GPIOInitial
</UL>

<P><STRONG><a name="[28]"></a>GPIOPinRead</STRONG> (Thumb, 6 bytes, Stack size 0 bytes, gpio.o(i.GPIOPinRead))
<BR><BR>[Called By]<UL><LI><a href="#[15]">&gt;&gt;</a>&nbsp;&nbsp;&nbsp;I2C0PullUpTest
</UL>

<P><STRONG><a name="[23]"></a>GPIOPinTypeGPIOInput</STRONG> (Thumb, 28 bytes, Stack size 12 bytes, gpio.o(i.GPIOPinTypeGPIOInput))
<BR><BR>[Stack]<UL><LI>Max Depth = 12<LI>Call Chain = GPIOPinTypeGPIOInput
</UL>
<BR>[Calls]<UL><LI><a href="#[57]">&gt;&gt;</a>&nbsp;&nbsp;&nbsp;GPIODirModeSet
<LI><a href="#[26]">&gt;&gt;</a>&nbsp;&nbsp;&nbsp;GPIOPadConfigSet
</UL>
<BR>[Called By]<UL><LI><a href="#[15]">&gt;&gt;</a>&nbsp;&nbsp;&nbsp;I2C0PullUpTest
<LI><a href="#[10]">&gt;&gt;</a>&nbsp;&nbsp;&nbsp;GPIOInitial
</UL>

<P><STRONG><a name="[21]"></a>GPIOPinTypeGPIOOutput</STRONG> (Thumb, 28 bytes, Stack size 12 bytes, gpio.o(i.GPIOPinTypeGPIOOutput))
<BR><BR>[Stack]<UL><LI>Max Depth = 12<LI>Call Chain = GPIOPinTypeGPIOOutput
</UL>
<BR>[Calls]<UL><LI><a href="#[57]">&gt;&gt;</a>&nbsp;&nbsp;&nbsp;GPIODirModeSet
<LI><a href="#[26]">&gt;&gt;</a>&nbsp;&nbsp;&nbsp;GPIOPadConfigSet
</UL>
<BR>[Called By]<UL><LI><a href="#[10]">&gt;&gt;</a>&nbsp;&nbsp;&nbsp;GPIOInitial
</UL>

<P><STRONG><a name="[25]"></a>GPIOPinTypeI2C</STRONG> (Thumb, 28 bytes, Stack size 12 bytes, gpio.o(i.GPIOPinTypeI2C))
<BR><BR>[Stack]<UL><LI>Max Depth = 12<LI>Call Chain = GPIOPinTypeI2C
</UL>
<BR>[Calls]<UL><LI><a href="#[57]">&gt;&gt;</a>&nbsp;&nbsp;&nbsp;GPIODirModeSet
<LI><a href="#[26]">&gt;&gt;</a>&nbsp;&nbsp;&nbsp;GPIOPadConfigSet
</UL>
<BR>[Called By]<UL><LI><a href="#[15]">&gt;&gt;</a>&nbsp;&nbsp;&nbsp;I2C0PullUpTest
<LI><a href="#[10]">&gt;&gt;</a>&nbsp;&nbsp;&nbsp;GPIOInitial
</UL>

<P><STRONG><a name="[20]"></a>GPIOPinTypePWM</STRONG> (Thumb, 28 bytes, Stack size 12 bytes, gpio.o(i.GPIOPinTypePWM))
<BR><BR>[Stack]<UL><LI>Max Depth = 12<LI>Call Chain = GPIOPinTypePWM
</UL>
<BR>[Calls]<UL><LI><a href="#[57]">&gt;&gt;</a>&nbsp;&nbsp;&nbsp;GPIODirModeSet
<LI><a href="#[26]">&gt;&gt;</a>&nbsp;&nbsp;&nbsp;GPIOPadConfigSet
</UL>
<BR>[Called By]<UL><LI><a href="#[10]">&gt;&gt;</a>&nbsp;&nbsp;&nbsp;GPIOInitial
</UL>

<P><STRONG><a name="[24]"></a>GPIOPinTypeUART</STRONG> (Thumb, 28 bytes, Stack size 12 bytes, gpio.o(i.GPIOPinTypeUART))
<BR><BR>[Stack]<UL><LI>Max Depth = 12<LI>Call Chain = GPIOPinTypeUART
</UL>
<BR>[Calls]<UL><LI><a href="#[57]">&gt;&gt;</a>&nbsp;&nbsp;&nbsp;GPIODirModeSet
<LI><a href="#[26]">&gt;&gt;</a>&nbsp;&nbsp;&nbsp;GPIOPadConfigSet
</UL>
<BR>[Called By]<UL><LI><a href="#[10]">&gt;&gt;</a>&nbsp;&nbsp;&nbsp;GPIOInitial
</UL>

<P><STRONG><a name="[3f]"></a>I2CMasterBusy</STRONG> (Thumb, 12 bytes, Stack size 0 bytes, i2c.o(i.I2CMasterBusy))
<BR><BR>[Called By]<UL><LI><a href="#[3b]">&gt;&gt;</a>&nbsp;&nbsp;&nbsp;I2CMasterTransmit_Burst_2Bytes
</UL>

<P><STRONG><a name="[3e]"></a>I2CMasterControl</STRONG> (Thumb, 4 bytes, Stack size 0 bytes, i2c.o(i.I2CMasterControl))
<BR><BR>[Called By]<UL><LI><a href="#[45]">&gt;&gt;</a>&nbsp;&nbsp;&nbsp;I2C0DeviceRefresh
<LI><a href="#[3b]">&gt;&gt;</a>&nbsp;&nbsp;&nbsp;I2CMasterTransmit_Burst_2Bytes
<LI><a href="#[6]">&gt;&gt;</a>&nbsp;&nbsp;&nbsp;I2C0_ISR
</UL>

<P><STRONG><a name="[3d]"></a>I2CMasterDataPut</STRONG> (Thumb, 4 bytes, Stack size 0 bytes, i2c.o(i.I2CMasterDataPut))
<BR><BR>[Called By]<UL><LI><a href="#[45]">&gt;&gt;</a>&nbsp;&nbsp;&nbsp;I2C0DeviceRefresh
<LI><a href="#[3b]">&gt;&gt;</a>&nbsp;&nbsp;&nbsp;I2CMasterTransmit_Burst_2Bytes
<LI><a href="#[6]">&gt;&gt;</a>&nbsp;&nbsp;&nbsp;I2C0_ISR
</UL>

<P><STRONG><a name="[42]"></a>I2CMasterEnable</STRONG> (Thumb, 10 bytes, Stack size 0 bytes, i2c.o(i.I2CMasterEnable))
<BR><BR>[Called By]<UL><LI><a href="#[16]">&gt;&gt;</a>&nbsp;&nbsp;&nbsp;I2C0MasterInitial
</UL>

<P><STRONG><a name="[40]"></a>I2CMasterErr</STRONG> (Thumb, 24 bytes, Stack size 0 bytes, i2c.o(i.I2CMasterErr))
<BR><BR>[Called By]<UL><LI><a href="#[3b]">&gt;&gt;</a>&nbsp;&nbsp;&nbsp;I2CMasterTransmit_Burst_2Bytes
<LI><a href="#[6]">&gt;&gt;</a>&nbsp;&nbsp;&nbsp;I2C0_ISR
</UL>

<P><STRONG><a name="[41]"></a>I2CMasterInitExpClk</STRONG> (Thumb, 42 bytes, Stack size 0 bytes, i2c.o(i.I2CMasterInitExpClk))
<BR><BR>[Called By]<UL><LI><a href="#[16]">&gt;&gt;</a>&nbsp;&nbsp;&nbsp;I2C0MasterInitial
</UL>

<P><STRONG><a name="[55]"></a>I2CMasterIntClear</STRONG> (Thumb, 8 bytes, Stack size 0 bytes, i2c.o(i.I2CMasterIntClear))
<BR><BR>[Called By]<UL><LI><a href="#[6]">&gt;&gt;</a>&nbsp;&nbsp;&nbsp;I2C0_ISR
</UL>

<P><STRONG><a name="[43]"></a>I2CMasterIntEnable</STRONG> (Thumb, 6 bytes, Stack size 0 bytes, i2c.o(i.I2CMasterIntEnable))
<BR><BR>[Called By]<UL><LI><a href="#[16]">&gt;&gt;</a>&nbsp;&nbsp;&nbsp;I2C0MasterInitial
</UL>

<P><STRONG><a name="[54]"></a>I2CMasterIntStatus</STRONG> (Thumb, 24 bytes, Stack size 0 bytes, i2c.o(i.I2CMasterIntStatus))
<BR><BR>[Called By]<UL><LI><a href="#[6]">&gt;&gt;</a>&nbsp;&nbsp;&nbsp;I2C0_ISR
</UL>

<P><STRONG><a name="[3c]"></a>I2CMasterSlaveAddrSet</STRONG> (Thumb, 8 bytes, Stack size 0 bytes, i2c.o(i.I2CMasterSlaveAddrSet))
<BR><BR>[Called By]<UL><LI><a href="#[45]">&gt;&gt;</a>&nbsp;&nbsp;&nbsp;I2C0DeviceRefresh
<LI><a href="#[3b]">&gt;&gt;</a>&nbsp;&nbsp;&nbsp;I2CMasterTransmit_Burst_2Bytes
<LI><a href="#[6]">&gt;&gt;</a>&nbsp;&nbsp;&nbsp;I2C0_ISR
</UL>

<P><STRONG><a name="[30]"></a>IntEnable</STRONG> (Thumb, 104 bytes, Stack size 0 bytes, interrupt.o(i.IntEnable))
<BR><BR>[Called By]<UL><LI><a href="#[13]">&gt;&gt;</a>&nbsp;&nbsp;&nbsp;UART0Initial
<LI><a href="#[12]">&gt;&gt;</a>&nbsp;&nbsp;&nbsp;TimerInitial
<LI><a href="#[16]">&gt;&gt;</a>&nbsp;&nbsp;&nbsp;I2C0MasterInitial
</UL>

<P><STRONG><a name="[1a]"></a>IntMasterEnable</STRONG> (Thumb, 10 bytes, Stack size 8 bytes, interrupt.o(i.IntMasterEnable))
<BR><BR>[Stack]<UL><LI>Max Depth = 8<LI>Call Chain = IntMasterEnable
</UL>
<BR>[Calls]<UL><LI><a href="#[58]">&gt;&gt;</a>&nbsp;&nbsp;&nbsp;CPUcpsie
</UL>
<BR>[Called By]<UL><LI><a href="#[8]">&gt;&gt;</a>&nbsp;&nbsp;&nbsp;main
</UL>

<P><STRONG><a name="[48]"></a>PWMGenConfigure</STRONG> (Thumb, 38 bytes, Stack size 0 bytes, pwm.o(i.PWMGenConfigure))
<BR><BR>[Called By]<UL><LI><a href="#[14]">&gt;&gt;</a>&nbsp;&nbsp;&nbsp;PWMInitial
</UL>

<P><STRONG><a name="[4c]"></a>PWMGenEnable</STRONG> (Thumb, 10 bytes, Stack size 0 bytes, pwm.o(i.PWMGenEnable))
<BR><BR>[Called By]<UL><LI><a href="#[14]">&gt;&gt;</a>&nbsp;&nbsp;&nbsp;PWMInitial
</UL>

<P><STRONG><a name="[49]"></a>PWMGenPeriodSet</STRONG> (Thumb, 18 bytes, Stack size 0 bytes, pwm.o(i.PWMGenPeriodSet))
<BR><BR>[Called By]<UL><LI><a href="#[14]">&gt;&gt;</a>&nbsp;&nbsp;&nbsp;PWMInitial
</UL>

<P><STRONG><a name="[4b]"></a>PWMOutputState</STRONG> (Thumb, 16 bytes, Stack size 0 bytes, pwm.o(i.PWMOutputState))
<BR><BR>[Called By]<UL><LI><a href="#[14]">&gt;&gt;</a>&nbsp;&nbsp;&nbsp;PWMInitial
</UL>

<P><STRONG><a name="[4a]"></a>PWMPulseWidthSet</STRONG> (Thumb, 32 bytes, Stack size 0 bytes, pwm.o(i.PWMPulseWidthSet))
<BR><BR>[Called By]<UL><LI><a href="#[14]">&gt;&gt;</a>&nbsp;&nbsp;&nbsp;PWMInitial
<LI><a href="#[4]">&gt;&gt;</a>&nbsp;&nbsp;&nbsp;SysTick_ISR
</UL>

<P><STRONG><a name="[27]"></a>SysCtlClockGet</STRONG> (Thumb, 438 bytes, Stack size 8 bytes, sysctl.o(i.SysCtlClockGet))
<BR><BR>[Stack]<UL><LI>Max Depth = 8<LI>Call Chain = SysCtlClockGet
</UL>
<BR>[Called By]<UL><LI><a href="#[44]">&gt;&gt;</a>&nbsp;&nbsp;&nbsp;I2CMasterSpeedSet
<LI><a href="#[36]">&gt;&gt;</a>&nbsp;&nbsp;&nbsp;UART1Initial
<LI><a href="#[18]">&gt;&gt;</a>&nbsp;&nbsp;&nbsp;UARTSystemCheckInformationTransmit
<LI><a href="#[13]">&gt;&gt;</a>&nbsp;&nbsp;&nbsp;UART0Initial
<LI><a href="#[15]">&gt;&gt;</a>&nbsp;&nbsp;&nbsp;I2C0PullUpTest
<LI><a href="#[16]">&gt;&gt;</a>&nbsp;&nbsp;&nbsp;I2C0MasterInitial
<LI><a href="#[f]">&gt;&gt;</a>&nbsp;&nbsp;&nbsp;ClockInitial
</UL>

<P><STRONG><a name="[2a]"></a>SysCtlClockSet</STRONG> (Thumb, 288 bytes, Stack size 24 bytes, sysctl.o(i.SysCtlClockSet))
<BR><BR>[Stack]<UL><LI>Max Depth = 24<LI>Call Chain = SysCtlClockSet
</UL>
<BR>[Calls]<UL><LI><a href="#[e]">&gt;&gt;</a>&nbsp;&nbsp;&nbsp;SysCtlDelay
</UL>
<BR>[Called By]<UL><LI><a href="#[f]">&gt;&gt;</a>&nbsp;&nbsp;&nbsp;ClockInitial
</UL>

<P><STRONG><a name="[39]"></a>SysCtlFlashSizeGet</STRONG> (Thumb, 14 bytes, Stack size 0 bytes, sysctl.o(i.SysCtlFlashSizeGet))
<BR><BR>[Called By]<UL><LI><a href="#[18]">&gt;&gt;</a>&nbsp;&nbsp;&nbsp;UARTSystemCheckInformationTransmit
</UL>

<P><STRONG><a name="[37]"></a>SysCtlLDOGet</STRONG> (Thumb, 6 bytes, Stack size 0 bytes, sysctl.o(i.SysCtlLDOGet))
<BR><BR>[Called By]<UL><LI><a href="#[18]">&gt;&gt;</a>&nbsp;&nbsp;&nbsp;UARTSystemCheckInformationTransmit
</UL>

<P><STRONG><a name="[29]"></a>SysCtlLDOSet</STRONG> (Thumb, 6 bytes, Stack size 0 bytes, sysctl.o(i.SysCtlLDOSet))
<BR><BR>[Called By]<UL><LI><a href="#[f]">&gt;&gt;</a>&nbsp;&nbsp;&nbsp;ClockInitial
</UL>

<P><STRONG><a name="[47]"></a>SysCtlPWMClockSet</STRONG> (Thumb, 14 bytes, Stack size 0 bytes, sysctl.o(i.SysCtlPWMClockSet))
<BR><BR>[Called By]<UL><LI><a href="#[14]">&gt;&gt;</a>&nbsp;&nbsp;&nbsp;PWMInitial
</UL>

<P><STRONG><a name="[1e]"></a>SysCtlPeripheralEnable</STRONG> (Thumb, 26 bytes, Stack size 0 bytes, sysctl.o(i.SysCtlPeripheralEnable))
<BR><BR>[Called By]<UL><LI><a href="#[36]">&gt;&gt;</a>&nbsp;&nbsp;&nbsp;UART1Initial
<LI><a href="#[13]">&gt;&gt;</a>&nbsp;&nbsp;&nbsp;UART0Initial
<LI><a href="#[12]">&gt;&gt;</a>&nbsp;&nbsp;&nbsp;TimerInitial
<LI><a href="#[14]">&gt;&gt;</a>&nbsp;&nbsp;&nbsp;PWMInitial
<LI><a href="#[16]">&gt;&gt;</a>&nbsp;&nbsp;&nbsp;I2C0MasterInitial
<LI><a href="#[10]">&gt;&gt;</a>&nbsp;&nbsp;&nbsp;GPIOInitial
</UL>

<P><STRONG><a name="[38]"></a>SysCtlResetCauseGet</STRONG> (Thumb, 6 bytes, Stack size 0 bytes, sysctl.o(i.SysCtlResetCauseGet))
<BR><BR>[Called By]<UL><LI><a href="#[18]">&gt;&gt;</a>&nbsp;&nbsp;&nbsp;UARTSystemCheckInformationTransmit
</UL>

<P><STRONG><a name="[3a]"></a>SysCtlSRAMSizeGet</STRONG> (Thumb, 16 bytes, Stack size 0 bytes, sysctl.o(i.SysCtlSRAMSizeGet))
<BR><BR>[Called By]<UL><LI><a href="#[18]">&gt;&gt;</a>&nbsp;&nbsp;&nbsp;UARTSystemCheckInformationTransmit
</UL>

<P><STRONG><a name="[19]"></a>SysTickEnable</STRONG> (Thumb, 14 bytes, Stack size 0 bytes, systick.o(i.SysTickEnable))
<BR><BR>[Called By]<UL><LI><a href="#[8]">&gt;&gt;</a>&nbsp;&nbsp;&nbsp;main
</UL>

<P><STRONG><a name="[2c]"></a>SysTickIntEnable</STRONG> (Thumb, 14 bytes, Stack size 0 bytes, systick.o(i.SysTickIntEnable))
<BR><BR>[Called By]<UL><LI><a href="#[11]">&gt;&gt;</a>&nbsp;&nbsp;&nbsp;SysTickInitial
</UL>

<P><STRONG><a name="[2b]"></a>SysTickPeriodSet</STRONG> (Thumb, 10 bytes, Stack size 0 bytes, systick.o(i.SysTickPeriodSet))
<BR><BR>[Called By]<UL><LI><a href="#[11]">&gt;&gt;</a>&nbsp;&nbsp;&nbsp;SysTickInitial
</UL>

<P><STRONG><a name="[2d]"></a>TimerConfigure</STRONG> (Thumb, 28 bytes, Stack size 0 bytes, timer.o(i.TimerConfigure))
<BR><BR>[Called By]<UL><LI><a href="#[12]">&gt;&gt;</a>&nbsp;&nbsp;&nbsp;TimerInitial
</UL>

<P><STRONG><a name="[1d]"></a>TimerDisable</STRONG> (Thumb, 16 bytes, Stack size 0 bytes, timer.o(i.TimerDisable))
<BR><BR>[Called By]<UL><LI><a href="#[8]">&gt;&gt;</a>&nbsp;&nbsp;&nbsp;main
<LI><a href="#[5]">&gt;&gt;</a>&nbsp;&nbsp;&nbsp;UART0_ISR
</UL>

<P><STRONG><a name="[1c]"></a>TimerEnable</STRONG> (Thumb, 14 bytes, Stack size 0 bytes, timer.o(i.TimerEnable))
<BR><BR>[Called By]<UL><LI><a href="#[8]">&gt;&gt;</a>&nbsp;&nbsp;&nbsp;main
<LI><a href="#[5]">&gt;&gt;</a>&nbsp;&nbsp;&nbsp;UART0_ISR
</UL>

<P><STRONG><a name="[50]"></a>TimerIntClear</STRONG> (Thumb, 4 bytes, Stack size 0 bytes, timer.o(i.TimerIntClear))
<BR><BR>[Called By]<UL><LI><a href="#[7]">&gt;&gt;</a>&nbsp;&nbsp;&nbsp;Timer0A_ISR
</UL>

<P><STRONG><a name="[2f]"></a>TimerIntEnable</STRONG> (Thumb, 8 bytes, Stack size 0 bytes, timer.o(i.TimerIntEnable))
<BR><BR>[Called By]<UL><LI><a href="#[12]">&gt;&gt;</a>&nbsp;&nbsp;&nbsp;TimerInitial
</UL>

<P><STRONG><a name="[4f]"></a>TimerIntStatus</STRONG> (Thumb, 10 bytes, Stack size 0 bytes, timer.o(i.TimerIntStatus))
<BR><BR>[Called By]<UL><LI><a href="#[7]">&gt;&gt;</a>&nbsp;&nbsp;&nbsp;Timer0A_ISR
</UL>

<P><STRONG><a name="[2e]"></a>TimerLoadSet</STRONG> (Thumb, 18 bytes, Stack size 0 bytes, timer.o(i.TimerLoadSet))
<BR><BR>[Called By]<UL><LI><a href="#[12]">&gt;&gt;</a>&nbsp;&nbsp;&nbsp;TimerInitial
</UL>

<P><STRONG><a name="[53]"></a>UARTCharGetNonBlocking</STRONG> (Thumb, 16 bytes, Stack size 0 bytes, uart.o(i.UARTCharGetNonBlocking))
<BR><BR>[Called By]<UL><LI><a href="#[5]">&gt;&gt;</a>&nbsp;&nbsp;&nbsp;UART0_ISR
</UL>

<P><STRONG><a name="[35]"></a>UARTCharPut</STRONG> (Thumb, 12 bytes, Stack size 0 bytes, uart.o(i.UARTCharPut))
<BR><BR>[Calls]<UL><LI><a href="#[35]">&gt;&gt;</a>&nbsp;&nbsp;&nbsp;UARTCharPut
</UL>
<BR>[Called By]<UL><LI><a href="#[35]">&gt;&gt;</a>&nbsp;&nbsp;&nbsp;UARTCharPut
<LI><a href="#[1b]">&gt;&gt;</a>&nbsp;&nbsp;&nbsp;UARTStringPut
</UL>

<P><STRONG><a name="[31]"></a>UARTConfigSetExpClk</STRONG> (Thumb, 110 bytes, Stack size 0 bytes, uart.o(i.UARTConfigSetExpClk))
<BR><BR>[Calls]<UL><LI><a href="#[31]">&gt;&gt;</a>&nbsp;&nbsp;&nbsp;UARTConfigSetExpClk
</UL>
<BR>[Called By]<UL><LI><a href="#[31]">&gt;&gt;</a>&nbsp;&nbsp;&nbsp;UARTConfigSetExpClk
<LI><a href="#[36]">&gt;&gt;</a>&nbsp;&nbsp;&nbsp;UART1Initial
<LI><a href="#[13]">&gt;&gt;</a>&nbsp;&nbsp;&nbsp;UART0Initial
</UL>

<P><STRONG><a name="[34]"></a>UARTEnable</STRONG> (Thumb, 20 bytes, Stack size 0 bytes, uart.o(i.UARTEnable))
<BR><BR>[Called By]<UL><LI><a href="#[36]">&gt;&gt;</a>&nbsp;&nbsp;&nbsp;UART1Initial
<LI><a href="#[13]">&gt;&gt;</a>&nbsp;&nbsp;&nbsp;UART0Initial
</UL>

<P><STRONG><a name="[32]"></a>UARTFIFOLevelSet</STRONG> (Thumb, 6 bytes, Stack size 0 bytes, uart.o(i.UARTFIFOLevelSet))
<BR><BR>[Called By]<UL><LI><a href="#[13]">&gt;&gt;</a>&nbsp;&nbsp;&nbsp;UART0Initial
</UL>

<P><STRONG><a name="[52]"></a>UARTIntClear</STRONG> (Thumb, 4 bytes, Stack size 0 bytes, uart.o(i.UARTIntClear))
<BR><BR>[Called By]<UL><LI><a href="#[5]">&gt;&gt;</a>&nbsp;&nbsp;&nbsp;UART0_ISR
</UL>

<P><STRONG><a name="[33]"></a>UARTIntEnable</STRONG> (Thumb, 8 bytes, Stack size 0 bytes, uart.o(i.UARTIntEnable))
<BR><BR>[Called By]<UL><LI><a href="#[13]">&gt;&gt;</a>&nbsp;&nbsp;&nbsp;UART0Initial
</UL>

<P><STRONG><a name="[51]"></a>UARTIntStatus</STRONG> (Thumb, 10 bytes, Stack size 0 bytes, uart.o(i.UARTIntStatus))
<BR><BR>[Called By]<UL><LI><a href="#[5]">&gt;&gt;</a>&nbsp;&nbsp;&nbsp;UART0_ISR
</UL>

<P><STRONG><a name="[59]"></a>__0sprintf$6</STRONG> (Thumb, 34 bytes, Stack size 24 bytes, printf6.o(i.__0sprintf$6), UNUSED)
<BR><BR>[Calls]<UL><LI><a href="#[9]">&gt;&gt;</a>&nbsp;&nbsp;&nbsp;_sputc
<LI><a href="#[5a]">&gt;&gt;</a>&nbsp;&nbsp;&nbsp;_printf_core
</UL>

<P><STRONG><a name="[66]"></a>__1sprintf$6</STRONG> (Thumb, 0 bytes, Stack size 24 bytes, printf6.o(i.__0sprintf$6), UNUSED)

<P><STRONG><a name="[17]"></a>__2sprintf</STRONG> (Thumb, 0 bytes, Stack size 24 bytes, printf6.o(i.__0sprintf$6))
<BR><BR>[Stack]<UL><LI>Max Depth = 24<LI>Call Chain = __2sprintf
</UL>
<BR>[Called By]<UL><LI><a href="#[18]">&gt;&gt;</a>&nbsp;&nbsp;&nbsp;UARTSystemCheckInformationTransmit
<LI><a href="#[8]">&gt;&gt;</a>&nbsp;&nbsp;&nbsp;main
<LI><a href="#[7]">&gt;&gt;</a>&nbsp;&nbsp;&nbsp;Timer0A_ISR
</UL>

<P><STRONG><a name="[67]"></a>__scatterload_copy</STRONG> (Thumb, 14 bytes, Stack size unknown bytes, handlers.o(i.__scatterload_copy), UNUSED)

<P><STRONG><a name="[68]"></a>__scatterload_null</STRONG> (Thumb, 2 bytes, Stack size unknown bytes, handlers.o(i.__scatterload_null), UNUSED)

<P><STRONG><a name="[69]"></a>__scatterload_zeroinit</STRONG> (Thumb, 14 bytes, Stack size unknown bytes, handlers.o(i.__scatterload_zeroinit), UNUSED)
<P>
<H3>
Local Symbols
</H3>
<P><STRONG><a name="[1]"></a>NmiSR</STRONG> (Thumb, 0 bytes, Stack size unknown bytes, startup.o(RESET))
<BR><BR>[Calls]<UL><LI><a href="#[1]">&gt;&gt;</a>&nbsp;&nbsp;&nbsp;NmiSR
</UL>
<BR>[Called By]<UL><LI><a href="#[1]">&gt;&gt;</a>&nbsp;&nbsp;&nbsp;NmiSR
</UL>
<BR>[Address Reference Count : 1]<UL><LI> startup.o(RESET)
</UL>
<P><STRONG><a name="[2]"></a>FaultISR</STRONG> (Thumb, 0 bytes, Stack size unknown bytes, startup.o(RESET))
<BR><BR>[Calls]<UL><LI><a href="#[2]">&gt;&gt;</a>&nbsp;&nbsp;&nbsp;FaultISR
</UL>
<BR>[Called By]<UL><LI><a href="#[2]">&gt;&gt;</a>&nbsp;&nbsp;&nbsp;FaultISR
</UL>
<BR>[Address Reference Count : 1]<UL><LI> startup.o(RESET)
</UL>
<P><STRONG><a name="[3]"></a>IntDefaultHandler</STRONG> (Thumb, 0 bytes, Stack size unknown bytes, startup.o(RESET))
<BR><BR>[Calls]<UL><LI><a href="#[3]">&gt;&gt;</a>&nbsp;&nbsp;&nbsp;IntDefaultHandler
</UL>
<BR>[Called By]<UL><LI><a href="#[3]">&gt;&gt;</a>&nbsp;&nbsp;&nbsp;IntDefaultHandler
</UL>
<BR>[Address Reference Count : 1]<UL><LI> startup.o(RESET)
</UL>
<P><STRONG><a name="[5a]"></a>_printf_core</STRONG> (Thumb, 818 bytes, Stack size 104 bytes, printf6.o(i._printf_core), UNUSED)
<BR><BR>[Calls]<UL><LI><a href="#[5b]">&gt;&gt;</a>&nbsp;&nbsp;&nbsp;_printf_pre_padding
<LI><a href="#[5d]">&gt;&gt;</a>&nbsp;&nbsp;&nbsp;_printf_post_padding
<LI><a href="#[5c]">&gt;&gt;</a>&nbsp;&nbsp;&nbsp;__aeabi_uidivmod
</UL>
<BR>[Called By]<UL><LI><a href="#[59]">&gt;&gt;</a>&nbsp;&nbsp;&nbsp;__0sprintf$6
</UL>

<P><STRONG><a name="[5d]"></a>_printf_post_padding</STRONG> (Thumb, 38 bytes, Stack size 24 bytes, printf6.o(i._printf_post_padding), UNUSED)
<BR><BR>[Called By]<UL><LI><a href="#[5a]">&gt;&gt;</a>&nbsp;&nbsp;&nbsp;_printf_core
</UL>

<P><STRONG><a name="[5b]"></a>_printf_pre_padding</STRONG> (Thumb, 46 bytes, Stack size 24 bytes, printf6.o(i._printf_pre_padding), UNUSED)
<BR><BR>[Called By]<UL><LI><a href="#[5a]">&gt;&gt;</a>&nbsp;&nbsp;&nbsp;_printf_core
</UL>

<P><STRONG><a name="[9]"></a>_sputc</STRONG> (Thumb, 10 bytes, Stack size 0 bytes, printf6.o(i._sputc))
<BR><BR>[Called By]<UL><LI><a href="#[59]">&gt;&gt;</a>&nbsp;&nbsp;&nbsp;__0sprintf$6
</UL>
<BR>[Address Reference Count : 1]<UL><LI> printf6.o(i.__0sprintf$6)
</UL><P>
<H3>
Undefined Global Symbols
</H3><HR></body></html>
