<html>
<body>
<pre>
<h1>µVision Build Log</h1>
<h2>Project:</h2>
F:\Course\Experiments\StellarisWare\Experiment\4 Interrupt\Experiment.uvproj
Project File Date:  05/04/2012

<h2>Output:</h2>
Build target 'Target 1'
compiling GPIOISR.c...
linking...
Program Size: Code=2804 RO-data=260 RW-data=8 ZI-data=256  
".\rvmdk\Experiment.axf" - 0 Error(s), 0 Warning(s).
Load "F:\\Course\\Experiments\\StellarisWare\\Experiment\\4 Interrupt\\rvmdk\\Experiment.AXF" 
Connecting: Mode=JTAG, Speed=1000000Hz
Full Chip Erase Done.
Erase Done.
Programming Done.
Verify OK.
Build target 'Target 1'
compiling SysTickConfigure.c...
compiling TimerConfigure.c...
linking...
Program Size: Code=2800 RO-data=260 RW-data=8 ZI-data=256  
".\rvmdk\Experiment.axf" - 0 Error(s), 0 Warning(s).
Load "F:\\Course\\Experiments\\StellarisWare\\Experiment\\4 Interrupt\\rvmdk\\Experiment.AXF" 
Connecting: Mode=JTAG, Speed=1000000Hz
Full Chip Erase Done.
Erase Done.
Programming Done.
Verify OK.
Build target 'Target 1'
compiling GPIOISR.c...
linking...
Program Size: Code=2764 RO-data=260 RW-data=8 ZI-data=256  
".\rvmdk\Experiment.axf" - 0 Error(s), 0 Warning(s).
Load "F:\\Course\\Experiments\\StellarisWare\\Experiment\\4 Interrupt\\rvmdk\\Experiment.AXF" 
Connecting: Mode=JTAG, Speed=1000000Hz
Full Chip Erase Done.
Erase Done.
Programming Done.
Verify OK.
Build target 'Target 1'
compiling GPIOISR.c...
linking...
Program Size: Code=2800 RO-data=260 RW-data=8 ZI-data=256  
".\rvmdk\Experiment.axf" - 0 Error(s), 0 Warning(s).
Load "F:\\Course\\Experiments\\StellarisWare\\Experiment\\4 Interrupt\\rvmdk\\Experiment.AXF" 
Connecting: Mode=JTAG, Speed=1000000Hz
Full Chip Erase Done.
Erase Done.
Programming Done.
Verify OK.
Build target 'Target 1'
compiling GPIOISR.c...
linking...
Program Size: Code=2764 RO-data=260 RW-data=8 ZI-data=256  
".\rvmdk\Experiment.axf" - 0 Error(s), 0 Warning(s).
Load "F:\\Course\\Experiments\\StellarisWare\\Experiment\\4 Interrupt\\rvmdk\\Experiment.AXF" 
Connecting: Mode=JTAG, Speed=1000000Hz
Full Chip Erase Done.
Erase Done.
Programming Done.
Verify OK.
