<html>
<body>
<pre>
<h1>µVision Build Log</h1>
<h2>Project:</h2>
F:\Course\Experiments\StellarisWare\Experiment\1-2 GPIO_Output(HardwareTypes)\Experiment.uvproj
Project File Date:  03/28/2012

<h2>Output:</h2>
Build target 'Target 1'
assembling Startup.s...
compiling main.c...
main.c(1): error:  #5: cannot open source input file "inc/hw_types.h": No such file or directory
Target not created
Build target 'Target 1'
compiling main.c...
linking...
Program Size: Code=416 RO-data=16 RW-data=0 ZI-data=256  
".\rvmdk\Experiment.axf" - 0 Error(s), 0 Warning(s).
