ARM Linker, 4.1 [Build 644] [Evaluation]

==============================================================================

Section Cross References

    startup.o(RESET) refers to startup.o(STACK) for StackMem
    startup.o(RESET) refers to systickisr.o(.text) for SysTick_ISR
    startup.o(RESET) refers to uartisr.o(.text) for UART0_ISR
    startup.o(RESET) refers to i2cisr.o(.text) for I2C0_ISR
    startup.o(RESET) refers to timerisr.o(.text) for Timer0A_ISR
    startup.o(RESET) refers to entry.o(.ARM.Collect$$$$00000000) for __main
    main.o(.text) refers to sysctlconfigure.o(.text) for ClockInitial
    main.o(.text) refers to gpiodriverconfigure.o(.text) for GPIOInitial
    main.o(.text) refers to systickconfigure.o(.text) for SysTickInitial
    main.o(.text) refers to timerconfigure.o(.text) for TimerInitial
    main.o(.text) refers to uartconfigure.o(.text) for UART0Initial
    main.o(.text) refers to context.o(i.GrContextInit) for GrContextInit
    main.o(.text) refers to lcdconfigure.o(.text) for LCDInitial
    main.o(.text) refers to pwmconfigure.o(.text) for PWMInitial
    main.o(.text) refers to i2cconfigure.o(.text) for I2C0MasterInitial
    main.o(.text) refers to printf6.o(i.__0sprintf$6) for __2sprintf
    main.o(.text) refers to systick.o(i.SysTickEnable) for SysTickEnable
    main.o(.text) refers to interrupt.o(i.IntMasterEnable) for IntMasterEnable
    main.o(.text) refers to lcddisplay.o(.text) for LCDSystemCheckInformationDisplay
    main.o(.text) refers to rectangle.o(i.GrRectFill) for GrRectFill
    main.o(.text) refers to string.o(i.GrStringWidthGet) for GrStringWidthGet
    main.o(.text) refers to string.o(i.GrStringDraw) for GrStringDraw
    main.o(.text) refers to timer.o(i.TimerEnable) for TimerEnable
    main.o(.text) refers to lcdconfigure.o(.constdata) for g_sKitronix320x240x16_SSD2119
    main.o(.text) refers to main.o(.bss) for .bss
    main.o(.text) refers to main.o(.data) for .data
    main.o(.text) refers to nixietubeconfigure.o(.data) for NixieTube
    main.o(.text) refers to systickisr.o(.data) for KeyNumber
    main.o(.text) refers to fontcm14.o(.constdata) for g_sFontCm14
    main.o(.text) refers to sysctlconfigure.o(.data) for TheSysClock
    main.o(.text) refers to lcddisplay.o(.data) for LCDDrawingFlag_Running
    main.o(.text) refers to lcddisplay.o(.data) for LCDDrawingFlag_Pause
    gpiodriverconfigure.o(.text) refers to sysctl.o(i.SysCtlPeripheralEnable) for SysCtlPeripheralEnable
    gpiodriverconfigure.o(.text) refers to gpio.o(i.GPIOPinConfigure) for GPIOPinConfigure
    gpiodriverconfigure.o(.text) refers to gpio.o(i.GPIOPinTypeGPIOOutput) for GPIOPinTypeGPIOOutput
    gpiodriverconfigure.o(.text) refers to gpio.o(i.GPIOPinTypeGPIOInput) for GPIOPinTypeGPIOInput
    gpiodriverconfigure.o(.text) refers to gpio.o(i.GPIOPinTypeUART) for GPIOPinTypeUART
    gpiodriverconfigure.o(.text) refers to gpio.o(i.GPIOPinTypeI2C) for GPIOPinTypeI2C
    gpiodriverconfigure.o(.text) refers to gpio.o(i.GPIOPinTypePWM) for GPIOPinTypePWM
    gpiodriverconfigure.o(.text) refers to gpio.o(i.GPIODirModeSet) for GPIODirModeSet
    gpiodriverconfigure.o(.text) refers to gpio.o(i.GPIOPadConfigSet) for GPIOPadConfigSet
    gpiodriverconfigure.o(.text) refers to gpio.o(i.GPIOPinWrite) for GPIOPinWrite
    gpiodriverconfigure.o(.text) refers to sysctl.o(.emb_text) for SysCtlDelay
    gpiodriverconfigure.o(.text) refers to sysctl.o(i.SysCtlClockGet) for SysCtlClockGet
    gpiodriverconfigure.o(.text) refers to gpio.o(i.GPIOPinRead) for GPIOPinRead
    gpiodriverconfigure.o(.text) refers to sysctlconfigure.o(.data) for TheSysClock
    sysctlconfigure.o(.text) refers to sysctl.o(i.SysCtlLDOSet) for SysCtlLDOSet
    sysctlconfigure.o(.text) refers to sysctl.o(i.SysCtlClockSet) for SysCtlClockSet
    sysctlconfigure.o(.text) refers to sysctl.o(i.SysCtlClockGet) for SysCtlClockGet
    sysctlconfigure.o(.text) refers to sysctlconfigure.o(.data) for .data
    systickconfigure.o(.text) refers to systick.o(i.SysTickPeriodSet) for SysTickPeriodSet
    systickconfigure.o(.text) refers to systick.o(i.SysTickIntEnable) for SysTickIntEnable
    systickconfigure.o(.text) refers to sysctlconfigure.o(.data) for TheSysClock
    timerconfigure.o(.text) refers to sysctl.o(i.SysCtlPeripheralEnable) for SysCtlPeripheralEnable
    timerconfigure.o(.text) refers to timer.o(i.TimerConfigure) for TimerConfigure
    timerconfigure.o(.text) refers to timer.o(i.TimerLoadSet) for TimerLoadSet
    timerconfigure.o(.text) refers to timer.o(i.TimerIntEnable) for TimerIntEnable
    timerconfigure.o(.text) refers to interrupt.o(i.IntEnable) for IntEnable
    timerconfigure.o(.text) refers to sysctlconfigure.o(.data) for TheSysClock
    watchdogconfigure.o(.text) refers to sysctl.o(i.SysCtlPeripheralEnable) for SysCtlPeripheralEnable
    watchdogconfigure.o(.text) refers to watchdog.o(i.WatchdogResetEnable) for WatchdogResetEnable
[...]
    sysctl.o(i.SysCtlPeripheralDeepSleepEnable) refers to sysctl.o(.constdata) for .constdata
    sysctl.o(i.SysCtlPeripheralDisable) refers to sysctl.o(.constdata) for .constdata
    sysctl.o(i.SysCtlPeripheralEnable) refers to sysctl.o(.constdata) for .constdata
    sysctl.o(i.SysCtlPeripheralPresent) refers to sysctl.o(.constdata) for .constdata
    sysctl.o(i.SysCtlPeripheralReset) refers to sysctl.o(.constdata) for .constdata
    sysctl.o(i.SysCtlPeripheralSleepDisable) refers to sysctl.o(.constdata) for .constdata
    sysctl.o(i.SysCtlPeripheralSleepEnable) refers to sysctl.o(.constdata) for .constdata
    sysctl.o(i.SysCtlSleep) refers to cpu.o(.emb_text) for CPUwfi
    systick.o(i.SysTickIntRegister) refers to interrupt.o(i.IntRegister) for IntRegister
    systick.o(i.SysTickIntUnregister) refers to interrupt.o(i.IntUnregister) for IntUnregister
    timer.o(i.TimerIntRegister) refers to interrupt.o(i.IntRegister) for IntRegister
    timer.o(i.TimerIntRegister) refers to interrupt.o(i.IntEnable) for IntEnable
    timer.o(i.TimerIntUnregister) refers to interrupt.o(i.IntDisable) for IntDisable
    timer.o(i.TimerIntUnregister) refers to interrupt.o(i.IntUnregister) for IntUnregister
    timer.o(i.TimerQuiesce) refers to interrupt.o(i.IntDisable) for IntDisable
    timer.o(i.TimerQuiesce) refers to interrupt.o(i.IntUnregister) for IntUnregister
    uart.o(i.UARTIntRegister) refers to interrupt.o(i.IntRegister) for IntRegister
    uart.o(i.UARTIntRegister) refers to interrupt.o(i.IntEnable) for IntEnable
    uart.o(i.UARTIntUnregister) refers to interrupt.o(i.IntDisable) for IntDisable
    uart.o(i.UARTIntUnregister) refers to interrupt.o(i.IntUnregister) for IntUnregister
    watchdog.o(i.WatchdogIntRegister) refers to interrupt.o(i.IntRegister) for IntRegister
    watchdog.o(i.WatchdogIntRegister) refers to interrupt.o(i.IntEnable) for IntEnable
    watchdog.o(i.WatchdogIntUnregister) refers to interrupt.o(i.IntDisable) for IntDisable
    watchdog.o(i.WatchdogIntUnregister) refers to interrupt.o(i.IntUnregister) for IntUnregister
    entry.o(.ARM.Collect$$$$00000000) refers (Special) to entry7.o(.ARM.Collect$$$$00000007) for _main_init
    entry.o(.ARM.Collect$$$$00000000) refers (Special) to entry5.o(.ARM.Collect$$$$00000004) for _main_scatterload
    entry.o(.ARM.Collect$$$$00000000) refers (Special) to entry2.o(.ARM.Collect$$$$00000001) for _main_stk
    printfb.o(i.__0fprintf$bare) refers to printfb.o(i._printf_core) for _printf_core
    printfb.o(i.__0fprintf$bare) refers to fputc.o(i.fputc) for fputc
    printfb.o(i.__0printf$bare) refers to printfb.o(i._printf_core) for _printf_core
    printfb.o(i.__0printf$bare) refers to fputc.o(i.fputc) for fputc
    printfb.o(i.__0printf$bare) refers to stdout.o(.data) for __stdout
    printfb.o(i.__0snprintf$bare) refers to printfb.o(i._printf_core) for _printf_core
    printfb.o(i.__0snprintf$bare) refers to printfb.o(i._snputc) for _snputc
    printfb.o(i.__0sprintf$bare) refers to printfb.o(i._printf_core) for _printf_core
    printfb.o(i.__0sprintf$bare) refers to printfb.o(i._sputc) for _sputc
    printfb.o(i.__0vfprintf$bare) refers to printfb.o(i._printf_core) for _printf_core
    printfb.o(i.__0vfprintf$bare) refers to fputc.o(i.fputc) for fputc
    printfb.o(i.__0vprintf$bare) refers to printfb.o(i._printf_core) for _printf_core
    printfb.o(i.__0vprintf$bare) refers to fputc.o(i.fputc) for fputc
    printfb.o(i.__0vprintf$bare) refers to stdout.o(.data) for __stdout
    printfb.o(i.__0vsnprintf$bare) refers to printfb.o(i._printf_core) for _printf_core
    printfb.o(i.__0vsnprintf$bare) refers to printfb.o(i._snputc) for _snputc
    printfb.o(i.__0vsprintf$bare) refers to printfb.o(i._printf_core) for _printf_core
    printfb.o(i.__0vsprintf$bare) refers to printfb.o(i._sputc) for _sputc
    printf0.o(i.__0fprintf$0) refers to printf0.o(i._printf_core) for _printf_core
    printf0.o(i.__0fprintf$0) refers to fputc.o(i.fputc) for fputc
    printf0.o(i.__0printf$0) refers to printf0.o(i._printf_core) for _printf_core
    printf0.o(i.__0printf$0) refers to fputc.o(i.fputc) for fputc
    printf0.o(i.__0printf$0) refers to stdout.o(.data) for __stdout
    printf0.o(i.__0snprintf$0) refers to printf0.o(i._printf_core) for _printf_core
    printf0.o(i.__0snprintf$0) refers to printf0.o(i._snputc) for _snputc
    printf0.o(i.__0sprintf$0) refers to printf0.o(i._printf_core) for _printf_core
    printf0.o(i.__0sprintf$0) refers to printf0.o(i._sputc) for _sputc
    printf0.o(i.__0vfprintf$0) refers to printf0.o(i._printf_core) for _printf_core
    printf0.o(i.__0vfprintf$0) refers to fputc.o(i.fputc) for fputc
    printf0.o(i.__0vprintf$0) refers to printf0.o(i._printf_core) for _printf_core
    printf0.o(i.__0vprintf$0) refers to fputc.o(i.fputc) for fputc
    printf0.o(i.__0vprintf$0) refers to stdout.o(.data) for __stdout
    printf0.o(i.__0vsnprintf$0) refers to printf0.o(i._printf_core) for _printf_core
    printf0.o(i.__0vsnprintf$0) refers to printf0.o(i._snputc) for _snputc
    printf0.o(i.__0vsprintf$0) refers to printf0.o(i._printf_core) for _printf_core
    printf0.o(i.__0vsprintf$0) refers to printf0.o(i._sputc) for _sputc
    printf1.o(i.__0fprintf$1) refers to printf1.o(i._printf_core) for _printf_core
    printf1.o(i.__0fprintf$1) refers to fputc.o(i.fputc) for fputc
    printf1.o(i.__0printf$1) refers to printf1.o(i._printf_core) for _printf_core
    printf1.o(i.__0printf$1) refers to fputc.o(i.fputc) for fputc
    printf1.o(i.__0printf$1) refers to stdout.o(.data) for __stdout
    printf1.o(i.__0snprintf$1) refers to printf1.o(i._printf_core) for _printf_core
    printf1.o(i.__0snprintf$1) refers to printf1.o(i._snputc) for _snputc
    printf1.o(i.__0sprintf$1) refers to printf1.o(i._printf_core) for _printf_core
    printf1.o(i.__0sprintf$1) refers to printf1.o(i._sputc) for _sputc
    printf1.o(i.__0vfprintf$1) refers to printf1.o(i._printf_core) for _printf_core
    printf1.o(i.__0vfprintf$1) refers to fputc.o(i.fputc) for fputc
    printf1.o(i.__0vprintf$1) refers to printf1.o(i._printf_core) for _printf_core
    printf1.o(i.__0vprintf$1) refers to fputc.o(i.fputc) for fputc
    printf1.o(i.__0vprintf$1) refers to stdout.o(.data) for __stdout
    printf1.o(i.__0vsnprintf$1) refers to printf1.o(i._printf_core) for _printf_core
    printf1.o(i.__0vsnprintf$1) refers to printf1.o(i._snputc) for _snputc
    printf1.o(i.__0vsprintf$1) refers to printf1.o(i._printf_core) for _printf_core
    printf1.o(i.__0vsprintf$1) refers to printf1.o(i._sputc) for _sputc
    printf1.o(i._printf_core) refers to uidiv.o(.text) for __aeabi_uidivmod
    printf2.o(i.__0fprintf$2) refers to printf2.o(i._printf_core) for _printf_core
    printf2.o(i.__0fprintf$2) refers to fputc.o(i.fputc) for fputc
    printf2.o(i.__0printf$2) refers to printf2.o(i._printf_core) for _printf_core
    printf2.o(i.__0printf$2) refers to fputc.o(i.fputc) for fputc
    printf2.o(i.__0printf$2) refers to stdout.o(.data) for __stdout
    printf2.o(i.__0snprintf$2) refers to printf2.o(i._printf_core) for _printf_core
    printf2.o(i.__0snprintf$2) refers to printf2.o(i._snputc) for _snputc
    printf2.o(i.__0sprintf$2) refers to printf2.o(i._printf_core) for _printf_core
    printf2.o(i.__0sprintf$2) refers to printf2.o(i._sputc) for _sputc
    printf2.o(i.__0vfprintf$2) refers to printf2.o(i._printf_core) for _printf_core
    printf2.o(i.__0vfprintf$2) refers to fputc.o(i.fputc) for fputc
    printf2.o(i.__0vprintf$2) refers to printf2.o(i._printf_core) for _printf_core
    printf2.o(i.__0vprintf$2) refers to fputc.o(i.fputc) for fputc
    printf2.o(i.__0vprintf$2) refers to stdout.o(.data) for __stdout
    printf2.o(i.__0vsnprintf$2) refers to printf2.o(i._printf_core) for _printf_core
    printf2.o(i.__0vsnprintf$2) refers to printf2.o(i._snputc) for _snputc
    printf2.o(i.__0vsprintf$2) refers to printf2.o(i._printf_core) for _printf_core
    printf2.o(i.__0vsprintf$2) refers to printf2.o(i._sputc) for _sputc
    printf3.o(i.__0fprintf$3) refers to printf3.o(i._printf_core) for _printf_core
    printf3.o(i.__0fprintf$3) refers to fputc.o(i.fputc) for fputc
    printf3.o(i.__0printf$3) refers to printf3.o(i._printf_core) for _printf_core
    printf3.o(i.__0printf$3) refers to fputc.o(i.fputc) for fputc
    printf3.o(i.__0printf$3) refers to stdout.o(.data) for __stdout
    printf3.o(i.__0snprintf$3) refers to printf3.o(i._printf_core) for _printf_core
    printf3.o(i.__0snprintf$3) refers to printf3.o(i._snputc) for _snputc
    printf3.o(i.__0sprintf$3) refers to printf3.o(i._printf_core) for _printf_core
    printf3.o(i.__0sprintf$3) refers to printf3.o(i._sputc) for _sputc
    printf3.o(i.__0vfprintf$3) refers to printf3.o(i._printf_core) for _printf_core
    printf3.o(i.__0vfprintf$3) refers to fputc.o(i.fputc) for fputc
    printf3.o(i.__0vprintf$3) refers to printf3.o(i._printf_core) for _printf_core
    printf3.o(i.__0vprintf$3) refers to fputc.o(i.fputc) for fputc
    printf3.o(i.__0vprintf$3) refers to stdout.o(.data) for __stdout
    printf3.o(i.__0vsnprintf$3) refers to printf3.o(i._printf_core) for _printf_core
    printf3.o(i.__0vsnprintf$3) refers to printf3.o(i._snputc) for _snputc
    printf3.o(i.__0vsprintf$3) refers to printf3.o(i._printf_core) for _printf_core
    printf3.o(i.__0vsprintf$3) refers to printf3.o(i._sputc) for _sputc
    printf3.o(i._printf_core) refers to uidiv.o(.text) for __aeabi_uidivmod
    printf4.o(i.__0fprintf$4) refers to printf4.o(i._printf_core) for _printf_core
    printf4.o(i.__0fprintf$4) refers to fputc.o(i.fputc) for fputc
    printf4.o(i.__0printf$4) refers to printf4.o(i._printf_core) for _printf_core
    printf4.o(i.__0printf$4) refers to fputc.o(i.fputc) for fputc
    printf4.o(i.__0printf$4) refers to stdout.o(.data) for __stdout
    printf4.o(i.__0snprintf$4) refers to printf4.o(i._printf_core) for _printf_core
    printf4.o(i.__0snprintf$4) refers to printf4.o(i._snputc) for _snputc
    printf4.o(i.__0sprintf$4) refers to printf4.o(i._printf_core) for _printf_core
    printf4.o(i.__0sprintf$4) refers to printf4.o(i._sputc) for _sputc
    printf4.o(i.__0vfprintf$4) refers to printf4.o(i._printf_core) for _printf_core
    printf4.o(i.__0vfprintf$4) refers to fputc.o(i.fputc) for fputc
    printf4.o(i.__0vprintf$4) refers to printf4.o(i._printf_core) for _printf_core
    printf4.o(i.__0vprintf$4) refers to fputc.o(i.fputc) for fputc
    printf4.o(i.__0vprintf$4) refers to stdout.o(.data) for __stdout
    printf4.o(i.__0vsnprintf$4) refers to printf4.o(i._printf_core) for _printf_core
    printf4.o(i.__0vsnprintf$4) refers to printf4.o(i._snputc) for _snputc
    printf4.o(i.__0vsprintf$4) refers to printf4.o(i._printf_core) for _printf_core
    printf4.o(i.__0vsprintf$4) refers to printf4.o(i._sputc) for _sputc
    printf4.o(i._printf_core) refers to uldiv.o(.text) for __aeabi_uldivmod
    printf5.o(i.__0fprintf$5) refers to printf5.o(i._printf_core) for _printf_core
    printf5.o(i.__0fprintf$5) refers to fputc.o(i.fputc) for fputc
    printf5.o(i.__0printf$5) refers to printf5.o(i._printf_core) for _printf_core
    printf5.o(i.__0printf$5) refers to fputc.o(i.fputc) for fputc
    printf5.o(i.__0printf$5) refers to stdout.o(.data) for __stdout
    printf5.o(i.__0snprintf$5) refers to printf5.o(i._printf_core) for _printf_core
    printf5.o(i.__0snprintf$5) refers to printf5.o(i._snputc) for _snputc
    printf5.o(i.__0sprintf$5) refers to printf5.o(i._printf_core) for _printf_core
    printf5.o(i.__0sprintf$5) refers to printf5.o(i._sputc) for _sputc
    printf5.o(i.__0vfprintf$5) refers to printf5.o(i._printf_core) for _printf_core
    printf5.o(i.__0vfprintf$5) refers to fputc.o(i.fputc) for fputc
    printf5.o(i.__0vprintf$5) refers to printf5.o(i._printf_core) for _printf_core
    printf5.o(i.__0vprintf$5) refers to fputc.o(i.fputc) for fputc
    printf5.o(i.__0vprintf$5) refers to stdout.o(.data) for __stdout
    printf5.o(i.__0vsnprintf$5) refers to printf5.o(i._printf_core) for _printf_core
    printf5.o(i.__0vsnprintf$5) refers to printf5.o(i._snputc) for _snputc
    printf5.o(i.__0vsprintf$5) refers to printf5.o(i._printf_core) for _printf_core
    printf5.o(i.__0vsprintf$5) refers to printf5.o(i._sputc) for _sputc
    printf5.o(i._printf_core) refers to uldiv.o(.text) for __aeabi_uldivmod
    printf6.o(i.__0fprintf$6) refers to printf6.o(i._printf_core) for _printf_core
    printf6.o(i.__0fprintf$6) refers to fputc.o(i.fputc) for fputc
    printf6.o(i.__0printf$6) refers to printf6.o(i._printf_core) for _printf_core
    printf6.o(i.__0printf$6) refers to fputc.o(i.fputc) for fputc
    printf6.o(i.__0printf$6) refers to stdout.o(.data) for __stdout
    printf6.o(i.__0snprintf$6) refers to printf6.o(i._printf_core) for _printf_core
    printf6.o(i.__0snprintf$6) refers to printf6.o(i._snputc) for _snputc
    printf6.o(i.__0sprintf$6) refers to printf6.o(i._printf_core) for _printf_core
    printf6.o(i.__0sprintf$6) refers to printf6.o(i._sputc) for _sputc
    printf6.o(i.__0vfprintf$6) refers to printf6.o(i._printf_core) for _printf_core
    printf6.o(i.__0vfprintf$6) refers to fputc.o(i.fputc) for fputc
    printf6.o(i.__0vprintf$6) refers to printf6.o(i._printf_core) for _printf_core
    printf6.o(i.__0vprintf$6) refers to fputc.o(i.fputc) for fputc
    printf6.o(i.__0vprintf$6) refers to stdout.o(.data) for __stdout
    printf6.o(i.__0vsnprintf$6) refers to printf6.o(i._printf_core) for _printf_core
    printf6.o(i.__0vsnprintf$6) refers to printf6.o(i._snputc) for _snputc
    printf6.o(i.__0vsprintf$6) refers to printf6.o(i._printf_core) for _printf_core
    printf6.o(i.__0vsprintf$6) refers to printf6.o(i._sputc) for _sputc
    printf6.o(i._printf_core) refers to printf6.o(i._printf_pre_padding) for _printf_pre_padding
    printf6.o(i._printf_core) refers to uidiv.o(.text) for __aeabi_uidivmod
    printf6.o(i._printf_core) refers to printf6.o(i._printf_post_padding) for _printf_post_padding
    printf7.o(i.__0fprintf$7) refers to printf7.o(i._printf_core) for _printf_core
    printf7.o(i.__0fprintf$7) refers to fputc.o(i.fputc) for fputc
    printf7.o(i.__0printf$7) refers to printf7.o(i._printf_core) for _printf_core
    printf7.o(i.__0printf$7) refers to fputc.o(i.fputc) for fputc
    printf7.o(i.__0printf$7) refers to stdout.o(.data) for __stdout
    printf7.o(i.__0snprintf$7) refers to printf7.o(i._printf_core) for _printf_core
    printf7.o(i.__0snprintf$7) refers to printf7.o(i._snputc) for _snputc
    printf7.o(i.__0sprintf$7) refers to printf7.o(i._printf_core) for _printf_core
    printf7.o(i.__0sprintf$7) refers to printf7.o(i._sputc) for _sputc
    printf7.o(i.__0vfprintf$7) refers to printf7.o(i._printf_core) for _printf_core
    printf7.o(i.__0vfprintf$7) refers to fputc.o(i.fputc) for fputc
    printf7.o(i.__0vprintf$7) refers to printf7.o(i._printf_core) for _printf_core
    printf7.o(i.__0vprintf$7) refers to fputc.o(i.fputc) for fputc
    printf7.o(i.__0vprintf$7) refers to stdout.o(.data) for __stdout
    printf7.o(i.__0vsnprintf$7) refers to printf7.o(i._printf_core) for _printf_core
    printf7.o(i.__0vsnprintf$7) refers to printf7.o(i._snputc) for _snputc
    printf7.o(i.__0vsprintf$7) refers to printf7.o(i._printf_core) for _printf_core
    printf7.o(i.__0vsprintf$7) refers to printf7.o(i._sputc) for _sputc
    printf7.o(i._printf_core) refers to printf7.o(i._printf_pre_padding) for _printf_pre_padding
    printf7.o(i._printf_core) refers to uldiv.o(.text) for __aeabi_uldivmod
    printf7.o(i._printf_core) refers to printf7.o(i._printf_post_padding) for _printf_post_padding
    printf8.o(i.__0fprintf$8) refers to printf8.o(i._printf_core) for _printf_core
    printf8.o(i.__0fprintf$8) refers to fputc.o(i.fputc) for fputc
    printf8.o(i.__0printf$8) refers to printf8.o(i._printf_core) for _printf_core
    printf8.o(i.__0printf$8) refers to fputc.o(i.fputc) for fputc
    printf8.o(i.__0printf$8) refers to stdout.o(.data) for __stdout
    printf8.o(i.__0snprintf$8) refers to printf8.o(i._printf_core) for _printf_core
    printf8.o(i.__0snprintf$8) refers to printf8.o(i._snputc) for _snputc
    printf8.o(i.__0sprintf$8) refers to printf8.o(i._printf_core) for _printf_core
    printf8.o(i.__0sprintf$8) refers to printf8.o(i._sputc) for _sputc
    printf8.o(i.__0vfprintf$8) refers to printf8.o(i._printf_core) for _printf_core
    printf8.o(i.__0vfprintf$8) refers to fputc.o(i.fputc) for fputc
    printf8.o(i.__0vprintf$8) refers to printf8.o(i._printf_core) for _printf_core
    printf8.o(i.__0vprintf$8) refers to fputc.o(i.fputc) for fputc
    printf8.o(i.__0vprintf$8) refers to stdout.o(.data) for __stdout
    printf8.o(i.__0vsnprintf$8) refers to printf8.o(i._printf_core) for _printf_core
    printf8.o(i.__0vsnprintf$8) refers to printf8.o(i._snputc) for _snputc
    printf8.o(i.__0vsprintf$8) refers to printf8.o(i._printf_core) for _printf_core
    printf8.o(i.__0vsprintf$8) refers to printf8.o(i._sputc) for _sputc
    printf8.o(i._printf_core) refers to printf8.o(i._printf_pre_padding) for _printf_pre_padding
    printf8.o(i._printf_core) refers to uldiv.o(.text) for __aeabi_uldivmod
    printf8.o(i._printf_core) refers to printf8.o(i._printf_post_padding) for _printf_post_padding
    printfa.o(i.__0fprintf) refers (Special) to iusefp.o(.text) for __I$use$fp
    printfa.o(i.__0fprintf) refers to printfa.o(i._printf_core) for _printf_core
    printfa.o(i.__0fprintf) refers to fputc.o(i.fputc) for fputc
    printfa.o(i.__0printf) refers (Special) to iusefp.o(.text) for __I$use$fp
    printfa.o(i.__0printf) refers to printfa.o(i._printf_core) for _printf_core
    printfa.o(i.__0printf) refers to fputc.o(i.fputc) for fputc
    printfa.o(i.__0printf) refers to stdout.o(.data) for __stdout
    printfa.o(i.__0snprintf) refers (Special) to iusefp.o(.text) for __I$use$fp
    printfa.o(i.__0snprintf) refers to printfa.o(i._printf_core) for _printf_core
    printfa.o(i.__0snprintf) refers to printfa.o(i._snputc) for _snputc
    printfa.o(i.__0sprintf) refers (Special) to iusefp.o(.text) for __I$use$fp
    printfa.o(i.__0sprintf) refers to printfa.o(i._printf_core) for _printf_core
    printfa.o(i.__0sprintf) refers to printfa.o(i._sputc) for _sputc
    printfa.o(i.__0vfprintf) refers (Special) to iusefp.o(.text) for __I$use$fp
    printfa.o(i.__0vfprintf) refers to printfa.o(i._printf_core) for _printf_core
    printfa.o(i.__0vfprintf) refers to fputc.o(i.fputc) for fputc
    printfa.o(i.__0vprintf) refers (Special) to iusefp.o(.text) for __I$use$fp
    printfa.o(i.__0vprintf) refers to printfa.o(i._printf_core) for _printf_core
    printfa.o(i.__0vprintf) refers to fputc.o(i.fputc) for fputc
    printfa.o(i.__0vprintf) refers to stdout.o(.data) for __stdout
    printfa.o(i.__0vsnprintf) refers (Special) to iusefp.o(.text) for __I$use$fp
    printfa.o(i.__0vsnprintf) refers to printfa.o(i._printf_core) for _printf_core
    printfa.o(i.__0vsnprintf) refers to printfa.o(i._snputc) for _snputc
    printfa.o(i.__0vsprintf) refers (Special) to iusefp.o(.text) for __I$use$fp
    printfa.o(i.__0vsprintf) refers to printfa.o(i._printf_core) for _printf_core
    printfa.o(i.__0vsprintf) refers to printfa.o(i._sputc) for _sputc
    printfa.o(i._fp_digits) refers (Special) to iusefp.o(.text) for __I$use$fp
    printfa.o(i._fp_digits) refers to dmul.o(.text) for __aeabi_dmul
    printfa.o(i._fp_digits) refers to ddiv.o(.text) for __aeabi_ddiv
    printfa.o(i._fp_digits) refers to cdrcmple.o(.text) for __aeabi_cdrcmple
    printfa.o(i._fp_digits) refers to dadd.o(.text) for __aeabi_dadd
    printfa.o(i._fp_digits) refers to dfixul.o(.text) for __aeabi_d2ulz
    printfa.o(i._fp_digits) refers to uldiv.o(.text) for __aeabi_uldivmod
    printfa.o(i._printf_core) refers (Special) to iusefp.o(.text) for __I$use$fp
    printfa.o(i._printf_core) refers to printfa.o(i._printf_pre_padding) for _printf_pre_padding
    printfa.o(i._printf_core) refers to uldiv.o(.text) for __aeabi_uldivmod
    printfa.o(i._printf_core) refers to printfa.o(i._printf_post_padding) for _printf_post_padding
    printfa.o(i._printf_core) refers to printfa.o(i._fp_digits) for _fp_digits
    printfa.o(i._printf_core) refers to uidiv.o(.text) for __aeabi_uidivmod
    printfa.o(i._printf_post_padding) refers (Special) to iusefp.o(.text) for __I$use$fp
    printfa.o(i._printf_pre_padding) refers (Special) to iusefp.o(.text) for __I$use$fp
    printfa.o(i._snputc) refers (Special) to iusefp.o(.text) for __I$use$fp
    printfa.o(i._sputc) refers (Special) to iusefp.o(.text) for __I$use$fp
    entry2.o(.ARM.Collect$$$$00000001) refers to entry2.o(.ARM.Collect$$$$00002712) for __lit__00000000
    entry2.o(.ARM.Collect$$$$00002712) refers to startup.o(STACK) for __initial_sp
    entry2.o(__vectab_stack_and_reset_area) refers to startup.o(STACK) for __initial_sp
    entry2.o(__vectab_stack_and_reset_area) refers to entry.o(.ARM.Collect$$$$00000000) for __main
    entry5.o(.ARM.Collect$$$$00000004) refers to init.o(.text) for __scatterload
    entry7.o(.ARM.Collect$$$$00000007) refers to main.o(.text) for main
    fputc.o(i.fputc) refers (Special) to iusesemip.o(.text) for __I$use$semihosting$fputc
    uldiv.o(.text) refers to llushr.o(.text) for __aeabi_llsr
    uldiv.o(.text) refers to llshl.o(.text) for __aeabi_llsl
    dadd.o(.text) refers to llshl.o(.text) for __aeabi_llsl
    dadd.o(.text) refers to llsshr.o(.text) for __aeabi_lasr
    dadd.o(.text) refers to depilogue.o(.text) for _double_epilogue
    dmul.o(.text) refers to depilogue.o(.text) for _double_epilogue
    ddiv.o(.text) refers to depilogue.o(.text) for _double_round
    dfixul.o(.text) refers to llushr.o(.text) for __aeabi_llsr
    dfixul.o(.text) refers to llshl.o(.text) for __aeabi_llsl
    init.o(.text) refers to entry5.o(.ARM.Collect$$$$00000004) for __main_after_scatterload
    depilogue.o(.text) refers to llshl.o(.text) for __aeabi_llsl
    depilogue.o(.text) refers to llushr.o(.text) for __aeabi_llsr


==============================================================================

Removing Unused input sections from the image.

    Removing startup.o(HEAP), (0 bytes).
    Removing startup.o(.text), (0 bytes).
    Removing watchdogconfigure.o(.text), (84 bytes).
    Removing context.o(i.GrContextClipRegionSet), (112 bytes).
    Removing rectangle.o(i.GrRectIntersectGet), (136 bytes).
    Removing rectangle.o(i.GrRectOverlapCheck), (56 bytes).
    Removing string.o(i.GrStringGet), (592 bytes).
    Removing string.o(i.GrStringLanguageSet), (48 bytes).
    Removing string.o(i.GrStringTableSet), (40 bytes).
    Removing string.o(.data), (20 bytes).
    Removing gpio.o(i.GPIODirModeGet), (34 bytes).
    Removing gpio.o(i.GPIOGetIntNumber), (156 bytes).
    Removing gpio.o(i.GPIOIntTypeGet), (48 bytes).
    Removing gpio.o(i.GPIOIntTypeSet), (58 bytes).
    Removing gpio.o(i.GPIOPadConfigGet), (140 bytes).
    Removing gpio.o(i.GPIOPinIntClear), (6 bytes).
    Removing gpio.o(i.GPIOPinIntDisable), (14 bytes).
    Removing gpio.o(i.GPIOPinIntEnable), (12 bytes).
    Removing gpio.o(i.GPIOPinIntStatus), (14 bytes).
    Removing gpio.o(i.GPIOPinTypeADC), (28 bytes).
    Removing gpio.o(i.GPIOPinTypeCAN), (28 bytes).
    Removing gpio.o(i.GPIOPinTypeComparator), (28 bytes).
    Removing gpio.o(i.GPIOPinTypeEPI), (28 bytes).
    Removing gpio.o(i.GPIOPinTypeEthernetLED), (28 bytes).
    Removing gpio.o(i.GPIOPinTypeGPIOOutputOD), (28 bytes).
    Removing gpio.o(i.GPIOPinTypeI2S), (28 bytes).
    Removing gpio.o(i.GPIOPinTypeQEI), (28 bytes).
    Removing gpio.o(i.GPIOPinTypeSSI), (28 bytes).
    Removing gpio.o(i.GPIOPinTypeTimer), (28 bytes).
    Removing gpio.o(i.GPIOPinTypeUSBAnalog), (28 bytes).
    Removing gpio.o(i.GPIOPinTypeUSBDigital), (28 bytes).
    Removing gpio.o(i.GPIOPortIntRegister), (26 bytes).
    Removing gpio.o(i.GPIOPortIntUnregister), (22 bytes).
    Removing i2c.o(i.I2CIntRegister), (32 bytes).
    Removing i2c.o(i.I2CIntUnregister), (32 bytes).
    Removing i2c.o(i.I2CMasterBusBusy), (12 bytes).
    Removing i2c.o(i.I2CMasterDataGet), (4 bytes).
    Removing i2c.o(i.I2CMasterDisable), (10 bytes).
    Removing i2c.o(i.I2CMasterIntDisable), (6 bytes).
    Removing i2c.o(i.I2CSlaveDataGet), (4 bytes).
    Removing i2c.o(i.I2CSlaveDataPut), (4 bytes).
    Removing i2c.o(i.I2CSlaveDisable), (22 bytes).
    Removing i2c.o(i.I2CSlaveEnable), (22 bytes).
    Removing i2c.o(i.I2CSlaveInit), (24 bytes).
    Removing i2c.o(i.I2CSlaveIntClear), (6 bytes).
    Removing i2c.o(i.I2CSlaveIntClearEx), (4 bytes).
    Removing i2c.o(i.I2CSlaveIntDisable), (10 bytes).
    Removing i2c.o(i.I2CSlaveIntDisableEx), (10 bytes).
    Removing i2c.o(i.I2CSlaveIntEnable), (10 bytes).
    Removing i2c.o(i.I2CSlaveIntEnableEx), (8 bytes).
    Removing i2c.o(i.I2CSlaveIntStatus), (24 bytes).
    Removing i2c.o(i.I2CSlaveIntStatusEx), (56 bytes).
    Removing i2c.o(i.I2CSlaveStatus), (4 bytes).
    Removing interrupt.o(i.IntDefaultHandler), (2 bytes).
    Removing interrupt.o(i.IntDisable), (104 bytes).
    Removing interrupt.o(i.IntMasterDisable), (10 bytes).
    Removing interrupt.o(i.IntPendClear), (72 bytes).
    Removing interrupt.o(i.IntPendSet), (90 bytes).
    Removing interrupt.o(i.IntPriorityGet), (28 bytes).
    Removing interrupt.o(i.IntPriorityGroupingGet), (40 bytes).
    Removing interrupt.o(i.IntPriorityGroupingSet), (28 bytes).
    Removing interrupt.o(i.IntPrioritySet), (40 bytes).
    Removing interrupt.o(i.IntRegister), (56 bytes).
    Removing interrupt.o(i.IntUnregister), (20 bytes).
    Removing interrupt.o(.constdata), (104 bytes).
    Removing interrupt.o(vtable), (284 bytes).
    Removing pwm.o(i.PWMDeadBandDisable), (12 bytes).
    Removing pwm.o(i.PWMDeadBandEnable), (16 bytes).
    Removing pwm.o(i.PWMFaultIntClear), (8 bytes).
    Removing pwm.o(i.PWMFaultIntClearExt), (4 bytes).
    Removing pwm.o(i.PWMFaultIntRegister), (18 bytes).
    Removing pwm.o(i.PWMFaultIntUnregister), (18 bytes).
    Removing pwm.o(i.PWMGenFaultClear), (18 bytes).
    Removing pwm.o(i.PWMGenFaultConfigure), (18 bytes).
    Removing pwm.o(i.PWMGenFaultStatus), (18 bytes).
    Removing pwm.o(i.PWMGenFaultTriggerGet), (12 bytes).
    Removing pwm.o(i.PWMGenFaultTriggerSet), (12 bytes).
    Removing pwm.o(i.PWMGenIntClear), (6 bytes).
    Removing pwm.o(i.PWMGenIntRegister), (34 bytes).
    Removing pwm.o(i.PWMGenIntStatus), (12 bytes).
    Removing pwm.o(i.PWMGenIntTrigDisable), (10 bytes).
    Removing pwm.o(i.PWMGenIntTrigEnable), (10 bytes).
    Removing pwm.o(i.PWMGenIntUnregister), (32 bytes).
    Removing pwm.o(i.PWMGenPeriodGet), (18 bytes).
    Removing pwm.o(i.PWMIntDisable), (10 bytes).
    Removing pwm.o(i.PWMIntEnable), (8 bytes).
    Removing pwm.o(i.PWMIntStatus), (10 bytes).
    Removing pwm.o(i.PWMOutputFault), (16 bytes).
    Removing pwm.o(i.PWMOutputFaultLevel), (16 bytes).
    Removing pwm.o(i.PWMOutputInvert), (16 bytes).
    Removing pwm.o(i.PWMPulseWidthGet), (32 bytes).
    Removing pwm.o(i.PWMSyncTimeBase), (4 bytes).
    Removing pwm.o(i.PWMSyncUpdate), (4 bytes).
    Removing sysctl.o(i.SysCtlADCSpeedGet), (16 bytes).
    Removing sysctl.o(i.SysCtlADCSpeedSet), (32 bytes).
    Removing sysctl.o(i.SysCtlBrownOutConfigSet), (16 bytes).
    Removing sysctl.o(i.SysCtlClkVerificationClear), (20 bytes).
    Removing sysctl.o(i.SysCtlDeepSleep), (32 bytes).
    Removing sysctl.o(i.SysCtlGPIOAHBDisable), (20 bytes).
    Removing sysctl.o(i.SysCtlGPIOAHBEnable), (16 bytes).
    Removing sysctl.o(i.SysCtlI2SMClkSet), (216 bytes).
    Removing sysctl.o(i.SysCtlIOSCVerificationSet), (24 bytes).
    Removing sysctl.o(i.SysCtlIntClear), (12 bytes).
    Removing sysctl.o(i.SysCtlIntDisable), (16 bytes).
    Removing sysctl.o(i.SysCtlIntEnable), (16 bytes).
    Removing sysctl.o(i.SysCtlIntRegister), (20 bytes).
    Removing sysctl.o(i.SysCtlIntStatus), (16 bytes).
    Removing sysctl.o(i.SysCtlIntUnregister), (18 bytes).
    Removing sysctl.o(i.SysCtlLDOConfigSet), (12 bytes).
    Removing sysctl.o(i.SysCtlMOSCVerificationSet), (24 bytes).
    Removing sysctl.o(i.SysCtlPLLVerificationSet), (24 bytes).
    Removing sysctl.o(i.SysCtlPWMClockGet), (24 bytes).
    Removing sysctl.o(i.SysCtlPeripheralClockGating), (24 bytes).
    Removing sysctl.o(i.SysCtlPeripheralDeepSleepDisable), (32 bytes).
    Removing sysctl.o(i.SysCtlPeripheralDeepSleepEnable), (32 bytes).
    Removing sysctl.o(i.SysCtlPeripheralDisable), (32 bytes).
    Removing sysctl.o(i.SysCtlPeripheralPresent), (64 bytes).
    Removing sysctl.o(i.SysCtlPeripheralReset), (56 bytes).
    Removing sysctl.o(i.SysCtlPeripheralSleepDisable), (32 bytes).
    Removing sysctl.o(i.SysCtlPeripheralSleepEnable), (32 bytes).
    Removing sysctl.o(i.SysCtlPinPresent), (16 bytes).
    Removing sysctl.o(i.SysCtlReset), (16 bytes).
    Removing sysctl.o(i.SysCtlResetCauseClear), (16 bytes).
    Removing sysctl.o(i.SysCtlSleep), (4 bytes).
    Removing sysctl.o(i.SysCtlUSBPLLDisable), (16 bytes).
    Removing sysctl.o(i.SysCtlUSBPLLEnable), (16 bytes).
    Removing systick.o(i.SysTickDisable), (14 bytes).
    Removing systick.o(i.SysTickIntDisable), (14 bytes).
    Removing systick.o(i.SysTickIntRegister), (24 bytes).
    Removing systick.o(i.SysTickIntUnregister), (18 bytes).
    Removing systick.o(i.SysTickPeriodGet), (10 bytes).
    Removing systick.o(i.SysTickValueGet), (8 bytes).
    Removing timer.o(i.TimerControlEvent), (24 bytes).
    Removing timer.o(i.TimerControlLevel), (22 bytes).
    Removing timer.o(i.TimerControlStall), (22 bytes).
    Removing timer.o(i.TimerControlTrigger), (22 bytes).
    Removing timer.o(i.TimerControlWaitOnTrigger), (48 bytes).
    Removing timer.o(i.TimerIntDisable), (10 bytes).
    Removing timer.o(i.TimerIntRegister), (94 bytes).
    Removing timer.o(i.TimerIntUnregister), (88 bytes).
    Removing timer.o(i.TimerLoadGet), (10 bytes).
    Removing timer.o(i.TimerMatchGet), (10 bytes).
    Removing timer.o(i.TimerMatchSet), (18 bytes).
    Removing timer.o(i.TimerPrescaleGet), (10 bytes).
    Removing timer.o(i.TimerPrescaleMatchGet), (10 bytes).
    Removing timer.o(i.TimerPrescaleMatchSet), (18 bytes).
    Removing timer.o(i.TimerPrescaleSet), (18 bytes).
    Removing timer.o(i.TimerQuiesce), (126 bytes).
    Removing timer.o(i.TimerRTCDisable), (10 bytes).
    Removing timer.o(i.TimerRTCEnable), (10 bytes).
    Removing timer.o(i.TimerValueGet), (10 bytes).
    Removing uart.o(i.UARTBreakCtl), (18 bytes).
    Removing uart.o(i.UARTBusy), (8 bytes).
    Removing uart.o(i.UARTCharGet), (12 bytes).
    Removing uart.o(i.UARTCharPutNonBlocking), (18 bytes).
    Removing uart.o(i.UARTCharsAvail), (10 bytes).
    Removing uart.o(i.UARTConfigGetExpClk), (46 bytes).
    Removing uart.o(i.UARTDMADisable), (10 bytes).
    Removing uart.o(i.UARTDMAEnable), (8 bytes).
    Removing uart.o(i.UARTDisable), (30 bytes).
    Removing uart.o(i.UARTDisableSIR), (10 bytes).
    Removing uart.o(i.UARTEnableSIR), (18 bytes).
    Removing uart.o(i.UARTFIFODisable), (10 bytes).
    Removing uart.o(i.UARTFIFOEnable), (10 bytes).
    Removing uart.o(i.UARTFIFOLevelGet), (16 bytes).
    Removing uart.o(i.UARTFlowControlGet), (8 bytes).
    Removing uart.o(i.UARTFlowControlSet), (12 bytes).
    Removing uart.o(i.UARTIntDisable), (10 bytes).
    Removing uart.o(i.UARTIntRegister), (46 bytes).
    Removing uart.o(i.UARTIntUnregister), (46 bytes).
    Removing uart.o(i.UARTModemControlClear), (14 bytes).
    Removing uart.o(i.UARTModemControlGet), (8 bytes).
    Removing uart.o(i.UARTModemControlSet), (12 bytes).
    Removing uart.o(i.UARTModemStatusGet), (10 bytes).
    Removing uart.o(i.UARTParityModeGet), (8 bytes).
    Removing uart.o(i.UARTParityModeSet), (12 bytes).
    Removing uart.o(i.UARTRxErrorClear), (6 bytes).
    Removing uart.o(i.UARTRxErrorGet), (8 bytes).
    Removing uart.o(i.UARTSmartCardDisable), (10 bytes).
    Removing uart.o(i.UARTSmartCardEnable), (22 bytes).
    Removing uart.o(i.UARTSpaceAvail), (10 bytes).
    Removing uart.o(i.UARTTxIntModeGet), (8 bytes).
    Removing uart.o(i.UARTTxIntModeSet), (12 bytes).
    Removing watchdog.o(i.WatchdogEnable), (10 bytes).
    Removing watchdog.o(i.WatchdogIntClear), (6 bytes).
    Removing watchdog.o(i.WatchdogIntEnable), (10 bytes).
    Removing watchdog.o(i.WatchdogIntRegister), (18 bytes).
    Removing watchdog.o(i.WatchdogIntStatus), (10 bytes).
    Removing watchdog.o(i.WatchdogIntUnregister), (18 bytes).
    Removing watchdog.o(i.WatchdogLock), (8 bytes).
    Removing watchdog.o(i.WatchdogLockState), (12 bytes).
    Removing watchdog.o(i.WatchdogReloadGet), (4 bytes).
    Removing watchdog.o(i.WatchdogReloadSet), (4 bytes).
    Removing watchdog.o(i.WatchdogResetDisable), (10 bytes).
    Removing watchdog.o(i.WatchdogResetEnable), (10 bytes).
    Removing watchdog.o(i.WatchdogRunning), (8 bytes).
    Removing watchdog.o(i.WatchdogStallDisable), (14 bytes).
    Removing watchdog.o(i.WatchdogStallEnable), (14 bytes).
    Removing watchdog.o(i.WatchdogUnlock), (12 bytes).
    Removing watchdog.o(i.WatchdogValueGet), (4 bytes).
    Removing line.o(i.GrLineDraw), (696 bytes).
    Removing dadd.o(.text), (336 bytes).
    Removing dmul.o(.text), (226 bytes).
    Removing ddiv.o(.text), (226 bytes).
    Removing dfixul.o(.text), (48 bytes).
    Removing cdrcmple.o(.text), (40 bytes).
    Removing depilogue.o(.text), (198 bytes).

207 unused section(s) (total 7586 bytes) removed from the image.

==============================================================================

Image Symbol Table

    Local Symbols

    Symbol Name                              Value     Ov Type        Size  Object(Section)

    RESET                                    0x00000000   Section      268  startup.o(RESET)
    ../../microlib/division.c                0x00000000   Number         0  uldiv.o ABSOLUTE
    ../../microlib/division.c                0x00000000   Number         0  uidiv.o ABSOLUTE
    ../../microlib/fpadd.c                   0x00000000   Number         0  dadd.o ABSOLUTE
    ../../microlib/fpdiv.c                   0x00000000   Number         0  ddiv.o ABSOLUTE
    ../../microlib/fpepilogue.c              0x00000000   Number         0  depilogue.o ABSOLUTE
    ../../microlib/fpfix.c                   0x00000000   Number         0  dfixul.o ABSOLUTE
    ../../microlib/fpmul.c                   0x00000000   Number         0  dmul.o ABSOLUTE
    ../../microlib/init/entry.s              0x00000000   Number         0  entry5.o ABSOLUTE
    ../../microlib/init/entry.s              0x00000000   Number         0  entry7.o ABSOLUTE
    ../../microlib/init/entry.s              0x00000000   Number         0  entry2.o ABSOLUTE
    ../../microlib/init/entry.s              0x00000000   Number         0  entry.o ABSOLUTE
    ../../microlib/longlong.c                0x00000000   Number         0  llsshr.o ABSOLUTE
    ../../microlib/longlong.c                0x00000000   Number         0  llshl.o ABSOLUTE
    ../../microlib/longlong.c                0x00000000   Number         0  llushr.o ABSOLUTE
    ../../microlib/printf/printf.c           0x00000000   Number         0  printf5.o ABSOLUTE
    ../../microlib/printf/printf.c           0x00000000   Number         0  printf6.o ABSOLUTE
    ../../microlib/printf/printf.c           0x00000000   Number         0  printf7.o ABSOLUTE
    ../../microlib/printf/printf.c           0x00000000   Number         0  printf4.o ABSOLUTE
    ../../microlib/printf/printf.c           0x00000000   Number         0  printf3.o ABSOLUTE
    ../../microlib/printf/printf.c           0x00000000   Number         0  printf2.o ABSOLUTE
    ../../microlib/printf/printf.c           0x00000000   Number         0  printf1.o ABSOLUTE
    ../../microlib/printf/printf.c           0x00000000   Number         0  printf8.o ABSOLUTE
    ../../microlib/printf/printf.c           0x00000000   Number         0  printf0.o ABSOLUTE
    ../../microlib/printf/printf.c           0x00000000   Number         0  printfb.o ABSOLUTE
    ../../microlib/printf/printf.c           0x00000000   Number         0  printfa.o ABSOLUTE
    ../../microlib/printf/stubs.s            0x00000000   Number         0  stubs.o ABSOLUTE
    ../../microlib/stdio/fputc.c             0x00000000   Number         0  fputc.o ABSOLUTE
    ../../microlib/stdio/streams.c           0x00000000   Number         0  stdout.o ABSOLUTE
    ../../microlib/stubs.s                   0x00000000   Number         0  iusefp.o ABSOLUTE
    ../../microlib/stubs.s                   0x00000000   Number         0  iusesemip.o ABSOLUTE
    GPIODriverConfigure.c                    0x00000000   Number         0  gpiodriverconfigure.o ABSOLUTE
    I2CConfigure.c                           0x00000000   Number         0  i2cconfigure.o ABSOLUTE
    I2CISR.c                                 0x00000000   Number         0  i2cisr.o ABSOLUTE
    LCDConfigure.c                           0x00000000   Number         0  lcdconfigure.o ABSOLUTE
    LCDDisplay.c                             0x00000000   Number         0  lcddisplay.o ABSOLUTE
    NixieTubeConfigure.c                     0x00000000   Number         0  nixietubeconfigure.o ABSOLUTE
    PWMConfigure.c                           0x00000000   Number         0  pwmconfigure.o ABSOLUTE
    Startup.s                                0x00000000   Number         0  startup.o ABSOLUTE
    SysCtlConfigure.c                        0x00000000   Number         0  sysctlconfigure.o ABSOLUTE
    SysTickConfigure.c                       0x00000000   Number         0  systickconfigure.o ABSOLUTE
    SysTickISR.c                             0x00000000   Number         0  systickisr.o ABSOLUTE
    TimerConfigure.c                         0x00000000   Number         0  timerconfigure.o ABSOLUTE
    TimerISR.c                               0x00000000   Number         0  timerisr.o ABSOLUTE
    UARTConfigure.c                          0x00000000   Number         0  uartconfigure.o ABSOLUTE
    UARTISR.c                                0x00000000   Number         0  uartisr.o ABSOLUTE
    WatchDogConfigure.c                      0x00000000   Number         0  watchdogconfigure.o ABSOLUTE
    cdrcmple.s                               0x00000000   Number         0  cdrcmple.o ABSOLUTE
    context.c                                0x00000000   Number         0  context.o ABSOLUTE
    cpu.c                                    0x00000000   Number         0  cpu.o ABSOLUTE
    cpu.c                                    0x00000000   Number         0  cpu.o ABSOLUTE
    dc.s                                     0x00000000   Number         0  dc.o ABSOLUTE
    fonts\fontcm14.c                         0x00000000   Number         0  fontcm14.o ABSOLUTE
    fonts\fontcm20b.c                        0x00000000   Number         0  fontcm20b.o ABSOLUTE
    fonts\fontcmsc20.c                       0x00000000   Number         0  fontcmsc20.o ABSOLUTE
    fonts\fontcmss18i.c                      0x00000000   Number         0  fontcmss18i.o ABSOLUTE
    gpio.c                                   0x00000000   Number         0  gpio.o ABSOLUTE
    handlers.s                               0x00000000   Number         0  handlers.o ABSOLUTE
    i2c.c                                    0x00000000   Number         0  i2c.o ABSOLUTE
    init.s                                   0x00000000   Number         0  init.o ABSOLUTE
    interrupt.c                              0x00000000   Number         0  interrupt.o ABSOLUTE
    line.c                                   0x00000000   Number         0  line.o ABSOLUTE
    main.c                                   0x00000000   Number         0  main.o ABSOLUTE
    pwm.c                                    0x00000000   Number         0  pwm.o ABSOLUTE
    rectangle.c                              0x00000000   Number         0  rectangle.o ABSOLUTE
    string.c                                 0x00000000   Number         0  string.o ABSOLUTE
    sysctl.c                                 0x00000000   Number         0  sysctl.o ABSOLUTE
    sysctl.c                                 0x00000000   Number         0  sysctl.o ABSOLUTE
    systick.c                                0x00000000   Number         0  systick.o ABSOLUTE
    timer.c                                  0x00000000   Number         0  timer.o ABSOLUTE
    uart.c                                   0x00000000   Number         0  uart.o ABSOLUTE
    watchdog.c                               0x00000000   Number         0  watchdog.o ABSOLUTE
    NmiSR                                    0x00000105   Thumb Code     0  startup.o(RESET)
    FaultISR                                 0x00000107   Thumb Code     0  startup.o(RESET)
    IntDefaultHandler                        0x00000109   Thumb Code     0  startup.o(RESET)
    .ARM.Collect$$$$00000000                 0x0000010c   Section        0  entry.o(.ARM.Collect$$$$00000000)
    .ARM.Collect$$$$00000001                 0x0000010c   Section        4  entry2.o(.ARM.Collect$$$$00000001)
    .ARM.Collect$$$$00000004                 0x00000110   Section        4  entry5.o(.ARM.Collect$$$$00000004)
    .ARM.Collect$$$$00000007                 0x00000114   Section        8  entry7.o(.ARM.Collect$$$$00000007)
    .ARM.Collect$$$$00002712                 0x0000011c   Section        4  entry2.o(.ARM.Collect$$$$00002712)
    __lit__00000000                          0x0000011c   Data           4  entry2.o(.ARM.Collect$$$$00002712)
    .emb_text                                0x00000120   Section        6  sysctl.o(.emb_text)
    .emb_text                                0x00000128   Section       26  cpu.o(.emb_text)
    .text                                    0x00000144   Section        0  main.o(.text)
    .text                                    0x00000378   Section        0  gpiodriverconfigure.o(.text)
    .text                                    0x000005e8   Section        0  sysctlconfigure.o(.text)
    .text                                    0x00000608   Section        0  systickconfigure.o(.text)
    .text                                    0x00000624   Section        0  timerconfigure.o(.text)
    .text                                    0x00000694   Section        0  uartconfigure.o(.text)
    .text                                    0x000009f4   Section        0  i2cconfigure.o(.text)
    .text                                    0x00000b94   Section        0  nixietubeconfigure.o(.text)
    .text                                    0x00000cd0   Section        0  pwmconfigure.o(.text)
    .text                                    0x00000d84   Section        0  lcdconfigure.o(.text)
    LCDWriteData                             0x00000d85   Thumb Code    34  lcdconfigure.o(.text)
    LCDWriteCommand                          0x00000da7   Thumb Code    50  lcdconfigure.o(.text)
    Kitronix320x240x16_SSD2119PixelDraw      0x00000f81   Thumb Code    56  lcdconfigure.o(.text)
    Kitronix320x240x16_SSD2119PixelDrawMultiple 0x00000fb9   Thumb Code   298  lcdconfigure.o(.text)
    Kitronix320x240x16_SSD2119LineDrawH      0x000010e3   Thumb Code    88  lcdconfigure.o(.text)
    Kitronix320x240x16_SSD2119LineDrawV      0x0000113b   Thumb Code    98  lcdconfigure.o(.text)
    Kitronix320x240x16_SSD2119RectFill       0x0000119d   Thumb Code   222  lcdconfigure.o(.text)
    Kitronix320x240x16_SSD2119ColorTranslate 0x0000127b   Thumb Code    22  lcdconfigure.o(.text)
    Kitronix320x240x16_SSD2119Flush          0x00001291   Thumb Code     2  lcdconfigure.o(.text)
    .text                                    0x00001294   Section        0  lcddisplay.o(.text)
    .text                                    0x00001710   Section        0  systickisr.o(.text)
    .text                                    0x00001908   Section        0  timerisr.o(.text)
    .text                                    0x00001a10   Section        0  uartisr.o(.text)
    .text                                    0x00001a80   Section        0  i2cisr.o(.text)
    .text                                    0x00001b30   Section        0  uidiv.o(.text)
    .text                                    0x00001b5c   Section       36  init.o(.text)
    i.GPIODirModeSet                         0x00001b80   Section        0  gpio.o(i.GPIODirModeSet)
    i.GPIOPadConfigSet                       0x00001ba8   Section        0  gpio.o(i.GPIOPadConfigSet)
    i.GPIOPinConfigure                       0x00001c58   Section        0  gpio.o(i.GPIOPinConfigure)
    i.GPIOPinRead                            0x00001ca0   Section        0  gpio.o(i.GPIOPinRead)
    i.GPIOPinTypeGPIOInput                   0x00001ca6   Section        0  gpio.o(i.GPIOPinTypeGPIOInput)
    i.GPIOPinTypeGPIOOutput                  0x00001cc2   Section        0  gpio.o(i.GPIOPinTypeGPIOOutput)
    i.GPIOPinTypeI2C                         0x00001cde   Section        0  gpio.o(i.GPIOPinTypeI2C)
    i.GPIOPinTypePWM                         0x00001cfa   Section        0  gpio.o(i.GPIOPinTypePWM)
    i.GPIOPinTypeUART                        0x00001d16   Section        0  gpio.o(i.GPIOPinTypeUART)
    i.GPIOPinWrite                           0x00001d32   Section        0  gpio.o(i.GPIOPinWrite)
    i.GrContextInit                          0x00001d38   Section        0  context.o(i.GrContextInit)
    i.GrLineDrawH                            0x00001d58   Section        0  line.o(i.GrLineDrawH)
    i.GrLineDrawV                            0x00001db0   Section        0  line.o(i.GrLineDrawV)
    i.GrRectDraw                             0x00001e02   Section        0  rectangle.o(i.GrRectDraw)
    i.GrRectFill                             0x00001e6e   Section        0  rectangle.o(i.GrRectFill)
    i.GrStringDraw                           0x00001f22   Section        0  string.o(i.GrStringDraw)
    i.GrStringWidthGet                       0x000021c8   Section        0  string.o(i.GrStringWidthGet)
    i.I2CMasterBusy                          0x0000220a   Section        0  i2c.o(i.I2CMasterBusy)
    i.I2CMasterControl                       0x00002216   Section        0  i2c.o(i.I2CMasterControl)
    i.I2CMasterDataPut                       0x0000221a   Section        0  i2c.o(i.I2CMasterDataPut)
    i.I2CMasterEnable                        0x0000221e   Section        0  i2c.o(i.I2CMasterEnable)
    i.I2CMasterErr                           0x00002228   Section        0  i2c.o(i.I2CMasterErr)
    i.I2CMasterInitExpClk                    0x00002240   Section        0  i2c.o(i.I2CMasterInitExpClk)
    i.I2CMasterIntClear                      0x00002274   Section        0  i2c.o(i.I2CMasterIntClear)
    i.I2CMasterIntEnable                     0x0000227c   Section        0  i2c.o(i.I2CMasterIntEnable)
    i.I2CMasterIntStatus                     0x00002282   Section        0  i2c.o(i.I2CMasterIntStatus)
    i.I2CMasterSlaveAddrSet                  0x0000229a   Section        0  i2c.o(i.I2CMasterSlaveAddrSet)
    i.IntEnable                              0x000022a2   Section        0  interrupt.o(i.IntEnable)
    i.IntMasterEnable                        0x0000230a   Section        0  interrupt.o(i.IntMasterEnable)
    i.PWMGenConfigure                        0x00002314   Section        0  pwm.o(i.PWMGenConfigure)
    i.PWMGenDisable                          0x0000233a   Section        0  pwm.o(i.PWMGenDisable)
    i.PWMGenEnable                           0x00002344   Section        0  pwm.o(i.PWMGenEnable)
    i.PWMGenPeriodSet                        0x0000234e   Section        0  pwm.o(i.PWMGenPeriodSet)
    i.PWMOutputState                         0x00002360   Section        0  pwm.o(i.PWMOutputState)
    i.PWMPulseWidthSet                       0x00002370   Section        0  pwm.o(i.PWMPulseWidthSet)
    i.SysCtlClockGet                         0x00002390   Section        0  sysctl.o(i.SysCtlClockGet)
    i.SysCtlClockSet                         0x00002574   Section        0  sysctl.o(i.SysCtlClockSet)
    i.SysCtlFlashSizeGet                     0x000026ac   Section        0  sysctl.o(i.SysCtlFlashSizeGet)
    i.SysCtlLDOGet                           0x000026c0   Section        0  sysctl.o(i.SysCtlLDOGet)
    i.SysCtlLDOSet                           0x000026cc   Section        0  sysctl.o(i.SysCtlLDOSet)
    i.SysCtlPWMClockSet                      0x000026d8   Section        0  sysctl.o(i.SysCtlPWMClockSet)
    i.SysCtlPeripheralEnable                 0x000026ec   Section        0  sysctl.o(i.SysCtlPeripheralEnable)
    i.SysCtlResetCauseGet                    0x0000270c   Section        0  sysctl.o(i.SysCtlResetCauseGet)
    i.SysCtlSRAMSizeGet                      0x00002718   Section        0  sysctl.o(i.SysCtlSRAMSizeGet)
    i.SysTickEnable                          0x0000272c   Section        0  systick.o(i.SysTickEnable)
    i.SysTickIntEnable                       0x0000273a   Section        0  systick.o(i.SysTickIntEnable)
    i.SysTickPeriodSet                       0x00002748   Section        0  systick.o(i.SysTickPeriodSet)
    i.TimerConfigure                         0x00002752   Section        0  timer.o(i.TimerConfigure)
    i.TimerDisable                           0x0000276e   Section        0  timer.o(i.TimerDisable)
    i.TimerEnable                            0x0000277e   Section        0  timer.o(i.TimerEnable)
    i.TimerIntClear                          0x0000278c   Section        0  timer.o(i.TimerIntClear)
    i.TimerIntEnable                         0x00002790   Section        0  timer.o(i.TimerIntEnable)
    i.TimerIntStatus                         0x00002798   Section        0  timer.o(i.TimerIntStatus)
    i.TimerLoadSet                           0x000027a2   Section        0  timer.o(i.TimerLoadSet)
    i.UARTCharGetNonBlocking                 0x000027b4   Section        0  uart.o(i.UARTCharGetNonBlocking)
    i.UARTCharPut                            0x000027c4   Section        0  uart.o(i.UARTCharPut)
    i.UARTConfigSetExpClk                    0x000027d0   Section        0  uart.o(i.UARTConfigSetExpClk)
    i.UARTEnable                             0x0000283e   Section        0  uart.o(i.UARTEnable)
    i.UARTFIFOLevelSet                       0x00002852   Section        0  uart.o(i.UARTFIFOLevelSet)
    i.UARTIntClear                           0x00002858   Section        0  uart.o(i.UARTIntClear)
    i.UARTIntEnable                          0x0000285c   Section        0  uart.o(i.UARTIntEnable)
    i.UARTIntStatus                          0x00002864   Section        0  uart.o(i.UARTIntStatus)
    i.__0sprintf$6                           0x00002870   Section        0  printf6.o(i.__0sprintf$6)
    i.__scatterload_copy                     0x00002898   Section       14  handlers.o(i.__scatterload_copy)
    i.__scatterload_null                     0x000028a6   Section        2  handlers.o(i.__scatterload_null)
    i.__scatterload_zeroinit                 0x000028a8   Section       14  handlers.o(i.__scatterload_zeroinit)
    i._printf_core                           0x000028b8   Section        0  printf6.o(i._printf_core)
    _printf_core                             0x000028b9   Thumb Code   818  printf6.o(i._printf_core)
    i._printf_post_padding                   0x00002bf0   Section        0  printf6.o(i._printf_post_padding)
    _printf_post_padding                     0x00002bf1   Thumb Code    38  printf6.o(i._printf_post_padding)
    i._printf_pre_padding                    0x00002c16   Section        0  printf6.o(i._printf_pre_padding)
    _printf_pre_padding                      0x00002c17   Thumb Code    46  printf6.o(i._printf_pre_padding)
    i._sputc                                 0x00002c44   Section        0  printf6.o(i._sputc)
    _sputc                                   0x00002c45   Thumb Code    10  printf6.o(i._sputc)
    .constdata                               0x00002c4e   Section      430  nixietubeconfigure.o(.constdata)
    NixieTubeCodeTable                       0x00002c4e   Data          86  nixietubeconfigure.o(.constdata)
    NixieTubeSpecialCodeTable                0x00002ca4   Data         344  nixietubeconfigure.o(.constdata)
    .constdata                               0x00002dfc   Section       40  lcdconfigure.o(.constdata)
    .constdata                               0x00002e24   Section        8  lcddisplay.o(.constdata)
    .constdata                               0x00002e2c   Section     1626  fontcm14.o(.constdata)
    g_pucCm14Data                            0x00002e2c   Data        1626  fontcm14.o(.constdata)
    .constdata                               0x00003488   Section      200  fontcm14.o(.constdata)
    .constdata                               0x00003550   Section     2381  fontcm20b.o(.constdata)
    g_pucCm20bData                           0x00003550   Data        2381  fontcm20b.o(.constdata)
    .constdata                               0x00003ea0   Section      200  fontcm20b.o(.constdata)
    .constdata                               0x00003f68   Section     2279  fontcmsc20.o(.constdata)
    g_pucCmsc20Data                          0x00003f68   Data        2279  fontcmsc20.o(.constdata)
    .constdata                               0x00004850   Section      200  fontcmsc20.o(.constdata)
    .constdata                               0x00004918   Section     2060  fontcmss18i.o(.constdata)
    g_pucCmss18iData                         0x00004918   Data        2060  fontcmss18i.o(.constdata)
    .constdata                               0x00005124   Section      200  fontcmss18i.o(.constdata)
    .constdata                               0x000051ec   Section       72  gpio.o(.constdata)
    g_pulGPIOBaseAddrs                       0x000051ec   Data          72  gpio.o(.constdata)
    .constdata                               0x00005234   Section      156  sysctl.o(.constdata)
    g_pulDCRegs                              0x00005234   Data          16  sysctl.o(.constdata)
    g_pulSRCRRegs                            0x00005244   Data          12  sysctl.o(.constdata)
    g_pulRCGCRegs                            0x00005250   Data          12  sysctl.o(.constdata)
    g_pulSCGCRegs                            0x0000525c   Data          12  sysctl.o(.constdata)
    g_pulDCGCRegs                            0x00005268   Data          12  sysctl.o(.constdata)
    g_pulXtals                               0x00005274   Data          92  sysctl.o(.constdata)
    .data                                    0x20000000   Section       10  main.o(.data)
    .data                                    0x2000000a   Section        1  main.o(.data)
    .data                                    0x2000000b   Section        1  main.o(.data)
    .data                                    0x2000000c   Section        1  main.o(.data)
    .data                                    0x2000000d   Section        1  main.o(.data)
    .data                                    0x2000000e   Section        1  main.o(.data)
    .data                                    0x2000000f   Section        1  main.o(.data)
    .data                                    0x20000010   Section        4  sysctlconfigure.o(.data)
    .data                                    0x20000014   Section       12  nixietubeconfigure.o(.data)
    .data                                    0x20000020   Section        1  nixietubeconfigure.o(.data)
    .data                                    0x20000021   Section        1  lcddisplay.o(.data)
    .data                                    0x20000022   Section        1  lcddisplay.o(.data)
    .data                                    0x20000023   Section        6  systickisr.o(.data)
    KeyWaitTime                              0x20000026   Data           1  systickisr.o(.data)
    KeyNumberHistory                         0x20000027   Data           1  systickisr.o(.data)
    KeyCounter                               0x20000028   Data           1  systickisr.o(.data)
    .data                                    0x20000029   Section        1  i2cisr.o(.data)
    .bss                                     0x2000002c   Section       28  main.o(.bss)
    .bss                                     0x20000048   Section       40  systickisr.o(.bss)
    STACK                                    0x20000070   Section     1024  startup.o(STACK)
    StackMem                                 0x20000070   Data           0  startup.o(STACK)

    Global Symbols

    Symbol Name                              Value     Ov Type        Size  Object(Section)

    BuildAttributes$$THM_ISAv4$P$D$K$B$S$PE$A:L22UL41UL21$X:L11$S22US41US21$IEEE1$IW$USESV6$~STKCKD$USESV7$~SHL$OTIME$ROPI$EBA8$MICROLIB$REQ8$PRES8$EABIv2 0x00000000   Number         0  anon$$obj.o ABSOLUTE
    __ARM_use_no_argv                        0x00000000   Number         0  main.o ABSOLUTE
    __Vectors                                0x00000000   Data           0  startup.o(RESET)
    _printf_a                                0x00000000   Number         0  stubs.o ABSOLUTE
    _printf_c                                0x00000000   Number         0  stubs.o ABSOLUTE
    _printf_charcount                        0x00000000   Number         0  stubs.o ABSOLUTE
    _printf_d                                0x00000000   Number         0  stubs.o ABSOLUTE
    _printf_e                                0x00000000   Number         0  stubs.o ABSOLUTE
    _printf_f                                0x00000000   Number         0  stubs.o ABSOLUTE
    _printf_flags                            0x00000000   Number         0  stubs.o ABSOLUTE
    _printf_fp_dec                           0x00000000   Number         0  stubs.o ABSOLUTE
    _printf_fp_hex                           0x00000000   Number         0  stubs.o ABSOLUTE
    _printf_g                                0x00000000   Number         0  stubs.o ABSOLUTE
    _printf_i                                0x00000000   Number         0  stubs.o ABSOLUTE
    _printf_int_dec                          0x00000000   Number         0  stubs.o ABSOLUTE
    _printf_l                                0x00000000   Number         0  stubs.o ABSOLUTE
    _printf_lc                               0x00000000   Number         0  stubs.o ABSOLUTE
    _printf_ll                               0x00000000   Number         0  stubs.o ABSOLUTE
    _printf_lld                              0x00000000   Number         0  stubs.o ABSOLUTE
    _printf_lli                              0x00000000   Number         0  stubs.o ABSOLUTE
    _printf_llo                              0x00000000   Number         0  stubs.o ABSOLUTE
    _printf_llu                              0x00000000   Number         0  stubs.o ABSOLUTE
    _printf_llx                              0x00000000   Number         0  stubs.o ABSOLUTE
    _printf_longlong_dec                     0x00000000   Number         0  stubs.o ABSOLUTE
    _printf_longlong_hex                     0x00000000   Number         0  stubs.o ABSOLUTE
    _printf_longlong_oct                     0x00000000   Number         0  stubs.o ABSOLUTE
    _printf_ls                               0x00000000   Number         0  stubs.o ABSOLUTE
    _printf_mbtowc                           0x00000000   Number         0  stubs.o ABSOLUTE
    _printf_n                                0x00000000   Number         0  stubs.o ABSOLUTE
    _printf_o                                0x00000000   Number         0  stubs.o ABSOLUTE
    _printf_p                                0x00000000   Number         0  stubs.o ABSOLUTE
    _printf_percent                          0x00000000   Number         0  stubs.o ABSOLUTE
    _printf_pre_padding                      0x00000000   Number         0  stubs.o ABSOLUTE
    _printf_return_value                     0x00000000   Number         0  stubs.o ABSOLUTE
    _printf_s                                0x00000000   Number         0  stubs.o ABSOLUTE
    _printf_sizespec                         0x00000000   Number         0  stubs.o ABSOLUTE
    _printf_str                              0x00000000   Number         0  stubs.o ABSOLUTE
    _printf_truncate_signed                  0x00000000   Number         0  stubs.o ABSOLUTE
    _printf_truncate_unsigned                0x00000000   Number         0  stubs.o ABSOLUTE
    _printf_u                                0x00000000   Number         0  stubs.o ABSOLUTE
    _printf_wc                               0x00000000   Number         0  stubs.o ABSOLUTE
    _printf_wctomb                           0x00000000   Number         0  stubs.o ABSOLUTE
    _printf_widthprec                        0x00000000   Number         0  stubs.o ABSOLUTE
    _printf_x                                0x00000000   Number         0  stubs.o ABSOLUTE
    __decompress                              - Undefined Weak Reference
    Reset_Handler                            0x00000101   Thumb Code     0  startup.o(RESET)
    __main                                   0x0000010d   Thumb Code     0  entry.o(.ARM.Collect$$$$00000000)
    _main_stk                                0x0000010d   Thumb Code     0  entry2.o(.ARM.Collect$$$$00000001)
    _main_scatterload                        0x00000111   Thumb Code     0  entry5.o(.ARM.Collect$$$$00000004)
    __main_after_scatterload                 0x00000115   Thumb Code     0  entry5.o(.ARM.Collect$$$$00000004)
    _main_init                               0x00000115   Thumb Code     0  entry7.o(.ARM.Collect$$$$00000007)
    SysCtlDelay                              0x00000121   Thumb Code     6  sysctl.o(.emb_text)
    CPUcpsid                                 0x00000129   Thumb Code     8  cpu.o(.emb_text)
    CPUprimask                               0x00000131   Thumb Code     6  cpu.o(.emb_text)
    CPUcpsie                                 0x00000137   Thumb Code     8  cpu.o(.emb_text)
    CPUwfi                                   0x0000013f   Thumb Code     4  cpu.o(.emb_text)
    main                                     0x00000145   Thumb Code   460  main.o(.text)
    LEDOff                                   0x00000379   Thumb Code    16  gpiodriverconfigure.o(.text)
    GPIOInitial                              0x00000389   Thumb Code   402  gpiodriverconfigure.o(.text)
    LEDOn                                    0x0000051b   Thumb Code    18  gpiodriverconfigure.o(.text)
    LEDOverturn                              0x0000052d   Thumb Code    18  gpiodriverconfigure.o(.text)
    GetKeyNumber                             0x0000053f   Thumb Code    54  gpiodriverconfigure.o(.text)
    I2C0PullUpTest                           0x00000575   Thumb Code    68  gpiodriverconfigure.o(.text)
    ClockInitial                             0x000005e9   Thumb Code    24  sysctlconfigure.o(.text)
    SysTickInitial                           0x00000609   Thumb Code    24  systickconfigure.o(.text)
    TimerInitial                             0x00000625   Thumb Code    96  timerconfigure.o(.text)
    UART0Initial                             0x00000695   Thumb Code    62  uartconfigure.o(.text)
    UARTStringPut                            0x000006d3   Thumb Code    24  uartconfigure.o(.text)
    UART1Initial                             0x000006eb   Thumb Code    40  uartconfigure.o(.text)
    UARTSystemCheckInformationTransmit       0x00000713   Thumb Code   318  uartconfigure.o(.text)
    I2CMasterTransmit_Burst_2Bytes           0x000009f5   Thumb Code   100  i2cconfigure.o(.text)
    I2C0MasterInitial                        0x00000a59   Thumb Code   194  i2cconfigure.o(.text)
    I2CMasterSpeedSet                        0x00000b1b   Thumb Code    44  i2cconfigure.o(.text)
    I2C0DeviceRefresh                        0x00000b47   Thumb Code    38  i2cconfigure.o(.text)
    NixieTubeCoding                          0x00000b95   Thumb Code   306  nixietubeconfigure.o(.text)
    PWMInitial                               0x00000cd1   Thumb Code   108  pwmconfigure.o(.text)
    BuzzerBeep                               0x00000d3d   Thumb Code    60  pwmconfigure.o(.text)
    LCDInitial                               0x00000dd9   Thumb Code   424  lcdconfigure.o(.text)
    LCDSystemCheckInformationDisplay         0x00001295   Thumb Code   762  lcddisplay.o(.text)
    SysTick_ISR                              0x00001711   Thumb Code   424  systickisr.o(.text)
    Timer0A_ISR                              0x00001909   Thumb Code   170  timerisr.o(.text)
    Timer1A_ISR                              0x000019b3   Thumb Code    40  timerisr.o(.text)
    UART0_ISR                                0x00001a11   Thumb Code    90  uartisr.o(.text)
    I2C0_ISR                                 0x00001a81   Thumb Code   152  i2cisr.o(.text)
    __aeabi_uidiv                            0x00001b31   Thumb Code     0  uidiv.o(.text)
    __aeabi_uidivmod                         0x00001b31   Thumb Code    44  uidiv.o(.text)
    __scatterload                            0x00001b5d   Thumb Code    28  init.o(.text)
    __scatterload_rt2                        0x00001b5d   Thumb Code     0  init.o(.text)
    GPIODirModeSet                           0x00001b81   Thumb Code    40  gpio.o(i.GPIODirModeSet)
    GPIOPadConfigSet                         0x00001ba9   Thumb Code   176  gpio.o(i.GPIOPadConfigSet)
    GPIOPinConfigure                         0x00001c59   Thumb Code    62  gpio.o(i.GPIOPinConfigure)
    GPIOPinRead                              0x00001ca1   Thumb Code     6  gpio.o(i.GPIOPinRead)
    GPIOPinTypeGPIOInput                     0x00001ca7   Thumb Code    28  gpio.o(i.GPIOPinTypeGPIOInput)
    GPIOPinTypeGPIOOutput                    0x00001cc3   Thumb Code    28  gpio.o(i.GPIOPinTypeGPIOOutput)
    GPIOPinTypeI2C                           0x00001cdf   Thumb Code    28  gpio.o(i.GPIOPinTypeI2C)
    GPIOPinTypePWM                           0x00001cfb   Thumb Code    28  gpio.o(i.GPIOPinTypePWM)
    GPIOPinTypeUART                          0x00001d17   Thumb Code    28  gpio.o(i.GPIOPinTypeUART)
    GPIOPinWrite                             0x00001d33   Thumb Code     6  gpio.o(i.GPIOPinWrite)
    GrContextInit                            0x00001d39   Thumb Code    32  context.o(i.GrContextInit)
    GrLineDrawH                              0x00001d59   Thumb Code    88  line.o(i.GrLineDrawH)
    GrLineDrawV                              0x00001db1   Thumb Code    82  line.o(i.GrLineDrawV)
    GrRectDraw                               0x00001e03   Thumb Code   108  rectangle.o(i.GrRectDraw)
    GrRectFill                               0x00001e6f   Thumb Code   180  rectangle.o(i.GrRectFill)
    GrStringDraw                             0x00001f23   Thumb Code   678  string.o(i.GrStringDraw)
    GrStringWidthGet                         0x000021c9   Thumb Code    66  string.o(i.GrStringWidthGet)
    I2CMasterBusy                            0x0000220b   Thumb Code    12  i2c.o(i.I2CMasterBusy)
    I2CMasterControl                         0x00002217   Thumb Code     4  i2c.o(i.I2CMasterControl)
    I2CMasterDataPut                         0x0000221b   Thumb Code     4  i2c.o(i.I2CMasterDataPut)
    I2CMasterEnable                          0x0000221f   Thumb Code    10  i2c.o(i.I2CMasterEnable)
    I2CMasterErr                             0x00002229   Thumb Code    24  i2c.o(i.I2CMasterErr)
    I2CMasterInitExpClk                      0x00002241   Thumb Code    42  i2c.o(i.I2CMasterInitExpClk)
    I2CMasterIntClear                        0x00002275   Thumb Code     8  i2c.o(i.I2CMasterIntClear)
    I2CMasterIntEnable                       0x0000227d   Thumb Code     6  i2c.o(i.I2CMasterIntEnable)
    I2CMasterIntStatus                       0x00002283   Thumb Code    24  i2c.o(i.I2CMasterIntStatus)
    I2CMasterSlaveAddrSet                    0x0000229b   Thumb Code     8  i2c.o(i.I2CMasterSlaveAddrSet)
    IntEnable                                0x000022a3   Thumb Code   104  interrupt.o(i.IntEnable)
    IntMasterEnable                          0x0000230b   Thumb Code    10  interrupt.o(i.IntMasterEnable)
    PWMGenConfigure                          0x00002315   Thumb Code    38  pwm.o(i.PWMGenConfigure)
    PWMGenDisable                            0x0000233b   Thumb Code    10  pwm.o(i.PWMGenDisable)
    PWMGenEnable                             0x00002345   Thumb Code    10  pwm.o(i.PWMGenEnable)
    PWMGenPeriodSet                          0x0000234f   Thumb Code    18  pwm.o(i.PWMGenPeriodSet)
    PWMOutputState                           0x00002361   Thumb Code    16  pwm.o(i.PWMOutputState)
    PWMPulseWidthSet                         0x00002371   Thumb Code    32  pwm.o(i.PWMPulseWidthSet)
    SysCtlClockGet                           0x00002391   Thumb Code   438  sysctl.o(i.SysCtlClockGet)
    SysCtlClockSet                           0x00002575   Thumb Code   288  sysctl.o(i.SysCtlClockSet)
    SysCtlFlashSizeGet                       0x000026ad   Thumb Code    14  sysctl.o(i.SysCtlFlashSizeGet)
    SysCtlLDOGet                             0x000026c1   Thumb Code     6  sysctl.o(i.SysCtlLDOGet)
    SysCtlLDOSet                             0x000026cd   Thumb Code     6  sysctl.o(i.SysCtlLDOSet)
    SysCtlPWMClockSet                        0x000026d9   Thumb Code    14  sysctl.o(i.SysCtlPWMClockSet)
    SysCtlPeripheralEnable                   0x000026ed   Thumb Code    26  sysctl.o(i.SysCtlPeripheralEnable)
    SysCtlResetCauseGet                      0x0000270d   Thumb Code     6  sysctl.o(i.SysCtlResetCauseGet)
    SysCtlSRAMSizeGet                        0x00002719   Thumb Code    16  sysctl.o(i.SysCtlSRAMSizeGet)
    SysTickEnable                            0x0000272d   Thumb Code    14  systick.o(i.SysTickEnable)
    SysTickIntEnable                         0x0000273b   Thumb Code    14  systick.o(i.SysTickIntEnable)
    SysTickPeriodSet                         0x00002749   Thumb Code    10  systick.o(i.SysTickPeriodSet)
    TimerConfigure                           0x00002753   Thumb Code    28  timer.o(i.TimerConfigure)
    TimerDisable                             0x0000276f   Thumb Code    16  timer.o(i.TimerDisable)
    TimerEnable                              0x0000277f   Thumb Code    14  timer.o(i.TimerEnable)
    TimerIntClear                            0x0000278d   Thumb Code     4  timer.o(i.TimerIntClear)
    TimerIntEnable                           0x00002791   Thumb Code     8  timer.o(i.TimerIntEnable)
    TimerIntStatus                           0x00002799   Thumb Code    10  timer.o(i.TimerIntStatus)
    TimerLoadSet                             0x000027a3   Thumb Code    18  timer.o(i.TimerLoadSet)
    UARTCharGetNonBlocking                   0x000027b5   Thumb Code    16  uart.o(i.UARTCharGetNonBlocking)
    UARTCharPut                              0x000027c5   Thumb Code    12  uart.o(i.UARTCharPut)
    UARTConfigSetExpClk                      0x000027d1   Thumb Code   110  uart.o(i.UARTConfigSetExpClk)
    UARTEnable                               0x0000283f   Thumb Code    20  uart.o(i.UARTEnable)
    UARTFIFOLevelSet                         0x00002853   Thumb Code     6  uart.o(i.UARTFIFOLevelSet)
    UARTIntClear                             0x00002859   Thumb Code     4  uart.o(i.UARTIntClear)
    UARTIntEnable                            0x0000285d   Thumb Code     8  uart.o(i.UARTIntEnable)
    UARTIntStatus                            0x00002865   Thumb Code    10  uart.o(i.UARTIntStatus)
    __0sprintf$6                             0x00002871   Thumb Code    34  printf6.o(i.__0sprintf$6)
    __1sprintf$6                             0x00002871   Thumb Code     0  printf6.o(i.__0sprintf$6)
    __2sprintf                               0x00002871   Thumb Code     0  printf6.o(i.__0sprintf$6)
    __scatterload_copy                       0x00002899   Thumb Code    14  handlers.o(i.__scatterload_copy)
    __scatterload_null                       0x000028a7   Thumb Code     2  handlers.o(i.__scatterload_null)
    __scatterload_zeroinit                   0x000028a9   Thumb Code    14  handlers.o(i.__scatterload_zeroinit)
    g_sKitronix320x240x16_SSD2119            0x00002dfc   Data          40  lcdconfigure.o(.constdata)
    g_sFontCm14                              0x00003488   Data         200  fontcm14.o(.constdata)
    g_sFontCm20b                             0x00003ea0   Data         200  fontcm20b.o(.constdata)
    g_sFontCmsc20                            0x00004850   Data         200  fontcmsc20.o(.constdata)
    g_sFontCmss18i                           0x00005124   Data         200  fontcmss18i.o(.constdata)
    Region$$Table$$Base                      0x000052d0   Number         0  anon$$obj.o(Region$$Table)
    Region$$Table$$Limit                     0x000052f0   Number         0  anon$$obj.o(Region$$Table)
    SystemState                              0x20000000   Data           1  main.o(.data)
    SystemActivatedFlag                      0x20000001   Data           1  main.o(.data)
    sRect                                    0x20000002   Data           8  main.o(.data)
    SetFlag                                  0x2000000a   Data           1  main.o(.data)
    SetBitFlag                               0x2000000b   Data           1  main.o(.data)
    CounterSecond                            0x2000000c   Data           1  main.o(.data)
    CounterMinute                            0x2000000d   Data           1  main.o(.data)
    SetSecond                                0x2000000e   Data           1  main.o(.data)
    SetMinute                                0x2000000f   Data           1  main.o(.data)
    TheSysClock                              0x20000010   Data           4  sysctlconfigure.o(.data)
    NixieTubeSlice                           0x20000014   Data           1  nixietubeconfigure.o(.data)
    NixieTubeSegment                         0x20000015   Data           1  nixietubeconfigure.o(.data)
    NixieTubeSelected1                       0x20000016   Data           1  nixietubeconfigure.o(.data)
    NixieTubeSelected2                       0x20000017   Data           1  nixietubeconfigure.o(.data)
    NixieTubeSpecialSignal1                  0x20000018   Data           1  nixietubeconfigure.o(.data)
    NixieTubeSpecialSignal2                  0x20000019   Data           1  nixietubeconfigure.o(.data)
    NixieTube                                0x2000001a   Data           6  nixietubeconfigure.o(.data)
    LEDSerial                                0x20000020   Data           1  nixietubeconfigure.o(.data)
    LCDDrawingFlag_Running                   0x20000021   Data           1  lcddisplay.o(.data)
    LCDDrawingFlag_Pause                     0x20000022   Data           1  lcddisplay.o(.data)
    KeyNumber                                0x20000023   Data           1  systickisr.o(.data)
    KeyNumberPresent                         0x20000024   Data           1  systickisr.o(.data)
    KeyHoldFlag                              0x20000025   Data           1  systickisr.o(.data)
    I2C0TransmitionState                     0x20000029   Data           1  i2cisr.o(.data)
    sContext                                 0x2000002c   Data          28  main.o(.bss)
    tempMessage                              0x20000048   Data          40  systickisr.o(.bss)
    __initial_sp                             0x20000470   Data           0  startup.o(STACK)



==============================================================================

Memory Map of the image

  Image Entry point : 0x00000101

  Load Region LR_IROM1 (Base: 0x00000000, Size: 0x0000531c, Max: 0x00040000, ABSOLUTE)

    Execution Region ER_IROM1 (Base: 0x00000000, Size: 0x000052f0, Max: 0x00040000, ABSOLUTE)

    Base Addr    Size         Type   Attr      Idx    E Section Name        Object

    0x00000000   0x0000010c   Code   RO            3  * RESET               startup.o
    0x0000010c   0x00000000   Code   RO         2251  * .ARM.Collect$$$$00000000  mc_w.l(entry.o)
    0x0000010c   0x00000004   Code   RO         2515    .ARM.Collect$$$$00000001  mc_w.l(entry2.o)
    0x00000110   0x00000004   Code   RO         2518    .ARM.Collect$$$$00000004  mc_w.l(entry5.o)
    0x00000114   0x00000008   Code   RO         2519    .ARM.Collect$$$$00000007  mc_w.l(entry7.o)
    0x0000011c   0x00000004   Code   RO         2516    .ARM.Collect$$$$00002712  mc_w.l(entry2.o)
    0x00000120   0x00000006   Code   RO         1357    .emb_text           driverlib.lib(sysctl.o)
    0x00000126   0x00000002   PAD
    0x00000128   0x0000001a   Code   RO         2241    .emb_text           driverlib.lib(cpu.o)
    0x00000142   0x00000002   PAD
    0x00000144   0x00000234   Code   RO           11    .text               main.o
    0x00000378   0x00000270   Code   RO          155    .text               gpiodriverconfigure.o
    0x000005e8   0x00000020   Code   RO          168    .text               sysctlconfigure.o
    0x00000608   0x0000001c   Code   RO          186    .text               systickconfigure.o
    0x00000624   0x00000070   Code   RO          198    .text               timerconfigure.o
    0x00000694   0x00000360   Code   RO          222    .text               uartconfigure.o
    0x000009f4   0x000001a0   Code   RO          235    .text               i2cconfigure.o
    0x00000b94   0x0000013c   Code   RO          247    .text               nixietubeconfigure.o
    0x00000cd0   0x000000b4   Code   RO          267    .text               pwmconfigure.o
    0x00000d84   0x0000050e   Code   RO          279    .text               lcdconfigure.o
    0x00001292   0x00000002   PAD
    0x00001294   0x0000047c   Code   RO          297    .text               lcddisplay.o
    0x00001710   0x000001f8   Code   RO          317    .text               systickisr.o
    0x00001908   0x00000108   Code   RO          433    .text               timerisr.o
    0x00001a10   0x00000070   Code   RO          449    .text               uartisr.o
    0x00001a80   0x000000b0   Code   RO          465    .text               i2cisr.o
    0x00001b30   0x0000002c   Code   RO         2523    .text               mc_w.l(uidiv.o)
    0x00001b5c   0x00000024   Code   RO         2538    .text               mc_w.l(init.o)
    0x00001b80   0x00000028   Code   RO          633    i.GPIODirModeSet    driverlib.lib(gpio.o)
    0x00001ba8   0x000000b0   Code   RO          638    i.GPIOPadConfigSet  driverlib.lib(gpio.o)
    0x00001c58   0x00000048   Code   RO          639    i.GPIOPinConfigure  driverlib.lib(gpio.o)
    0x00001ca0   0x00000006   Code   RO          644    i.GPIOPinRead       driverlib.lib(gpio.o)
    0x00001ca6   0x0000001c   Code   RO          650    i.GPIOPinTypeGPIOInput  driverlib.lib(gpio.o)
    0x00001cc2   0x0000001c   Code   RO          651    i.GPIOPinTypeGPIOOutput  driverlib.lib(gpio.o)
    0x00001cde   0x0000001c   Code   RO          653    i.GPIOPinTypeI2C    driverlib.lib(gpio.o)
    0x00001cfa   0x0000001c   Code   RO          655    i.GPIOPinTypePWM    driverlib.lib(gpio.o)
    0x00001d16   0x0000001c   Code   RO          659    i.GPIOPinTypeUART   driverlib.lib(gpio.o)
    0x00001d32   0x00000006   Code   RO          662    i.GPIOPinWrite      driverlib.lib(gpio.o)
    0x00001d38   0x00000020   Code   RO          484    i.GrContextInit     grlib.lib(context.o)
    0x00001d58   0x00000058   Code   RO         2219    i.GrLineDrawH       grlib.lib(line.o)
    0x00001db0   0x00000052   Code   RO         2220    i.GrLineDrawV       grlib.lib(line.o)
    0x00001e02   0x0000006c   Code   RO          564    i.GrRectDraw        grlib.lib(rectangle.o)
    0x00001e6e   0x000000b4   Code   RO          565    i.GrRectFill        grlib.lib(rectangle.o)
    0x00001f22   0x000002a6   Code   RO          594    i.GrStringDraw      grlib.lib(string.o)
    0x000021c8   0x00000042   Code   RO          598    i.GrStringWidthGet  grlib.lib(string.o)
    0x0000220a   0x0000000c   Code   RO          864    i.I2CMasterBusy     driverlib.lib(i2c.o)
    0x00002216   0x00000004   Code   RO          865    i.I2CMasterControl  driverlib.lib(i2c.o)
    0x0000221a   0x00000004   Code   RO          867    i.I2CMasterDataPut  driverlib.lib(i2c.o)
    0x0000221e   0x0000000a   Code   RO          869    i.I2CMasterEnable   driverlib.lib(i2c.o)
    0x00002228   0x00000018   Code   RO          870    i.I2CMasterErr      driverlib.lib(i2c.o)
    0x00002240   0x00000034   Code   RO          871    i.I2CMasterInitExpClk  driverlib.lib(i2c.o)
    0x00002274   0x00000008   Code   RO          872    i.I2CMasterIntClear  driverlib.lib(i2c.o)
    0x0000227c   0x00000006   Code   RO          874    i.I2CMasterIntEnable  driverlib.lib(i2c.o)
    0x00002282   0x00000018   Code   RO          875    i.I2CMasterIntStatus  driverlib.lib(i2c.o)
    0x0000229a   0x00000008   Code   RO          876    i.I2CMasterSlaveAddrSet  driverlib.lib(i2c.o)
    0x000022a2   0x00000068   Code   RO         1057    i.IntEnable         driverlib.lib(interrupt.o)
    0x0000230a   0x0000000a   Code   RO         1059    i.IntMasterEnable   driverlib.lib(interrupt.o)
    0x00002314   0x00000026   Code   RO         1153    i.PWMGenConfigure   driverlib.lib(pwm.o)
    0x0000233a   0x0000000a   Code   RO         1154    i.PWMGenDisable     driverlib.lib(pwm.o)
    0x00002344   0x0000000a   Code   RO         1155    i.PWMGenEnable      driverlib.lib(pwm.o)
    0x0000234e   0x00000012   Code   RO         1168    i.PWMGenPeriodSet   driverlib.lib(pwm.o)
    0x00002360   0x00000010   Code   RO         1175    i.PWMOutputState    driverlib.lib(pwm.o)
    0x00002370   0x00000020   Code   RO         1177    i.PWMPulseWidthSet  driverlib.lib(pwm.o)
    0x00002390   0x000001e4   Code   RO         1362    i.SysCtlClockGet    driverlib.lib(sysctl.o)
    0x00002574   0x00000138   Code   RO         1363    i.SysCtlClockSet    driverlib.lib(sysctl.o)
    0x000026ac   0x00000014   Code   RO         1365    i.SysCtlFlashSizeGet  driverlib.lib(sysctl.o)
    0x000026c0   0x0000000c   Code   RO         1377    i.SysCtlLDOGet      driverlib.lib(sysctl.o)
    0x000026cc   0x0000000c   Code   RO         1378    i.SysCtlLDOSet      driverlib.lib(sysctl.o)
    0x000026d8   0x00000014   Code   RO         1382    i.SysCtlPWMClockSet  driverlib.lib(sysctl.o)
    0x000026ec   0x00000020   Code   RO         1387    i.SysCtlPeripheralEnable  driverlib.lib(sysctl.o)
    0x0000270c   0x0000000c   Code   RO         1395    i.SysCtlResetCauseGet  driverlib.lib(sysctl.o)
    0x00002718   0x00000014   Code   RO         1396    i.SysCtlSRAMSizeGet  driverlib.lib(sysctl.o)
    0x0000272c   0x0000000e   Code   RO         1623    i.SysTickEnable     driverlib.lib(systick.o)
    0x0000273a   0x0000000e   Code   RO         1625    i.SysTickIntEnable  driverlib.lib(systick.o)
    0x00002748   0x0000000a   Code   RO         1629    i.SysTickPeriodSet  driverlib.lib(systick.o)
    0x00002752   0x0000001c   Code   RO         1685    i.TimerConfigure    driverlib.lib(timer.o)
    0x0000276e   0x00000010   Code   RO         1691    i.TimerDisable      driverlib.lib(timer.o)
    0x0000277e   0x0000000e   Code   RO         1692    i.TimerEnable       driverlib.lib(timer.o)
    0x0000278c   0x00000004   Code   RO         1693    i.TimerIntClear     driverlib.lib(timer.o)
    0x00002790   0x00000008   Code   RO         1695    i.TimerIntEnable    driverlib.lib(timer.o)
    0x00002798   0x0000000a   Code   RO         1697    i.TimerIntStatus    driverlib.lib(timer.o)
    0x000027a2   0x00000012   Code   RO         1700    i.TimerLoadSet      driverlib.lib(timer.o)
    0x000027b4   0x00000010   Code   RO         1856    i.UARTCharGetNonBlocking  driverlib.lib(uart.o)
    0x000027c4   0x0000000c   Code   RO         1857    i.UARTCharPut       driverlib.lib(uart.o)
    0x000027d0   0x0000006e   Code   RO         1861    i.UARTConfigSetExpClk  driverlib.lib(uart.o)
    0x0000283e   0x00000014   Code   RO         1866    i.UARTEnable        driverlib.lib(uart.o)
    0x00002852   0x00000006   Code   RO         1871    i.UARTFIFOLevelSet  driverlib.lib(uart.o)
    0x00002858   0x00000004   Code   RO         1874    i.UARTIntClear      driverlib.lib(uart.o)
    0x0000285c   0x00000008   Code   RO         1876    i.UARTIntEnable     driverlib.lib(uart.o)
    0x00002864   0x0000000a   Code   RO         1878    i.UARTIntStatus     driverlib.lib(uart.o)
    0x0000286e   0x00000002   PAD
    0x00002870   0x00000028   Code   RO         2411    i.__0sprintf$6      mc_w.l(printf6.o)
    0x00002898   0x0000000e   Code   RO         2551    i.__scatterload_copy  mc_w.l(handlers.o)
    0x000028a6   0x00000002   Code   RO         2552    i.__scatterload_null  mc_w.l(handlers.o)
    0x000028a8   0x0000000e   Code   RO         2553    i.__scatterload_zeroinit  mc_w.l(handlers.o)
    0x000028b6   0x00000002   PAD
    0x000028b8   0x00000338   Code   RO         2416    i._printf_core      mc_w.l(printf6.o)
    0x00002bf0   0x00000026   Code   RO         2417    i._printf_post_padding  mc_w.l(printf6.o)
    0x00002c16   0x0000002e   Code   RO         2418    i._printf_pre_padding  mc_w.l(printf6.o)
    0x00002c44   0x0000000a   Code   RO         2420    i._sputc            mc_w.l(printf6.o)
    0x00002c4e   0x000001ae   Data   RO          248    .constdata          nixietubeconfigure.o
    0x00002dfc   0x00000028   Data   RO          280    .constdata          lcdconfigure.o
    0x00002e24   0x00000008   Data   RO          298    .constdata          lcddisplay.o
    0x00002e2c   0x0000065a   Data   RO          508    .constdata          grlib.lib(fontcm14.o)
    0x00003486   0x00000002   PAD
    0x00003488   0x000000c8   Data   RO          509    .constdata          grlib.lib(fontcm14.o)
    0x00003550   0x0000094d   Data   RO          522    .constdata          grlib.lib(fontcm20b.o)
    0x00003e9d   0x00000003   PAD
    0x00003ea0   0x000000c8   Data   RO          523    .constdata          grlib.lib(fontcm20b.o)
    0x00003f68   0x000008e7   Data   RO          536    .constdata          grlib.lib(fontcmsc20.o)
    0x0000484f   0x00000001   PAD
    0x00004850   0x000000c8   Data   RO          537    .constdata          grlib.lib(fontcmsc20.o)
    0x00004918   0x0000080c   Data   RO          550    .constdata          grlib.lib(fontcmss18i.o)
    0x00005124   0x000000c8   Data   RO          551    .constdata          grlib.lib(fontcmss18i.o)
    0x000051ec   0x00000048   Data   RO          665    .constdata          driverlib.lib(gpio.o)
    0x00005234   0x0000009c   Data   RO         1400    .constdata          driverlib.lib(sysctl.o)
    0x000052d0   0x00000020   Data   RO         2549    Region$$Table       anon$$obj.o


    Execution Region RW_IRAM1 (Base: 0x20000000, Size: 0x00000470, Max: 0x00018000, ABSOLUTE)

    Base Addr    Size         Type   Attr      Idx    E Section Name        Object

    0x20000000   0x0000000a   Data   RW           13    .data               main.o
    0x2000000a   0x00000001   Data   RW           14    .data               main.o
    0x2000000b   0x00000001   Data   RW           15    .data               main.o
    0x2000000c   0x00000001   Data   RW           16    .data               main.o
    0x2000000d   0x00000001   Data   RW           17    .data               main.o
    0x2000000e   0x00000001   Data   RW           18    .data               main.o
    0x2000000f   0x00000001   Data   RW           19    .data               main.o
    0x20000010   0x00000004   Data   RW          169    .data               sysctlconfigure.o
    0x20000014   0x0000000c   Data   RW          249    .data               nixietubeconfigure.o
    0x20000020   0x00000001   Data   RW          250    .data               nixietubeconfigure.o
    0x20000021   0x00000001   Data   RW          299    .data               lcddisplay.o
    0x20000022   0x00000001   Data   RW          300    .data               lcddisplay.o
    0x20000023   0x00000006   Data   RW          319    .data               systickisr.o
    0x20000029   0x00000001   Data   RW          466    .data               i2cisr.o
    0x2000002a   0x00000002   PAD
    0x2000002c   0x0000001c   Zero   RW           12    .bss                main.o
    0x20000048   0x00000028   Zero   RW          318    .bss                systickisr.o
    0x20000070   0x00000400   Zero   RW            1    STACK               startup.o


==============================================================================

Image component sizes


      Code (inc. data)   RO Data    RW Data    ZI Data      Debug   Object Name

       624         48          0          0          0       2021   gpiodriverconfigure.o
       416         40          0          0          0       1471   i2cconfigure.o
       176         34          0          1          0        794   i2cisr.o
      1294         12         40          0          0       3873   lcdconfigure.o
      1148        386          8          2          0       2105   lcddisplay.o
       564        104          0         16         28      18388   main.o
       316         16        430         13          0       1798   nixietubeconfigure.o
       180         12          0          0          0        728   pwmconfigure.o
       268        258          0          0       1024        244   startup.o
        32          8          0          4          0        641   sysctlconfigure.o
        28          4          0          0          0        437   systickconfigure.o
       504         86          0          6         40       1795   systickisr.o
       112         16          0          0          0        467   timerconfigure.o
       264         54          0          0          0        798   timerisr.o
       864        420          0          0          0       1799   uartconfigure.o
       112         22          0          0          0        584   uartisr.o

    ----------------------------------------------------------------------
      6904       1520        510         44       1092      37943   Object Totals
         0          0         32          0          0          0   (incl. Generated)
         2          0          0          2          0          3   (incl. Padding)

    ----------------------------------------------------------------------

      Code (inc. data)   RO Data    RW Data    ZI Data      Debug   Library Member Name

        26          0          0          0          0        316   cpu.o
       440         10         72          0          0       8771   gpio.o
       152         10          0          0          0       5230   i2c.o
       114          0          0          0          0        994   interrupt.o
       124          0          0          0          0       2963   pwm.o
       930        110        156          0          0       6252   sysctl.o
        38          0          0          0          0       1170   systick.o
        98          0          0          0          0       3259   timer.o
       186          0          0          0          0       4508   uart.o
        32          0          0          0          0      15504   context.o
         0          0       1826          0          0      15214   fontcm14.o
         0          0       2581          0          0      15218   fontcm20b.o
         0          0       2479          0          0      15226   fontcmsc20.o
         0          0       2260          0          0      15222   fontcmss18i.o
       170          0          0          0          0       1890   line.o
       288          0          0          0          0       1883   rectangle.o
       744          0          0          0          0       3250   string.o
         0          0          0          0          0          0   entry.o
         8          4          0          0          0          0   entry2.o
         4          0          0          0          0          0   entry5.o
         8          4          0          0          0          0   entry7.o
        30          0          0          0          0          0   handlers.o
        36          8          0          0          0         68   init.o
       958         12          0          0          0        420   printf6.o
        44          0          0          0          0         80   uidiv.o

    ----------------------------------------------------------------------
      4438        158       9380          0          0     117438   Library Totals
         8          0          6          0          0          0   (incl. Padding)

    ----------------------------------------------------------------------

      Code (inc. data)   RO Data    RW Data    ZI Data      Debug   Library Name

      2108        130        228          0          0      33463   driverlib.lib
      1234          0       9146          0          0      83407   grlib.lib
      1088         28          0          0          0        568   mc_w.l

    ----------------------------------------------------------------------
      4438        158       9380          0          0     117438   Library Totals

    ----------------------------------------------------------------------

==============================================================================


      Code (inc. data)   RO Data    RW Data    ZI Data      Debug   

     11342       1678       9890         44       1092     151496   Grand Totals
     11342       1678       9890         44       1092     151496   ELF Image Totals
     11342       1678       9890         44          0          0   ROM Totals

==============================================================================

    Total RO  Size (Code + RO Data)                21232 (  20.73kB)
    Total RW  Size (RW Data + ZI Data)              1136 (   1.11kB)
    Total ROM Size (Code + RO Data + RW Data)      21276 (  20.78kB)

==============================================================================

